Archive member included to satisfy reference by file (symbol)

d:/mounriver/mounriver_studio2/resources/app/resources/win32/components/wch/toolchain/risc-v embedded gcc12/bin/../lib/gcc/riscv-wch-elf/12.2.0/rv32imac_zba_zbb_zbc_zbs_xw/ilp32\libgcc.a(_udivdi3.o)
                              ./Peripheral/src/ch32h417_usart.o (__udivdi3)
d:/mounriver/mounriver_studio2/resources/app/resources/win32/components/wch/toolchain/risc-v embedded gcc12/bin/../lib/gcc/riscv-wch-elf/12.2.0/rv32imac_zba_zbb_zbc_zbs_xw/ilp32\libgcc.a(_umoddi3.o)
                              ./Common/xprintf.o (__umoddi3)
d:/mounriver/mounriver_studio2/resources/app/resources/win32/components/wch/toolchain/risc-v embedded gcc12/bin/../lib/gcc/riscv-wch-elf/12.2.0/rv32imac_zba_zbb_zbc_zbs_xw/ilp32\libgcc.a(adddf3.o)
                              ./Common/xprintf.o (__adddf3)
d:/mounriver/mounriver_studio2/resources/app/resources/win32/components/wch/toolchain/risc-v embedded gcc12/bin/../lib/gcc/riscv-wch-elf/12.2.0/rv32imac_zba_zbb_zbc_zbs_xw/ilp32\libgcc.a(divdf3.o)
                              ./Common/xprintf.o (__divdf3)
d:/mounriver/mounriver_studio2/resources/app/resources/win32/components/wch/toolchain/risc-v embedded gcc12/bin/../lib/gcc/riscv-wch-elf/12.2.0/rv32imac_zba_zbb_zbc_zbs_xw/ilp32\libgcc.a(eqdf2.o)
                              ./Common/xprintf.o (__nedf2)
d:/mounriver/mounriver_studio2/resources/app/resources/win32/components/wch/toolchain/risc-v embedded gcc12/bin/../lib/gcc/riscv-wch-elf/12.2.0/rv32imac_zba_zbb_zbc_zbs_xw/ilp32\libgcc.a(gedf2.o)
                              ./Common/xprintf.o (__gedf2)
d:/mounriver/mounriver_studio2/resources/app/resources/win32/components/wch/toolchain/risc-v embedded gcc12/bin/../lib/gcc/riscv-wch-elf/12.2.0/rv32imac_zba_zbb_zbc_zbs_xw/ilp32\libgcc.a(ledf2.o)
                              ./Common/xprintf.o (__ledf2)
d:/mounriver/mounriver_studio2/resources/app/resources/win32/components/wch/toolchain/risc-v embedded gcc12/bin/../lib/gcc/riscv-wch-elf/12.2.0/rv32imac_zba_zbb_zbc_zbs_xw/ilp32\libgcc.a(muldf3.o)
                              ./Common/xprintf.o (__muldf3)
d:/mounriver/mounriver_studio2/resources/app/resources/win32/components/wch/toolchain/risc-v embedded gcc12/bin/../lib/gcc/riscv-wch-elf/12.2.0/rv32imac_zba_zbb_zbc_zbs_xw/ilp32\libgcc.a(subdf3.o)
                              ./Common/xprintf.o (__subdf3)
d:/mounriver/mounriver_studio2/resources/app/resources/win32/components/wch/toolchain/risc-v embedded gcc12/bin/../lib/gcc/riscv-wch-elf/12.2.0/rv32imac_zba_zbb_zbc_zbs_xw/ilp32\libgcc.a(unorddf2.o)
                              ./Common/xprintf.o (__unorddf2)
d:/mounriver/mounriver_studio2/resources/app/resources/win32/components/wch/toolchain/risc-v embedded gcc12/bin/../lib/gcc/riscv-wch-elf/12.2.0/rv32imac_zba_zbb_zbc_zbs_xw/ilp32\libgcc.a(fixdfsi.o)
                              ./Common/xprintf.o (__fixdfsi)
d:/mounriver/mounriver_studio2/resources/app/resources/win32/components/wch/toolchain/risc-v embedded gcc12/bin/../lib/gcc/riscv-wch-elf/12.2.0/rv32imac_zba_zbb_zbc_zbs_xw/ilp32\libgcc.a(floatsidf.o)
                              ./Common/xprintf.o (__floatsidf)
d:/mounriver/mounriver_studio2/resources/app/resources/win32/components/wch/toolchain/risc-v embedded gcc12/bin/../lib/gcc/riscv-wch-elf/12.2.0/rv32imac_zba_zbb_zbc_zbs_xw/ilp32\libgcc.a(_clz.o)
                              d:/mounriver/mounriver_studio2/resources/app/resources/win32/components/wch/toolchain/risc-v embedded gcc12/bin/../lib/gcc/riscv-wch-elf/12.2.0/rv32imac_zba_zbb_zbc_zbs_xw/ilp32\libgcc.a(_udivdi3.o) (__clz_tab)
d:/mounriver/mounriver_studio2/resources/app/resources/win32/components/wch/toolchain/risc-v embedded gcc12/bin/../lib/gcc/riscv-wch-elf/12.2.0/../../../../riscv-wch-elf/lib/rv32imac_zba_zbb_zbc_zbs_xw/ilp32\libg_nano.a(lib_a-memcmp.o)
                              ./Common/wav.o (memcmp)
d:/mounriver/mounriver_studio2/resources/app/resources/win32/components/wch/toolchain/risc-v embedded gcc12/bin/../lib/gcc/riscv-wch-elf/12.2.0/../../../../riscv-wch-elf/lib/rv32imac_zba_zbb_zbc_zbs_xw/ilp32\libg_nano.a(lib_a-memcpy-asm.o)
                              ./Common/fifo.o (memcpy)
d:/mounriver/mounriver_studio2/resources/app/resources/win32/components/wch/toolchain/risc-v embedded gcc12/bin/../lib/gcc/riscv-wch-elf/12.2.0/../../../../riscv-wch-elf/lib/rv32imac_zba_zbb_zbc_zbs_xw/ilp32\libg_nano.a(lib_a-memset.o)
                              ./Common/memtester/src/memtester.o (memset)
d:/mounriver/mounriver_studio2/resources/app/resources/win32/components/wch/toolchain/risc-v embedded gcc12/bin/../lib/gcc/riscv-wch-elf/12.2.0/../../../../riscv-wch-elf/lib/rv32imac_zba_zbb_zbc_zbs_xw/ilp32\libg_nano.a(lib_a-printf.o)
                              ./Common/hardware.o (printf)
[...]
Memory Configuration

Name             Origin             Length             Attributes
FLASH            0x0000000000000000 0x0000000000010000 xr
RAM_CODE         0x0000000020100000 0x0000000000010000 xrw
RAM              0x0000000020110100 0x000000000006ff00 xrw
RAM_LOAD         0x0000000020110000 0x0000000000000100 xrw
*default*        0x0000000000000000 0xffffffffffffffff

Linker script and memory map

LOAD ./User/ch32h417_it.o
LOAD ./User/main.o
LOAD ./User/system_ch32h417.o
LOAD ./Startup/startup_ch32h417_v3f.o
LOAD ./Peripheral/src/ch32h417_adc.o
LOAD ./Peripheral/src/ch32h417_can.o
LOAD ./Peripheral/src/ch32h417_crc.o
LOAD ./Peripheral/src/ch32h417_dac.o
LOAD ./Peripheral/src/ch32h417_dbgmcu.o
LOAD ./Peripheral/src/ch32h417_dfsdm.o
LOAD ./Peripheral/src/ch32h417_dma.o
LOAD ./Peripheral/src/ch32h417_dvp.o
LOAD ./Peripheral/src/ch32h417_ecdc.o
LOAD ./Peripheral/src/ch32h417_eth.o
LOAD ./Peripheral/src/ch32h417_exti.o
LOAD ./Peripheral/src/ch32h417_flash.o
LOAD ./Peripheral/src/ch32h417_fmc.o
LOAD ./Peripheral/src/ch32h417_gpha.o
LOAD ./Peripheral/src/ch32h417_gpio.o
LOAD ./Peripheral/src/ch32h417_hsadc.o
LOAD ./Peripheral/src/ch32h417_hsem.o
LOAD ./Peripheral/src/ch32h417_i2c.o
LOAD ./Peripheral/src/ch32h417_i3c.o
LOAD ./Peripheral/src/ch32h417_ipc.o
LOAD ./Peripheral/src/ch32h417_iwdg.o
LOAD ./Peripheral/src/ch32h417_lptim.o
LOAD ./Peripheral/src/ch32h417_ltdc.o
LOAD ./Peripheral/src/ch32h417_opa.o
LOAD ./Peripheral/src/ch32h417_pwr.o
LOAD ./Peripheral/src/ch32h417_qspi.o
LOAD ./Peripheral/src/ch32h417_rcc.o
LOAD ./Peripheral/src/ch32h417_rng.o
LOAD ./Peripheral/src/ch32h417_rtc.o
LOAD ./Peripheral/src/ch32h417_sai.o
LOAD ./Peripheral/src/ch32h417_sdio.o
LOAD ./Peripheral/src/ch32h417_sdmmc.o
LOAD ./Peripheral/src/ch32h417_serdes.o
LOAD ./Peripheral/src/ch32h417_spi.o
LOAD ./Peripheral/src/ch32h417_swpmi.o
LOAD ./Peripheral/src/ch32h417_tim.o
LOAD ./Peripheral/src/ch32h417_usart.o
LOAD ./Peripheral/src/ch32h417_wwdg.o
LOAD ./Core/core_riscv.o
LOAD ./Common/memtester/src/memtester.o
LOAD ./Common/memtester/src/memtester_tests.o
LOAD ./Common/Debug/debug.o
LOAD ./Common/adc_echo.o
LOAD ./Common/fifo.o
LOAD ./Common/hardware.o
LOAD ./Common/pdm_mic.o
LOAD ./Common/sai_spk.o
LOAD ./Common/sdram.o
LOAD ./Common/shell.o
LOAD ./Common/shell_func.o
LOAD ./Common/systick.o
LOAD ./Common/uart.o
LOAD ./Common/wav.o
LOAD ./Common/xmodem.o
LOAD ./Common/xprintf.o
LOAD d:/mounriver/mounriver_studio2/resources/app/resources/win32/components/wch/toolchain/risc-v embedded gcc12/bin/../lib/gcc/riscv-wch-elf/12.2.0/../../../../riscv-wch-elf/lib/rv32imac_zba_zbb_zbc_zbs_xw/ilp32\libm_nano.a
LOAD d:/mounriver/mounriver_studio2/resources/app/resources/win32/components/wch/toolchain/risc-v embedded gcc12/bin/../lib/gcc/riscv-wch-elf/12.2.0/rv32imac_zba_zbb_zbc_zbs_xw/ilp32\libgcc.a
LOAD d:/mounriver/mounriver_studio2/resources/app/resources/win32/components/wch/toolchain/risc-v embedded gcc12/bin/../lib/gcc/riscv-wch-elf/12.2.0/../../../../riscv-wch-elf/lib/rv32imac_zba_zbb_zbc_zbs_xw/ilp32\libg_nano.a
LOAD d:/mounriver/mounriver_studio2/resources/app/resources/win32/components/wch/toolchain/risc-v embedded gcc12/bin/../lib/gcc/riscv-wch-elf/12.2.0/../../../../riscv-wch-elf/lib/rv32imac_zba_zbb_zbc_zbs_xw/ilp32\libc_nano.a
LOAD d:/mounriver/mounriver_studio2/resources/app/resources/win32/components/wch/toolchain/risc-v embedded gcc12/bin/../lib/gcc/riscv-wch-elf/12.2.0/rv32imac_zba_zbb_zbc_zbs_xw/ilp32\libgcc.a
START GROUP
LOAD d:/mounriver/mounriver_studio2/resources/app/resources/win32/components/wch/toolchain/risc-v embedded gcc12/bin/../lib/gcc/riscv-wch-elf/12.2.0/rv32imac_zba_zbb_zbc_zbs_xw/ilp32\libgcc.a
LOAD d:/mounriver/mounriver_studio2/resources/app/resources/win32/components/wch/toolchain/risc-v embedded gcc12/bin/../lib/gcc/riscv-wch-elf/12.2.0/../../../../riscv-wch-elf/lib/rv32imac_zba_zbb_zbc_zbs_xw/ilp32\libc_nano.a
LOAD d:/mounriver/mounriver_studio2/resources/app/resources/win32/components/wch/toolchain/risc-v embedded gcc12/bin/../lib/gcc/riscv-wch-elf/12.2.0/../../../../riscv-wch-elf/lib/rv32imac_zba_zbb_zbc_zbs_xw/ilp32\libnosys.a
END GROUP
START GROUP
LOAD d:/mounriver/mounriver_studio2/resources/app/resources/win32/components/wch/toolchain/risc-v embedded gcc12/bin/../lib/gcc/riscv-wch-elf/12.2.0/rv32imac_zba_zbb_zbc_zbs_xw/ilp32\libgcc.a
LOAD d:/mounriver/mounriver_studio2/resources/app/resources/win32/components/wch/toolchain/risc-v embedded gcc12/bin/../lib/gcc/riscv-wch-elf/12.2.0/../../../../riscv-wch-elf/lib/rv32imac_zba_zbb_zbc_zbs_xw/ilp32\libc_nano.a
LOAD d:/mounriver/mounriver_studio2/resources/app/resources/win32/components/wch/toolchain/risc-v embedded gcc12/bin/../lib/gcc/riscv-wch-elf/12.2.0/../../../../riscv-wch-elf/lib/rv32imac_zba_zbb_zbc_zbs_xw/ilp32\libnosys.a
END GROUP
                0x0000000000000800                __stack_size = 0x800
                [!provide]                        PROVIDE (_stack_size = __stack_size)

.init           0x0000000000000000        0x8
                0x0000000000000000                _sinit = .
                0x0000000000000000                . = ALIGN (0x4)
 *(SORT_NONE(.init))
 .init          0x0000000000000000        0x6 ./Startup/startup_ch32h417_v3f.o
                0x0000000000000000                _start
                0x0000000000000008                . = ALIGN (0x4)
 *fill*         0x0000000000000006        0x2 
                0x0000000000000008                _einit = .

.loadcodelalign
                0x0000000000000008        0x0
                0x0000000000000008                . = ALIGN (0x4)
                0x0000000000000008                PROVIDE (_loadcode_lma = .)

.loadcode       0x0000000020110000       0xec load address 0x0000000000000008
                0x0000000020110000                . = ALIGN (0x4)
                0x0000000020110000                PROVIDE (_loadcode_vma_start = .)
 *(.load)
 .load          0x0000000020110000       0xea ./Startup/startup_ch32h417_v3f.o
                0x00000000201100ec                . = ALIGN (0x4)
 *fill*         0x00000000201100ea        0x2 
                0x00000000201100ec                PROVIDE (_loadcode_vma_end = .)

.highcodelalign
                0x00000000000000f4        0x0
                0x00000000000000f4                . = ALIGN (0x4)
                0x00000000000000f4                PROVIDE (_highcode_lma = .)

.highcode       0x0000000020100000     0x5110 load address 0x00000000000000f4
                0x0000000020100000                . = ALIGN (0x4)
                0x0000000020100000                PROVIDE (_highcode_vma_start = .)
 *(.vector)
 .vector        0x0000000020100000      0x254 ./Startup/startup_ch32h417_v3f.o
 *(SORT_NONE(.vector_handler))
 *(.text)
 .text          0x0000000020100254       0x16 d:/mounriver/mounriver_studio2/resources/app/resources/win32/components/wch/toolchain/risc-v embedded gcc12/bin/../lib/gcc/riscv-wch-elf/12.2.0/../../../../riscv-wch-elf/lib/rv32imac_zba_zbb_zbc_zbs_xw/ilp32\libg_nano.a(lib_a-memcpy-asm.o)
                0x0000000020100254                memcpy
 .text          0x000000002010026a       0x10 d:/mounriver/mounriver_studio2/resources/app/resources/win32/components/wch/toolchain/risc-v embedded gcc12/bin/../lib/gcc/riscv-wch-elf/12.2.0/../../../../riscv-wch-elf/lib/rv32imac_zba_zbb_zbc_zbs_xw/ilp32\libg_nano.a(lib_a-memset.o)
                0x000000002010026a                memset
 *(.text.*)
 .text.NMI_Handler
                0x000000002010027a        0x8 ./User/ch32h417_it.o
                0x000000002010027a                NMI_Handler
 .text.HardFault_Handler
                0x0000000020100282       0x18 ./User/ch32h417_it.o
                0x0000000020100282                HardFault_Handler
 .text.main     0x000000002010029a       0x74 ./User/main.o
                0x000000002010029a                main
 .text.SystemInit
                0x000000002010030e       0xfc ./User/system_ch32h417.o
                0x000000002010030e                SystemInit
 .text.SetSysClock
                0x000000002010040a       0x18 ./User/system_ch32h417.o
 .text.SystemAndCoreClockUpdate
                0x0000000020100422      0x3ba ./User/system_ch32h417.o
                0x0000000020100422                SystemAndCoreClockUpdate
 .text.SetSYSCLK_295M_CoreCLK_V5F_295M_V3F_147M_HSE
                0x00000000201007dc      0x1fc ./User/system_ch32h417.o
 .text.vector_handler
                0x00000000201009d8        0x2 ./Startup/startup_ch32h417_v3f.o
                0x00000000201009d8                TIM8_TRG_COM_IRQHandler
                0x00000000201009d8                TIM8_CC_IRQHandler
                0x00000000201009d8                USART_WKUP_IRQHandler
                0x00000000201009d8                SPI4_IRQHandler
                0x00000000201009d8                DFSDM0_IRQHandler
                0x00000000201009d8                TIM1_CC_IRQHandler
                0x00000000201009d8                TIM10_IRQHandler
                0x00000000201009d8                IPC_CH2_Handler
                0x00000000201009d8                USBPD_IRQHandler
                0x00000000201009d8                TIM6_IRQHandler
                0x00000000201009d8                CAN3_RX1_IRQHandler
                0x00000000201009d8                I3C_ER_IRQHandler
                0x00000000201009d8                SDIO_IRQHandler
                0x00000000201009d8                DMA2_Channel8_IRQHandler
                0x00000000201009d8                CAN2_RX1_IRQHandler
                0x00000000201009d8                HSEM_Handler
                0x00000000201009d8                USBHS_IRQHandler
                0x00000000201009d8                LPTIM2_IRQHandler
                0x00000000201009d8                USBFSWakeup_IRQHandler
                0x00000000201009d8                I2C3_ER_IRQHandler
                0x00000000201009d8                USBFS_IRQHandler
                0x00000000201009d8                USART8_IRQHandler
                0x00000000201009d8                I2C2_EV_IRQHandler
                0x00000000201009d8                CAN1_RX0_IRQHandler
                0x00000000201009d8                CAN3_SCE_IRQHandler
                0x00000000201009d8                CAN2_SCE_IRQHandler
                0x00000000201009d8                ADC1_2_IRQHandler
                0x00000000201009d8                Break_Point_Handler
                0x00000000201009d8                IPC_CH0_Handler
                0x00000000201009d8                SPI1_IRQHandler
                0x00000000201009d8                USART5_IRQHandler
                0x00000000201009d8                EXTI7_0_IRQHandler
                0x00000000201009d8                CAN2_RX0_IRQHandler
                0x00000000201009d8                TIM8_UP_IRQHandler
                0x00000000201009d8                Ecall_M_Mode_Handler
                0x00000000201009d8                ECDC_IRQHandler
                0x00000000201009d8                SDMMC_IRQHandler
                0x00000000201009d8                USART7_IRQHandler
                0x00000000201009d8                DMA2_Channel2_IRQHandler
                0x00000000201009d8                DMA1_Channel4_IRQHandler
                0x00000000201009d8                CAN3_RX0_IRQHandler
                0x00000000201009d8                HSADC_IRQHandler
                0x00000000201009d8                USART3_IRQHandler
                0x00000000201009d8                RTC_IRQHandler
                0x00000000201009d8                DMA1_Channel7_IRQHandler
                0x00000000201009d8                CAN1_RX1_IRQHandler
                0x00000000201009d8                DVP_IRQHandler
                0x00000000201009d8                USBSS_IRQHandler
                0x00000000201009d8                SWPMI_IRQHandler
                0x00000000201009d8                USBPDWakeUp_IRQHandler
                0x00000000201009d8                EXTI15_8_IRQHandler
                0x00000000201009d8                TIM4_IRQHandler
                0x00000000201009d8                DMA2_Channel1_IRQHandler
                0x00000000201009d8                SWPMI_WKUP_IRQHandler
                0x00000000201009d8                I2C1_EV_IRQHandler
                0x00000000201009d8                USBSSWakeup_IRQHandler
                0x00000000201009d8                USART4_IRQHandler
                0x00000000201009d8                DMA1_Channel6_IRQHandler
                0x00000000201009d8                DMA2_Channel4_IRQHandler
                0x00000000201009d8                TIM3_IRQHandler
                0x00000000201009d8                RCC_IRQHandler
                0x00000000201009d8                TIM1_TRG_COM_IRQHandler
                0x00000000201009d8                DMA2_Channel7_IRQHandler
                0x00000000201009d8                QSPI1_IRQHandler
                0x00000000201009d8                DMA1_Channel8_IRQHandler
                0x00000000201009d8                IPC_CH3_Handler
                0x00000000201009d8                I3C_EV_IRQHandler
                0x00000000201009d8                I3C_WKUP_IRQHandler
                0x00000000201009d8                TIM12_IRQHandler
                0x00000000201009d8                TIM7_IRQHandler
                0x00000000201009d8                CAN2_TX_IRQHandler
                0x00000000201009d8                TIM5_IRQHandler
                0x00000000201009d8                I2C3_EV_IRQHandler
                0x00000000201009d8                PIOC_IRQHandler
                0x00000000201009d8                TIM9_IRQHandler
                0x00000000201009d8                LTDC_IRQHandler
                0x00000000201009d8                SAI_IRQHandler
                0x00000000201009d8                ETH_WKUP_IRQHandler
                0x00000000201009d8                SPI2_IRQHandler
                0x00000000201009d8                IPC_CH1_Handler
                0x00000000201009d8                LPTIM1_WKUP_IRQHandler
                0x00000000201009d8                CAN1_TX_IRQHandler
                0x00000000201009d8                DMA2_Channel5_IRQHandler
                0x00000000201009d8                DMA1_Channel5_IRQHandler
                0x00000000201009d8                QSPI2_IRQHandler
                0x00000000201009d8                RNG_IRQHandler
                0x00000000201009d8                ETH_IRQHandler
                0x00000000201009d8                TIM1_UP_IRQHandler
                0x00000000201009d8                WWDG_IRQHandler
                0x00000000201009d8                USBHSWakeup_IRQHandler
                0x00000000201009d8                Ecall_U_Mode_Handler
                0x00000000201009d8                I2C4_EV_IRQHandler
                0x00000000201009d8                CAN3_TX_IRQHandler
                0x00000000201009d8                DMA2_Channel6_IRQHandler
                0x00000000201009d8                TIM2_IRQHandler
                0x00000000201009d8                SW_Handler
                0x00000000201009d8                TIM1_BRK_IRQHandler
                0x00000000201009d8                GPHA_IRQHandler
                0x00000000201009d8                LPTIM2_WKUP_IRQHandler
                0x00000000201009d8                RTCAlarm_IRQHandler
                0x00000000201009d8                TIM11_IRQHandler
                0x00000000201009d8                USART2_IRQHandler
                0x00000000201009d8                UHSIF_IRQHandler
                0x00000000201009d8                I2C2_ER_IRQHandler
                0x00000000201009d8                TIM8_BRK_IRQHandler
                0x00000000201009d8                CAN1_SCE_IRQHandler
                0x00000000201009d8                FLASH_IRQHandler
                0x00000000201009d8                USART1_IRQHandler
                0x00000000201009d8                SPI3_IRQHandler
                0x00000000201009d8                I2C1_ER_IRQHandler
                0x00000000201009d8                FMC_IRQHandler
                0x00000000201009d8                SysTick1_Handler
                0x00000000201009d8                LPTIM1_IRQHandler
                0x00000000201009d8                DFSDM1_IRQHandler
                0x00000000201009d8                I2C4_ER_IRQHandler
                0x00000000201009d8                SERDES_IRQHandler
                0x00000000201009d8                USBSS_LINK_IRQHandler
                0x00000000201009d8                DMA2_Channel3_IRQHandler
 .text.DMA_GetITStatus
                0x00000000201009da       0x4a ./Peripheral/src/ch32h417_dma.o
                0x00000000201009da                DMA_GetITStatus
 .text.DMA_ClearITPendingBit
                0x0000000020100a24       0x20 ./Peripheral/src/ch32h417_dma.o
                0x0000000020100a24                DMA_ClearITPendingBit
 .text.FLASH_GetUserOptionByte
                0x0000000020100a44       0x16 ./Peripheral/src/ch32h417_flash.o
                0x0000000020100a44                FLASH_GetUserOptionByte
 .text.FLASH_BOOT_GetMode
                0x0000000020100a5a       0x36 ./Peripheral/src/ch32h417_flash.o
                0x0000000020100a5a                FLASH_BOOT_GetMode
 .text.GPIO_Init
                0x0000000020100a90      0x2ba ./Peripheral/src/ch32h417_gpio.o
                0x0000000020100a90                GPIO_Init
 .text.GPIO_IPD_Unused
                0x0000000020100d4a      0x434 ./Peripheral/src/ch32h417_gpio.o
                0x0000000020100d4a                GPIO_IPD_Unused
 .text.RCC_HB2PeriphClockCmd
                0x000000002010117e       0x46 ./Peripheral/src/ch32h417_rcc.o
                0x000000002010117e                RCC_HB2PeriphClockCmd
 .text.RCC_HB1PeriphClockCmd
                0x00000000201011c4       0x46 ./Peripheral/src/ch32h417_rcc.o
                0x00000000201011c4                RCC_HB1PeriphClockCmd
 .text.USART_ReceiveData
                0x000000002010120a       0x24 ./Peripheral/src/ch32h417_usart.o
                0x000000002010120a                USART_ReceiveData
 .text.USART_GetITStatus
                0x000000002010122e      0x126 ./Peripheral/src/ch32h417_usart.o
                0x000000002010122e                USART_GetITStatus
 .text.fifo_in  0x0000000020101354      0x17a ./Common/fifo.o
                0x0000000020101354                fifo_in
 .text.fifo_out
                0x00000000201014ce      0x12e ./Common/fifo.o
                0x00000000201014ce                fifo_out
 .text.fifo_getlen
                0x00000000201015fc       0x22 ./Common/fifo.o
                0x00000000201015fc                fifo_getlen
 .text.DMA1_Channel2_IRQHandler
                0x000000002010161e      0x210 ./Common/pdm_mic.o
                0x000000002010161e                DMA1_Channel2_IRQHandler
 .text.DMA1_Channel1_IRQHandler
                0x000000002010182e      0x1f4 ./Common/pdm_mic.o
                0x000000002010182e                DMA1_Channel1_IRQHandler
 .text.DMA1_Channel3_IRQHandler
                0x0000000020101a22      0x194 ./Common/sai_spk.o
                0x0000000020101a22                DMA1_Channel3_IRQHandler
 .text.systick_init
                0x0000000020101bb6       0x84 ./Common/systick.o
                0x0000000020101bb6                systick_init
 .text.SysTick0_Handler
                0x0000000020101c3a       0x36 ./Common/systick.o
                0x0000000020101c3a                SysTick0_Handler
 .text.systick_get_cnt
                0x0000000020101c70       0x12 ./Common/systick.o
                0x0000000020101c70                systick_get_cnt
 .text.systick_delay_ms
                0x0000000020101c82       0x32 ./Common/systick.o
                0x0000000020101c82                systick_delay_ms
 .text.USART6_IRQHandler
                0x0000000020101cb4       0x4e ./Common/uart.o
                0x0000000020101cb4                USART6_IRQHandler
 .text.ilog10   0x0000000020101d02      0x15a ./Common/xprintf.o
 .text.i10x     0x0000000020101e5c      0x118 ./Common/xprintf.o
 .text.ftoa     0x0000000020101f74      0x460 ./Common/xprintf.o
 .text.xfputc   0x00000000201023d4       0x5a ./Common/xprintf.o
                0x00000000201023d4                xfputc
 .text.xvfprintf
                0x000000002010242e      0x6be ./Common/xprintf.o
 .text.xprintf  0x0000000020102aec       0x4e ./Common/xprintf.o
                0x0000000020102aec                xprintf
 .text.__udivdi3
                0x0000000020102b3a      0x39a d:/mounriver/mounriver_studio2/resources/app/resources/win32/components/wch/toolchain/risc-v embedded gcc12/bin/../lib/gcc/riscv-wch-elf/12.2.0/rv32imac_zba_zbb_zbc_zbs_xw/ilp32\libgcc.a(_udivdi3.o)
                0x0000000020102b3a                __udivdi3
 .text.__umoddi3
                0x0000000020102ed4      0x382 d:/mounriver/mounriver_studio2/resources/app/resources/win32/components/wch/toolchain/risc-v embedded gcc12/bin/../lib/gcc/riscv-wch-elf/12.2.0/rv32imac_zba_zbb_zbc_zbs_xw/ilp32\libgcc.a(_umoddi3.o)
                0x0000000020102ed4                __umoddi3
 .text.__adddf3
                0x0000000020103256      0x706 d:/mounriver/mounriver_studio2/resources/app/resources/win32/components/wch/toolchain/risc-v embedded gcc12/bin/../lib/gcc/riscv-wch-elf/12.2.0/rv32imac_zba_zbb_zbc_zbs_xw/ilp32\libgcc.a(adddf3.o)
                0x0000000020103256                __adddf3
 .text.__divdf3
                0x000000002010395c      0x56e d:/mounriver/mounriver_studio2/resources/app/resources/win32/components/wch/toolchain/risc-v embedded gcc12/bin/../lib/gcc/riscv-wch-elf/12.2.0/rv32imac_zba_zbb_zbc_zbs_xw/ilp32\libgcc.a(divdf3.o)
                0x000000002010395c                __divdf3
 .text.__eqdf2  0x0000000020103eca       0x6c d:/mounriver/mounriver_studio2/resources/app/resources/win32/components/wch/toolchain/risc-v embedded gcc12/bin/../lib/gcc/riscv-wch-elf/12.2.0/rv32imac_zba_zbb_zbc_zbs_xw/ilp32\libgcc.a(eqdf2.o)
                0x0000000020103eca                __nedf2
                0x0000000020103eca                __eqdf2
 .text.__gedf2  0x0000000020103f36       0xbe d:/mounriver/mounriver_studio2/resources/app/resources/win32/components/wch/toolchain/risc-v embedded gcc12/bin/../lib/gcc/riscv-wch-elf/12.2.0/rv32imac_zba_zbb_zbc_zbs_xw/ilp32\libgcc.a(gedf2.o)
                0x0000000020103f36                __gedf2
                0x0000000020103f36                __gtdf2
 .text.__ledf2  0x0000000020103ff4       0xbc d:/mounriver/mounriver_studio2/resources/app/resources/win32/components/wch/toolchain/risc-v embedded gcc12/bin/../lib/gcc/riscv-wch-elf/12.2.0/rv32imac_zba_zbb_zbc_zbs_xw/ilp32\libgcc.a(ledf2.o)
                0x0000000020103ff4                __ledf2
                0x0000000020103ff4                __ltdf2
 .text.__muldf3
                0x00000000201040b0      0x508 d:/mounriver/mounriver_studio2/resources/app/resources/win32/components/wch/toolchain/risc-v embedded gcc12/bin/../lib/gcc/riscv-wch-elf/12.2.0/rv32imac_zba_zbb_zbc_zbs_xw/ilp32\libgcc.a(muldf3.o)
                0x00000000201040b0                __muldf3
 .text.__subdf3
                0x00000000201045b8      0x71e d:/mounriver/mounriver_studio2/resources/app/resources/win32/components/wch/toolchain/risc-v embedded gcc12/bin/../lib/gcc/riscv-wch-elf/12.2.0/rv32imac_zba_zbb_zbc_zbs_xw/ilp32\libgcc.a(subdf3.o)
                0x00000000201045b8                __subdf3
 .text.__unorddf2
                0x0000000020104cd6       0x3e d:/mounriver/mounriver_studio2/resources/app/resources/win32/components/wch/toolchain/risc-v embedded gcc12/bin/../lib/gcc/riscv-wch-elf/12.2.0/rv32imac_zba_zbb_zbc_zbs_xw/ilp32\libgcc.a(unorddf2.o)
                0x0000000020104cd6                __unorddf2
 .text.__fixdfsi
                0x0000000020104d14       0x64 d:/mounriver/mounriver_studio2/resources/app/resources/win32/components/wch/toolchain/risc-v embedded gcc12/bin/../lib/gcc/riscv-wch-elf/12.2.0/rv32imac_zba_zbb_zbc_zbs_xw/ilp32\libgcc.a(fixdfsi.o)
                0x0000000020104d14                __fixdfsi
 .text.__floatsidf
                0x0000000020104d78       0x70 d:/mounriver/mounriver_studio2/resources/app/resources/win32/components/wch/toolchain/risc-v embedded gcc12/bin/../lib/gcc/riscv-wch-elf/12.2.0/rv32imac_zba_zbb_zbc_zbs_xw/ilp32\libgcc.a(floatsidf.o)
                0x0000000020104d78                __floatsidf
 .text.strlen   0x0000000020104de8       0x10 d:/mounriver/mounriver_studio2/resources/app/resources/win32/components/wch/toolchain/risc-v embedded gcc12/bin/../lib/gcc/riscv-wch-elf/12.2.0/../../../../riscv-wch-elf/lib/rv32imac_zba_zbb_zbc_zbs_xw/ilp32\libg_nano.a(lib_a-strlen.o)
                0x0000000020104de8                strlen
 *(.rodata)
 .rodata        0x0000000020104df8       0x49 ./Common/pdm_mic.o
 *fill*         0x0000000020104e41        0x3 
 .rodata        0x0000000020104e44       0x54 ./Common/sai_spk.o
 *fill*         0x0000000020104e98        0x0 
 .rodata        0x0000000020104e98       0x68 ./Common/xprintf.o
 *(.rodata*)
 .rodata.xvfprintf
                0x0000000020104f00       0xd0 ./Common/xprintf.o
 .rodata.__divdf3
                0x0000000020104fd0       0x40 d:/mounriver/mounriver_studio2/resources/app/resources/win32/components/wch/toolchain/risc-v embedded gcc12/bin/../lib/gcc/riscv-wch-elf/12.2.0/rv32imac_zba_zbb_zbc_zbs_xw/ilp32\libgcc.a(divdf3.o)
 .rodata.__clz_tab
                0x0000000020105010      0x100 d:/mounriver/mounriver_studio2/resources/app/resources/win32/components/wch/toolchain/risc-v embedded gcc12/bin/../lib/gcc/riscv-wch-elf/12.2.0/rv32imac_zba_zbb_zbc_zbs_xw/ilp32\libgcc.a(_clz.o)
                0x0000000020105010                __clz_tab
 *(.sdata2.*)
 *(.glue_7)
 *(.glue_7t)
 *(.gnu.linkonce.t.*)
                0x0000000020105110                . = ALIGN (0x4)
                0x0000000020105110                PROVIDE (_highcode_vma_end = .)

.text           0x0000000000005204       0x84
                0x0000000000005204                . = ALIGN (0x4)
 *(SORT_NONE(.handle_reset))
 .handle_reset  0x0000000000005204       0x82 ./Startup/startup_ch32h417_v3f.o
                0x0000000000005204                handle_reset
                0x0000000000005288                . = ALIGN (0x4)
 *fill*         0x0000000000005286        0x2 

.rela.dyn       0x0000000000005288        0x0
 .rela.init     0x0000000000005288        0x0 ./User/ch32h417_it.o
 .rela.vector   0x0000000000005288        0x0 ./User/ch32h417_it.o
 .rela.load     0x0000000000005288        0x0 ./User/ch32h417_it.o
 .rela.handle_reset
                0x0000000000005288        0x0 ./User/ch32h417_it.o

.highcodelalign1
                0x0000000000005288        0x0
                0x0000000000005288                . = ALIGN (0x4)
                0x0000000000005288                PROVIDE (_highcode_lma1 = .)

.fini           0x0000000020105110        0x0 load address 0x0000000000005288
                0x0000000020105110                . = ALIGN (0x4)
                0x0000000020105110                PROVIDE (_highcode_vma_start1 = .)
 *(SORT_NONE(.fini))
                0x0000000020105110                . = ALIGN (0x4)
                [!provide]                        PROVIDE (_etext = .)
                [!provide]                        PROVIDE (_eitcm = .)

.preinit_array  0x0000000020105110        0x0 load address 0x0000000000005288
                [!provide]                        PROVIDE (__preinit_array_start = .)
 *(.preinit_array)
                [!provide]                        PROVIDE (__preinit_array_end = .)

.init_array     0x0000000020105110        0x0 load address 0x0000000000005288
                [!provide]                        PROVIDE (__init_array_start = .)
 *(SORT_BY_INIT_PRIORITY(.init_array.*) SORT_BY_INIT_PRIORITY(.ctors.*))
 *(.init_array EXCLUDE_FILE(*crtend?.o *crtend.o *crtbegin?.o *crtbegin.o) .ctors)
                [!provide]                        PROVIDE (__init_array_end = .)

.fini_array     0x0000000020105110        0x0 load address 0x0000000000005288
                [!provide]                        PROVIDE (__fini_array_start = .)
 *(SORT_BY_INIT_PRIORITY(.fini_array.*) SORT_BY_INIT_PRIORITY(.dtors.*))
 *(.fini_array EXCLUDE_FILE(*crtend?.o *crtend.o *crtbegin?.o *crtbegin.o) .dtors)
                [!provide]                        PROVIDE (__fini_array_end = .)

.ctors
 *crtbegin.o(.ctors)
 *crtbegin?.o(.ctors)
 *(EXCLUDE_FILE(*crtend?.o *crtend.o) .ctors)
 *(SORT_BY_NAME(.ctors.*))
 *(.ctors)

.dtors          0x0000000020105110        0x0 load address 0x0000000000005288
 *crtbegin.o(.dtors)
 *crtbegin?.o(.dtors)
 *(EXCLUDE_FILE(*crtend?.o *crtend.o) .dtors)
 *(SORT_BY_NAME(.dtors.*))
 *(.dtors)
                0x0000000020105110                . = ALIGN (0x4)
                0x0000000020105110                PROVIDE (_highcode_vma_end1 = .)

.dalign         0x0000000020110100        0x0 load address 0x0000000000005288
                0x0000000020110100                . = ALIGN (0x4)
                0x0000000020110100                PROVIDE (_data_vma = .)

.dlalign        0x0000000000005288        0x0
                0x0000000000005288                . = ALIGN (0x4)
                0x0000000000005288                PROVIDE (_data_lma = .)

.data           0x0000000020110100       0xa0 load address 0x0000000000005288
                0x0000000020110100                . = ALIGN (0x4)
 *(.gnu.linkonce.r.*)
 *(.data .data.*)
 .data.PLLMULTB
                0x0000000020110100       0x20 ./User/system_ch32h417.o
 .data.HBPrescTB
                0x0000000020110120       0x10 ./User/system_ch32h417.o
 .data.SERDESPLLMULTB
                0x0000000020110130       0x10 ./User/system_ch32h417.o
 .data.left_fifo_dev
                0x0000000020110140       0x14 ./Common/pdm_mic.o
 .data.right_fifo_dev
                0x0000000020110154       0x14 ./Common/pdm_mic.o
 .data.fifo_dev
                0x0000000020110168       0x14 ./Common/sai_spk.o
 .data.rx_fifo_dev
                0x000000002011017c       0x14 ./Common/uart.o
                0x000000002011017c                rx_fifo_dev
 *(.gnu.linkonce.d.*)
                0x0000000020110190                . = ALIGN (0x8)
                0x0000000020110990                PROVIDE (__global_pointer$ = (. + 0x800))
 *(.sdata .sdata.*)
 .sdata.SystemClock
                0x0000000020110190        0x4 ./User/system_ch32h417.o
                0x0000000020110190                SystemClock
 .sdata.SystemCoreClock
                0x0000000020110194        0x4 ./User/system_ch32h417.o
                0x0000000020110194                SystemCoreClock
 .sdata.FPRETB  0x0000000020110198        0x4 ./User/system_ch32h417.o
 .sdata.over_run
                0x000000002011019c        0x4 ./Common/sai_spk.o
 *(.sdata2.*)
 *(.gnu.linkonce.s.*)
                0x00000000201101a0                . = ALIGN (0x8)
 *(.srodata.cst16)
 *(.srodata.cst8)
 *(.srodata.cst4)
 *(.srodata.cst2)
 *(.srodata .srodata.*)
                0x00000000201101a0                . = ALIGN (0x4)
                0x00000000201101a0                PROVIDE (_edata = .)

.bss            0x00000000201101a0     0x3f00 load address 0x0000000000005328
                0x00000000201101a0                . = ALIGN (0x4)
                0x00000000201101a0                PROVIDE (_sbss = .)
 *(.sbss*)
 .sbss.HCLKClock
                0x00000000201101a0        0x4 ./User/system_ch32h417.o
                0x00000000201101a0                HCLKClock
 .sbss.left_over_run
                0x00000000201101a4        0x4 ./Common/pdm_mic.o
 .sbss.left_over_run_print_flag
                0x00000000201101a8        0x4 ./Common/pdm_mic.o
 .sbss.right_over_run
                0x00000000201101ac        0x4 ./Common/pdm_mic.o
 .sbss.right_over_run_print_flag
                0x00000000201101b0        0x4 ./Common/pdm_mic.o
 .sbss.over_run_print_flag
                0x00000000201101b4        0x4 ./Common/sai_spk.o
 .sbss.g_counter
                0x00000000201101b8        0x4 ./Common/systick.o
                0x00000000201101b8                g_counter
 .sbss.xfunc_output
                0x00000000201101bc        0x4 ./Common/xprintf.o
                0x00000000201101bc                xfunc_output
 .sbss.strptr   0x00000000201101c0        0x4 ./Common/xprintf.o
 *(.gnu.linkonce.sb.*)
 *(.bss*)
 *fill*         0x00000000201101c4       0x1c 
 .bss.PDM_LeftBuffer
                0x00000000201101e0      0x280 ./Common/pdm_mic.o
                0x00000000201101e0                PDM_LeftBuffer
 .bss.PDM_RightBuffer
                0x0000000020110460      0x280 ./Common/pdm_mic.o
                0x0000000020110460                PDM_RightBuffer
 .bss.PDM_LeftTmpBuffer
                0x00000000201106e0       0xa0 ./Common/pdm_mic.o
                0x00000000201106e0                PDM_LeftTmpBuffer
 .bss.PDM_RightTmpBuffer
                0x0000000020110780       0xa0 ./Common/pdm_mic.o
                0x0000000020110780                PDM_RightTmpBuffer
 .bss.left_fifo_buffer
                0x0000000020110820      0xc80 ./Common/pdm_mic.o
 .bss.right_fifo_buffer
                0x00000000201114a0      0xc80 ./Common/pdm_mic.o
 .bss.SAI_Data  0x0000000020112120      0x280 ./Common/sai_spk.o
 .bss.fifo_buffer
                0x00000000201123a0     0x1900 ./Common/sai_spk.o
 .bss.rx_fifo_buffer
                0x0000000020113ca0      0x400 ./Common/uart.o
 *(.gnu.linkonce.b.*)
 *(COMMON*)
                0x00000000201140a0                . = ALIGN (0x4)
                0x00000000201140a0                PROVIDE (_ebss = .)
                0x00000000201140a0                PROVIDE (_end = _ebss)
                [!provide]                        PROVIDE (end = .)

.stack          0x000000002017f800      0x800
                0x000000002017f800                PROVIDE (_heap_end = .)
                0x000000002017f800                . = ALIGN (0x4)
                [!provide]                        PROVIDE (_susrstack = .)
                0x0000000020180000                . = (. + __stack_size)
 *fill*         0x000000002017f800      0x800 
                0x0000000020180000                PROVIDE (_eusrstack = .)
OUTPUT(test_V3F.elf elf32-littleriscv)

.debug_info     0x0000000000000000     0x8aff
 .debug_info    0x0000000000000000      0x3dc ./User/ch32h417_it.o
 .debug_info    0x00000000000003dc      0x6c8 ./User/main.o
 .debug_info    0x0000000000000aa4      0x714 ./User/system_ch32h417.o
 .debug_info    0x00000000000011b8       0x23 ./Startup/startup_ch32h417_v3f.o
 .debug_info    0x00000000000011db      0x52b ./Peripheral/src/ch32h417_dma.o
 .debug_info    0x0000000000001706      0xa0e ./Peripheral/src/ch32h417_flash.o
 .debug_info    0x0000000000002114      0x834 ./Peripheral/src/ch32h417_gpio.o
 .debug_info    0x0000000000002948     0x11f1 ./Peripheral/src/ch32h417_rcc.o
 .debug_info    0x0000000000003b39      0xa1a ./Peripheral/src/ch32h417_usart.o
 .debug_info    0x0000000000004553      0x243 ./Common/fifo.o
 .debug_info    0x0000000000004796     0x158d ./Common/pdm_mic.o
 .debug_info    0x0000000000005d23     0x11ee ./Common/sai_spk.o
 .debug_info    0x0000000000006f11      0x812 ./Common/systick.o
 .debug_info    0x0000000000007723      0xd3e ./Common/uart.o
 .debug_info    0x0000000000008461      0x69e ./Common/xprintf.o

.debug_abbrev   0x0000000000000000     0x1f02
 .debug_abbrev  0x0000000000000000      0x10f ./User/ch32h417_it.o
 .debug_abbrev  0x000000000000010f      0x26e ./User/main.o
 .debug_abbrev  0x000000000000037d      0x21d ./User/system_ch32h417.o
 .debug_abbrev  0x000000000000059a       0x12 ./Startup/startup_ch32h417_v3f.o
 .debug_abbrev  0x00000000000005ac      0x182 ./Peripheral/src/ch32h417_dma.o
 .debug_abbrev  0x000000000000072e      0x244 ./Peripheral/src/ch32h417_flash.o
 .debug_abbrev  0x0000000000000972      0x242 ./Peripheral/src/ch32h417_gpio.o
 .debug_abbrev  0x0000000000000bb4      0x2b9 ./Peripheral/src/ch32h417_rcc.o
 .debug_abbrev  0x0000000000000e6d      0x1ca ./Peripheral/src/ch32h417_usart.o
 .debug_abbrev  0x0000000000001037      0x130 ./Common/fifo.o
 .debug_abbrev  0x0000000000001167      0x3ad ./Common/pdm_mic.o
 .debug_abbrev  0x0000000000001514      0x34d ./Common/sai_spk.o
 .debug_abbrev  0x0000000000001861      0x1ef ./Common/systick.o
 .debug_abbrev  0x0000000000001a50      0x2a0 ./Common/uart.o
 .debug_abbrev  0x0000000000001cf0      0x212 ./Common/xprintf.o

.debug_aranges  0x0000000000000000      0x810
 .debug_aranges
                0x0000000000000000       0x28 ./User/ch32h417_it.o
 .debug_aranges
                0x0000000000000028       0x40 ./User/main.o
 .debug_aranges
                0x0000000000000068       0x38 ./User/system_ch32h417.o
 .debug_aranges
                0x00000000000000a0       0x38 ./Startup/startup_ch32h417_v3f.o
 .debug_aranges
                0x00000000000000d8       0x78 ./Peripheral/src/ch32h417_dma.o
 .debug_aranges
                0x0000000000000150      0x118 ./Peripheral/src/ch32h417_flash.o
 .debug_aranges
                0x0000000000000268       0xa0 ./Peripheral/src/ch32h417_gpio.o
 .debug_aranges
                0x0000000000000308      0x1f0 ./Peripheral/src/ch32h417_rcc.o
 .debug_aranges
                0x00000000000004f8      0x100 ./Peripheral/src/ch32h417_usart.o
 .debug_aranges
                0x00000000000005f8       0x40 ./Common/fifo.o
 .debug_aranges
                0x0000000000000638       0x80 ./Common/pdm_mic.o
 .debug_aranges
                0x00000000000006b8       0x58 ./Common/sai_spk.o
 .debug_aranges
                0x0000000000000710       0x38 ./Common/systick.o
 .debug_aranges
                0x0000000000000748       0x38 ./Common/uart.o
 .debug_aranges
                0x0000000000000780       0x90 ./Common/xprintf.o

.debug_rnglists
                0x0000000000000000      0x836
 .debug_rnglists
                0x0000000000000000       0x1f ./User/ch32h417_it.o
 .debug_rnglists
                0x000000000000001f       0x3a ./User/main.o
 .debug_rnglists
                0x0000000000000059       0x31 ./User/system_ch32h417.o
 .debug_rnglists
                0x000000000000008a       0x27 ./Startup/startup_ch32h417_v3f.o
 .debug_rnglists
                0x00000000000000b1       0x79 ./Peripheral/src/ch32h417_dma.o
 .debug_rnglists
                0x000000000000012a      0x12d ./Peripheral/src/ch32h417_flash.o
 .debug_rnglists
                0x0000000000000257       0xa6 ./Peripheral/src/ch32h417_gpio.o
 .debug_rnglists
                0x00000000000002fd      0x220 ./Peripheral/src/ch32h417_rcc.o
 .debug_rnglists
                0x000000000000051d      0x112 ./Peripheral/src/ch32h417_usart.o
 .debug_rnglists
                0x000000000000062f       0x3a ./Common/fifo.o
 .debug_rnglists
                0x0000000000000669       0x82 ./Common/pdm_mic.o
 .debug_rnglists
                0x00000000000006eb       0x55 ./Common/sai_spk.o
 .debug_rnglists
                0x0000000000000740       0x31 ./Common/systick.o
 .debug_rnglists
                0x0000000000000771       0x31 ./Common/uart.o
 .debug_rnglists
                0x00000000000007a2       0x94 ./Common/xprintf.o

.debug_line     0x0000000000000000     0x93a9
 .debug_line    0x0000000000000000       0xaf ./User/ch32h417_it.o
 .debug_line    0x00000000000000af      0x1a8 ./User/main.o
 .debug_line    0x0000000000000257      0x776 ./User/system_ch32h417.o
 .debug_line    0x00000000000009cd      0x257 ./Startup/startup_ch32h417_v3f.o
 .debug_line    0x0000000000000c24      0x844 ./Peripheral/src/ch32h417_dma.o
 .debug_line    0x0000000000001468     0x1bd7 ./Peripheral/src/ch32h417_flash.o
 .debug_line    0x000000000000303f     0x1125 ./Peripheral/src/ch32h417_gpio.o
 .debug_line    0x0000000000004164     0x1754 ./Peripheral/src/ch32h417_rcc.o
 .debug_line    0x00000000000058b8      0xc38 ./Peripheral/src/ch32h417_usart.o
 .debug_line    0x00000000000064f0      0x425 ./Common/fifo.o
 .debug_line    0x0000000000006915      0xb00 ./Common/pdm_mic.o
 .debug_line    0x0000000000007415      0x5e3 ./Common/sai_spk.o
 .debug_line    0x00000000000079f8      0x1a1 ./Common/systick.o
 .debug_line    0x0000000000007b99      0x293 ./Common/uart.o
 .debug_line    0x0000000000007e2c     0x157d ./Common/xprintf.o

.debug_str      0x0000000000000000     0x2e70
 .debug_str     0x0000000000000000      0x265 ./User/ch32h417_it.o
                                        0x2b4 (size before relaxing)
 .debug_str     0x0000000000000265      0x1af ./User/main.o
                                        0x43d (size before relaxing)
 .debug_str     0x0000000000000414      0x174 ./User/system_ch32h417.o
                                        0x466 (size before relaxing)
 .debug_str     0x0000000000000588       0xb9 ./Startup/startup_ch32h417_v3f.o
 .debug_str     0x0000000000000641      0x2ca ./Peripheral/src/ch32h417_dma.o
                                        0x495 (size before relaxing)
 .debug_str     0x000000000000090b      0x47c ./Peripheral/src/ch32h417_flash.o
                                        0x6eb (size before relaxing)
 .debug_str     0x0000000000000d87      0x362 ./Peripheral/src/ch32h417_gpio.o
                                        0x61c (size before relaxing)
 .debug_str     0x00000000000010e9      0x77c ./Peripheral/src/ch32h417_rcc.o
                                        0xd22 (size before relaxing)
 .debug_str     0x0000000000001865      0x428 ./Peripheral/src/ch32h417_usart.o
                                        0x72e (size before relaxing)
 .debug_str     0x0000000000001c8d       0x5a ./Common/fifo.o
                                        0x1f5 (size before relaxing)
 .debug_str     0x0000000000001ce7      0xd70 ./Common/pdm_mic.o
                                       0x142a (size before relaxing)
 .debug_str     0x0000000000002a57      0x2c2 ./Common/sai_spk.o
                                       0x111a (size before relaxing)
 .debug_str     0x0000000000002d19       0x2e ./Common/systick.o
                                        0x9c1 (size before relaxing)
 .debug_str     0x0000000000002d47       0x6f ./Common/uart.o
                                        0xd15 (size before relaxing)
 .debug_str     0x0000000000002db6       0xba ./Common/xprintf.o
                                        0x25b (size before relaxing)

.debug_line_str
                0x0000000000000000      0x9cc
 .debug_line_str
                0x0000000000000000      0x1e9 ./User/ch32h417_it.o
                                        0x24e (size before relaxing)
 .debug_line_str
                0x00000000000001e9      0x188 ./User/main.o
                                        0x3bd (size before relaxing)
 .debug_line_str
                0x0000000000000371       0x2a ./User/system_ch32h417.o
                                        0x325 (size before relaxing)
 .debug_line_str
                0x000000000000039b       0x64 ./Startup/startup_ch32h417_v3f.o
                                         0xc4 (size before relaxing)
 .debug_line_str
                0x00000000000003ff       0xc6 ./Peripheral/src/ch32h417_dma.o
                                        0x357 (size before relaxing)
 .debug_line_str
                0x00000000000004c5       0x76 ./Peripheral/src/ch32h417_flash.o
                                        0x35f (size before relaxing)
 .debug_line_str
                0x000000000000053b       0x73 ./Peripheral/src/ch32h417_gpio.o
                                        0x37b (size before relaxing)
 .debug_line_str
                0x00000000000005ae       0x63 ./Peripheral/src/ch32h417_rcc.o
                                        0x367 (size before relaxing)
 .debug_line_str
                0x0000000000000611       0x76 ./Peripheral/src/ch32h417_usart.o
                                        0x36e (size before relaxing)
 .debug_line_str
                0x0000000000000687      0x17b ./Common/fifo.o
                                        0x38e (size before relaxing)
 .debug_line_str
                0x0000000000000802       0x6d ./Common/pdm_mic.o
                                        0x371 (size before relaxing)
 .debug_line_str
                0x000000000000086f       0x61 ./Common/sai_spk.o
                                        0x49e (size before relaxing)
 .debug_line_str
                0x00000000000008d0       0x52 ./Common/systick.o
                                        0x321 (size before relaxing)
 .debug_line_str
                0x0000000000000922       0x4f ./Common/uart.o
                                        0x34f (size before relaxing)
 .debug_line_str
                0x0000000000000971       0x5b ./Common/xprintf.o
                                        0x278 (size before relaxing)

.comment        0x0000000000000000       0x31
 .comment       0x0000000000000000       0x31 ./User/ch32h417_it.o
                                         0x32 (size before relaxing)
 .comment       0x0000000000000031       0x32 ./User/main.o
 .comment       0x0000000000000031       0x32 ./User/system_ch32h417.o
 .comment       0x0000000000000031       0x32 ./Peripheral/src/ch32h417_dma.o
 .comment       0x0000000000000031       0x32 ./Peripheral/src/ch32h417_flash.o
 .comment       0x0000000000000031       0x32 ./Peripheral/src/ch32h417_gpio.o
 .comment       0x0000000000000031       0x32 ./Peripheral/src/ch32h417_rcc.o
 .comment       0x0000000000000031       0x32 ./Peripheral/src/ch32h417_usart.o
 .comment       0x0000000000000031       0x32 ./Common/fifo.o
 .comment       0x0000000000000031       0x32 ./Common/pdm_mic.o
 .comment       0x0000000000000031       0x32 ./Common/sai_spk.o
 .comment       0x0000000000000031       0x32 ./Common/systick.o
 .comment       0x0000000000000031       0x32 ./Common/uart.o
 .comment       0x0000000000000031       0x32 ./Common/xprintf.o
 .comment       0x0000000000000031       0x32 d:/mounriver/mounriver_studio2/resources/app/resources/win32/components/wch/toolchain/risc-v embedded gcc12/bin/../lib/gcc/riscv-wch-elf/12.2.0/rv32imac_zba_zbb_zbc_zbs_xw/ilp32\libgcc.a(_udivdi3.o)
 .comment       0x0000000000000031       0x32 d:/mounriver/mounriver_studio2/resources/app/resources/win32/components/wch/toolchain/risc-v embedded gcc12/bin/../lib/gcc/riscv-wch-elf/12.2.0/rv32imac_zba_zbb_zbc_zbs_xw/ilp32\libgcc.a(_umoddi3.o)
 .comment       0x0000000000000031       0x32 d:/mounriver/mounriver_studio2/resources/app/resources/win32/components/wch/toolchain/risc-v embedded gcc12/bin/../lib/gcc/riscv-wch-elf/12.2.0/rv32imac_zba_zbb_zbc_zbs_xw/ilp32\libgcc.a(adddf3.o)
 .comment       0x0000000000000031       0x32 d:/mounriver/mounriver_studio2/resources/app/resources/win32/components/wch/toolchain/risc-v embedded gcc12/bin/../lib/gcc/riscv-wch-elf/12.2.0/rv32imac_zba_zbb_zbc_zbs_xw/ilp32\libgcc.a(divdf3.o)
 .comment       0x0000000000000031       0x32 d:/mounriver/mounriver_studio2/resources/app/resources/win32/components/wch/toolchain/risc-v embedded gcc12/bin/../lib/gcc/riscv-wch-elf/12.2.0/rv32imac_zba_zbb_zbc_zbs_xw/ilp32\libgcc.a(eqdf2.o)
 .comment       0x0000000000000031       0x32 d:/mounriver/mounriver_studio2/resources/app/resources/win32/components/wch/toolchain/risc-v embedded gcc12/bin/../lib/gcc/riscv-wch-elf/12.2.0/rv32imac_zba_zbb_zbc_zbs_xw/ilp32\libgcc.a(gedf2.o)
 .comment       0x0000000000000031       0x32 d:/mounriver/mounriver_studio2/resources/app/resources/win32/components/wch/toolchain/risc-v embedded gcc12/bin/../lib/gcc/riscv-wch-elf/12.2.0/rv32imac_zba_zbb_zbc_zbs_xw/ilp32\libgcc.a(ledf2.o)
 .comment       0x0000000000000031       0x32 d:/mounriver/mounriver_studio2/resources/app/resources/win32/components/wch/toolchain/risc-v embedded gcc12/bin/../lib/gcc/riscv-wch-elf/12.2.0/rv32imac_zba_zbb_zbc_zbs_xw/ilp32\libgcc.a(muldf3.o)
 .comment       0x0000000000000031       0x32 d:/mounriver/mounriver_studio2/resources/app/resources/win32/components/wch/toolchain/risc-v embedded gcc12/bin/../lib/gcc/riscv-wch-elf/12.2.0/rv32imac_zba_zbb_zbc_zbs_xw/ilp32\libgcc.a(subdf3.o)
 .comment       0x0000000000000031       0x32 d:/mounriver/mounriver_studio2/resources/app/resources/win32/components/wch/toolchain/risc-v embedded gcc12/bin/../lib/gcc/riscv-wch-elf/12.2.0/rv32imac_zba_zbb_zbc_zbs_xw/ilp32\libgcc.a(unorddf2.o)
 .comment       0x0000000000000031       0x32 d:/mounriver/mounriver_studio2/resources/app/resources/win32/components/wch/toolchain/risc-v embedded gcc12/bin/../lib/gcc/riscv-wch-elf/12.2.0/rv32imac_zba_zbb_zbc_zbs_xw/ilp32\libgcc.a(fixdfsi.o)
 .comment       0x0000000000000031       0x32 d:/mounriver/mounriver_studio2/resources/app/resources/win32/components/wch/toolchain/risc-v embedded gcc12/bin/../lib/gcc/riscv-wch-elf/12.2.0/rv32imac_zba_zbb_zbc_zbs_xw/ilp32\libgcc.a(floatsidf.o)
 .comment       0x0000000000000031       0x32 d:/mounriver/mounriver_studio2/resources/app/resources/win32/components/wch/toolchain/risc-v embedded gcc12/bin/../lib/gcc/riscv-wch-elf/12.2.0/rv32imac_zba_zbb_zbc_zbs_xw/ilp32\libgcc.a(_clz.o)
 .comment       0x0000000000000031       0x32 d:/mounriver/mounriver_studio2/resources/app/resources/win32/components/wch/toolchain/risc-v embedded gcc12/bin/../lib/gcc/riscv-wch-elf/12.2.0/../../../../riscv-wch-elf/lib/rv32imac_zba_zbb_zbc_zbs_xw/ilp32\libg_nano.a(lib_a-strlen.o)

.riscv.attributes
                0x0000000000000000       0x56
 .riscv.attributes
                0x0000000000000000       0x56 ./User/ch32h417_it.o
 .riscv.attributes
                0x0000000000000056       0x56 ./User/main.o
 .riscv.attributes
                0x00000000000000ac       0x56 ./User/system_ch32h417.o
 .riscv.attributes
                0x0000000000000102       0x54 ./Startup/startup_ch32h417_v3f.o
 .riscv.attributes
                0x0000000000000156       0x56 ./Peripheral/src/ch32h417_dma.o
 .riscv.attributes
                0x00000000000001ac       0x56 ./Peripheral/src/ch32h417_flash.o
 .riscv.attributes
                0x0000000000000202       0x56 ./Peripheral/src/ch32h417_gpio.o
 .riscv.attributes
                0x0000000000000258       0x56 ./Peripheral/src/ch32h417_rcc.o
 .riscv.attributes
                0x00000000000002ae       0x56 ./Peripheral/src/ch32h417_usart.o
 .riscv.attributes
                0x0000000000000304       0x56 ./Common/fifo.o
 .riscv.attributes
                0x000000000000035a       0x56 ./Common/pdm_mic.o
 .riscv.attributes
                0x00000000000003b0       0x56 ./Common/sai_spk.o
 .riscv.attributes
                0x0000000000000406       0x56 ./Common/systick.o
 .riscv.attributes
                0x000000000000045c       0x56 ./Common/uart.o
 .riscv.attributes
                0x00000000000004b2       0x56 ./Common/xprintf.o
 .riscv.attributes
                0x0000000000000508       0x56 d:/mounriver/mounriver_studio2/resources/app/resources/win32/components/wch/toolchain/risc-v embedded gcc12/bin/../lib/gcc/riscv-wch-elf/12.2.0/rv32imac_zba_zbb_zbc_zbs_xw/ilp32\libgcc.a(_udivdi3.o)
 .riscv.attributes
                0x000000000000055e       0x56 d:/mounriver/mounriver_studio2/resources/app/resources/win32/components/wch/toolchain/risc-v embedded gcc12/bin/../lib/gcc/riscv-wch-elf/12.2.0/rv32imac_zba_zbb_zbc_zbs_xw/ilp32\libgcc.a(_umoddi3.o)
 .riscv.attributes
                0x00000000000005b4       0x56 d:/mounriver/mounriver_studio2/resources/app/resources/win32/components/wch/toolchain/risc-v embedded gcc12/bin/../lib/gcc/riscv-wch-elf/12.2.0/rv32imac_zba_zbb_zbc_zbs_xw/ilp32\libgcc.a(adddf3.o)
 .riscv.attributes
                0x000000000000060a       0x56 d:/mounriver/mounriver_studio2/resources/app/resources/win32/components/wch/toolchain/risc-v embedded gcc12/bin/../lib/gcc/riscv-wch-elf/12.2.0/rv32imac_zba_zbb_zbc_zbs_xw/ilp32\libgcc.a(divdf3.o)
 .riscv.attributes
                0x0000000000000660       0x56 d:/mounriver/mounriver_studio2/resources/app/resources/win32/components/wch/toolchain/risc-v embedded gcc12/bin/../lib/gcc/riscv-wch-elf/12.2.0/rv32imac_zba_zbb_zbc_zbs_xw/ilp32\libgcc.a(eqdf2.o)
 .riscv.attributes
                0x00000000000006b6       0x56 d:/mounriver/mounriver_studio2/resources/app/resources/win32/components/wch/toolchain/risc-v embedded gcc12/bin/../lib/gcc/riscv-wch-elf/12.2.0/rv32imac_zba_zbb_zbc_zbs_xw/ilp32\libgcc.a(gedf2.o)
 .riscv.attributes
                0x000000000000070c       0x56 d:/mounriver/mounriver_studio2/resources/app/resources/win32/components/wch/toolchain/risc-v embedded gcc12/bin/../lib/gcc/riscv-wch-elf/12.2.0/rv32imac_zba_zbb_zbc_zbs_xw/ilp32\libgcc.a(ledf2.o)
 .riscv.attributes
                0x0000000000000762       0x56 d:/mounriver/mounriver_studio2/resources/app/resources/win32/components/wch/toolchain/risc-v embedded gcc12/bin/../lib/gcc/riscv-wch-elf/12.2.0/rv32imac_zba_zbb_zbc_zbs_xw/ilp32\libgcc.a(muldf3.o)
 .riscv.attributes
                0x00000000000007b8       0x56 d:/mounriver/mounriver_studio2/resources/app/resources/win32/components/wch/toolchain/risc-v embedded gcc12/bin/../lib/gcc/riscv-wch-elf/12.2.0/rv32imac_zba_zbb_zbc_zbs_xw/ilp32\libgcc.a(subdf3.o)
 .riscv.attributes
                0x000000000000080e       0x56 d:/mounriver/mounriver_studio2/resources/app/resources/win32/components/wch/toolchain/risc-v embedded gcc12/bin/../lib/gcc/riscv-wch-elf/12.2.0/rv32imac_zba_zbb_zbc_zbs_xw/ilp32\libgcc.a(unorddf2.o)
 .riscv.attributes
                0x0000000000000864       0x56 d:/mounriver/mounriver_studio2/resources/app/resources/win32/components/wch/toolchain/risc-v embedded gcc12/bin/../lib/gcc/riscv-wch-elf/12.2.0/rv32imac_zba_zbb_zbc_zbs_xw/ilp32\libgcc.a(fixdfsi.o)
 .riscv.attributes
                0x00000000000008ba       0x56 d:/mounriver/mounriver_studio2/resources/app/resources/win32/components/wch/toolchain/risc-v embedded gcc12/bin/../lib/gcc/riscv-wch-elf/12.2.0/rv32imac_zba_zbb_zbc_zbs_xw/ilp32\libgcc.a(floatsidf.o)
 .riscv.attributes
                0x0000000000000910       0x56 d:/mounriver/mounriver_studio2/resources/app/resources/win32/components/wch/toolchain/risc-v embedded gcc12/bin/../lib/gcc/riscv-wch-elf/12.2.0/rv32imac_zba_zbb_zbc_zbs_xw/ilp32\libgcc.a(_clz.o)
 .riscv.attributes
                0x0000000000000966       0x54 d:/mounriver/mounriver_studio2/resources/app/resources/win32/components/wch/toolchain/risc-v embedded gcc12/bin/../lib/gcc/riscv-wch-elf/12.2.0/../../../../riscv-wch-elf/lib/rv32imac_zba_zbb_zbc_zbs_xw/ilp32\libg_nano.a(lib_a-memcpy-asm.o)
 .riscv.attributes
                0x00000000000009ba       0x54 d:/mounriver/mounriver_studio2/resources/app/resources/win32/components/wch/toolchain/risc-v embedded gcc12/bin/../lib/gcc/riscv-wch-elf/12.2.0/../../../../riscv-wch-elf/lib/rv32imac_zba_zbb_zbc_zbs_xw/ilp32\libg_nano.a(lib_a-memset.o)
 .riscv.attributes
                0x0000000000000a0e       0x56 d:/mounriver/mounriver_studio2/resources/app/resources/win32/components/wch/toolchain/risc-v embedded gcc12/bin/../lib/gcc/riscv-wch-elf/12.2.0/../../../../riscv-wch-elf/lib/rv32imac_zba_zbb_zbc_zbs_xw/ilp32\libg_nano.a(lib_a-strlen.o)

.debug_frame    0x0000000000000000     0x1f84
 .debug_frame   0x0000000000000000       0x48 ./User/ch32h417_it.o
 .debug_frame   0x0000000000000048       0xd0 ./User/main.o
 .debug_frame   0x0000000000000118       0xa8 ./User/system_ch32h417.o
 .debug_frame   0x00000000000001c0      0x1c0 ./Peripheral/src/ch32h417_dma.o
 .debug_frame   0x0000000000000380      0x4c0 ./Peripheral/src/ch32h417_flash.o
 .debug_frame   0x0000000000000840      0x280 ./Peripheral/src/ch32h417_gpio.o
 .debug_frame   0x0000000000000ac0      0x864 ./Peripheral/src/ch32h417_rcc.o
 .debug_frame   0x0000000000001324      0x43c ./Peripheral/src/ch32h417_usart.o
 .debug_frame   0x0000000000001760       0xcc ./Common/fifo.o
 .debug_frame   0x000000000000182c      0x210 ./Common/pdm_mic.o
 .debug_frame   0x0000000000001a3c      0x150 ./Common/sai_spk.o
 .debug_frame   0x0000000000001b8c       0xa0 ./Common/systick.o
 .debug_frame   0x0000000000001c2c       0xac ./Common/uart.o
 .debug_frame   0x0000000000001cd8      0x2ac ./Common/xprintf.o
