Archive member included to satisfy reference by file (symbol)

d:/mounriver/mounriver_studio2/resources/app/resources/win32/components/wch/toolchain/risc-v embedded gcc12/bin/../lib/gcc/riscv-wch-elf/12.2.0/rv32imac_zba_zbb_zbc_zbs_xw/ilp32\libgcc.a(_divdi3.o)
                              ./Peripheral/src/ch32h417_usart.o (__divdi3)
d:/mounriver/mounriver_studio2/resources/app/resources/win32/components/wch/toolchain/risc-v embedded gcc12/bin/../lib/gcc/riscv-wch-elf/12.2.0/rv32imac_zba_zbb_zbc_zbs_xw/ilp32\libgcc.a(_udivdi3.o)
                              ./Peripheral/src/ch32h417_usart.o (__udivdi3)
d:/mounriver/mounriver_studio2/resources/app/resources/win32/components/wch/toolchain/risc-v embedded gcc12/bin/../lib/gcc/riscv-wch-elf/12.2.0/rv32imac_zba_zbb_zbc_zbs_xw/ilp32\libgcc.a(_umoddi3.o)
                              ./Common/xprintf.o (__umoddi3)
d:/mounriver/mounriver_studio2/resources/app/resources/win32/components/wch/toolchain/risc-v embedded gcc12/bin/../lib/gcc/riscv-wch-elf/12.2.0/rv32imac_zba_zbb_zbc_zbs_xw/ilp32\libgcc.a(adddf3.o)
                              ./Common/xprintf.o (__adddf3)
d:/mounriver/mounriver_studio2/resources/app/resources/win32/components/wch/toolchain/risc-v embedded gcc12/bin/../lib/gcc/riscv-wch-elf/12.2.0/rv32imac_zba_zbb_zbc_zbs_xw/ilp32\libgcc.a(divdf3.o)
                              ./Common/xprintf.o (__divdf3)
d:/mounriver/mounriver_studio2/resources/app/resources/win32/components/wch/toolchain/risc-v embedded gcc12/bin/../lib/gcc/riscv-wch-elf/12.2.0/rv32imac_zba_zbb_zbc_zbs_xw/ilp32\libgcc.a(eqdf2.o)
                              ./Common/xprintf.o (__nedf2)
d:/mounriver/mounriver_studio2/resources/app/resources/win32/components/wch/toolchain/risc-v embedded gcc12/bin/../lib/gcc/riscv-wch-elf/12.2.0/rv32imac_zba_zbb_zbc_zbs_xw/ilp32\libgcc.a(gedf2.o)
                              ./Common/xprintf.o (__gedf2)
d:/mounriver/mounriver_studio2/resources/app/resources/win32/components/wch/toolchain/risc-v embedded gcc12/bin/../lib/gcc/riscv-wch-elf/12.2.0/rv32imac_zba_zbb_zbc_zbs_xw/ilp32\libgcc.a(ledf2.o)
                              ./Common/xprintf.o (__ledf2)
d:/mounriver/mounriver_studio2/resources/app/resources/win32/components/wch/toolchain/risc-v embedded gcc12/bin/../lib/gcc/riscv-wch-elf/12.2.0/rv32imac_zba_zbb_zbc_zbs_xw/ilp32\libgcc.a(muldf3.o)
                              ./Common/xprintf.o (__muldf3)
d:/mounriver/mounriver_studio2/resources/app/resources/win32/components/wch/toolchain/risc-v embedded gcc12/bin/../lib/gcc/riscv-wch-elf/12.2.0/rv32imac_zba_zbb_zbc_zbs_xw/ilp32\libgcc.a(subdf3.o)
                              ./Common/xprintf.o (__subdf3)
d:/mounriver/mounriver_studio2/resources/app/resources/win32/components/wch/toolchain/risc-v embedded gcc12/bin/../lib/gcc/riscv-wch-elf/12.2.0/rv32imac_zba_zbb_zbc_zbs_xw/ilp32\libgcc.a(unorddf2.o)
                              ./Common/xprintf.o (__unorddf2)
d:/mounriver/mounriver_studio2/resources/app/resources/win32/components/wch/toolchain/risc-v embedded gcc12/bin/../lib/gcc/riscv-wch-elf/12.2.0/rv32imac_zba_zbb_zbc_zbs_xw/ilp32\libgcc.a(fixdfsi.o)
                              ./Common/xprintf.o (__fixdfsi)
d:/mounriver/mounriver_studio2/resources/app/resources/win32/components/wch/toolchain/risc-v embedded gcc12/bin/../lib/gcc/riscv-wch-elf/12.2.0/rv32imac_zba_zbb_zbc_zbs_xw/ilp32\libgcc.a(floatsidf.o)
                              ./Common/xprintf.o (__floatsidf)
d:/mounriver/mounriver_studio2/resources/app/resources/win32/components/wch/toolchain/risc-v embedded gcc12/bin/../lib/gcc/riscv-wch-elf/12.2.0/rv32imac_zba_zbb_zbc_zbs_xw/ilp32\libgcc.a(save-restore.o)
                              ./User/main.o (__riscv_save_12)
d:/mounriver/mounriver_studio2/resources/app/resources/win32/components/wch/toolchain/risc-v embedded gcc12/bin/../lib/gcc/riscv-wch-elf/12.2.0/rv32imac_zba_zbb_zbc_zbs_xw/ilp32\libgcc.a(_clz.o)
                              d:/mounriver/mounriver_studio2/resources/app/resources/win32/components/wch/toolchain/risc-v embedded gcc12/bin/../lib/gcc/riscv-wch-elf/12.2.0/rv32imac_zba_zbb_zbc_zbs_xw/ilp32\libgcc.a(_divdi3.o) (__clz_tab)
d:/mounriver/mounriver_studio2/resources/app/resources/win32/components/wch/toolchain/risc-v embedded gcc12/bin/../lib/gcc/riscv-wch-elf/12.2.0/../../../../riscv-wch-elf/lib/rv32imac_zba_zbb_zbc_zbs_xw/ilp32\libg_nano.a(lib_a-memcmp.o)
                              ./Common/wav.o (memcmp)
d:/mounriver/mounriver_studio2/resources/app/resources/win32/components/wch/toolchain/risc-v embedded gcc12/bin/../lib/gcc/riscv-wch-elf/12.2.0/../../../../riscv-wch-elf/lib/rv32imac_zba_zbb_zbc_zbs_xw/ilp32\libg_nano.a(lib_a-memcpy-asm.o)
                              ./Common/fifo.o (memcpy)
d:/mounriver/mounriver_studio2/resources/app/resources/win32/components/wch/toolchain/risc-v embedded gcc12/bin/../lib/gcc/riscv-wch-elf/12.2.0/../../../../riscv-wch-elf/lib/rv32imac_zba_zbb_zbc_zbs_xw/ilp32\libg_nano.a(lib_a-memset.o)
[...]
Memory Configuration

Name             Origin             Length             Attributes
FLASH            0x0000000000010000 0x0000000000020000 xr
RAM_CODE         0x00000000200a0000 0x0000000000020000 xrw
RAM              0x00000000200c0300 0x000000000003fd00 xrw
RAM_LOAD         0x00000000200c0200 0x0000000000000100 xrw
*default*        0x0000000000000000 0xffffffffffffffff

Linker script and memory map

LOAD ./User/ch32h417_it.o
LOAD ./User/main.o
LOAD ./User/system_ch32h417.o
LOAD ./Startup/startup_ch32h417_v5f.o
LOAD ./Peripheral/src/ch32h417_adc.o
LOAD ./Peripheral/src/ch32h417_can.o
LOAD ./Peripheral/src/ch32h417_crc.o
LOAD ./Peripheral/src/ch32h417_dac.o
LOAD ./Peripheral/src/ch32h417_dbgmcu.o
LOAD ./Peripheral/src/ch32h417_dfsdm.o
LOAD ./Peripheral/src/ch32h417_dma.o
LOAD ./Peripheral/src/ch32h417_dvp.o
LOAD ./Peripheral/src/ch32h417_ecdc.o
LOAD ./Peripheral/src/ch32h417_eth.o
LOAD ./Peripheral/src/ch32h417_exti.o
LOAD ./Peripheral/src/ch32h417_flash.o
LOAD ./Peripheral/src/ch32h417_fmc.o
LOAD ./Peripheral/src/ch32h417_gpha.o
LOAD ./Peripheral/src/ch32h417_gpio.o
LOAD ./Peripheral/src/ch32h417_hsadc.o
LOAD ./Peripheral/src/ch32h417_hsem.o
LOAD ./Peripheral/src/ch32h417_i2c.o
LOAD ./Peripheral/src/ch32h417_i3c.o
LOAD ./Peripheral/src/ch32h417_ipc.o
LOAD ./Peripheral/src/ch32h417_iwdg.o
LOAD ./Peripheral/src/ch32h417_lptim.o
LOAD ./Peripheral/src/ch32h417_ltdc.o
LOAD ./Peripheral/src/ch32h417_opa.o
LOAD ./Peripheral/src/ch32h417_pwr.o
LOAD ./Peripheral/src/ch32h417_qspi.o
LOAD ./Peripheral/src/ch32h417_rcc.o
LOAD ./Peripheral/src/ch32h417_rng.o
LOAD ./Peripheral/src/ch32h417_rtc.o
LOAD ./Peripheral/src/ch32h417_sai.o
LOAD ./Peripheral/src/ch32h417_sdio.o
LOAD ./Peripheral/src/ch32h417_sdmmc.o
LOAD ./Peripheral/src/ch32h417_serdes.o
LOAD ./Peripheral/src/ch32h417_spi.o
LOAD ./Peripheral/src/ch32h417_swpmi.o
LOAD ./Peripheral/src/ch32h417_tim.o
LOAD ./Peripheral/src/ch32h417_usart.o
LOAD ./Peripheral/src/ch32h417_wwdg.o
LOAD ./Core/core_riscv.o
LOAD ./Common/memtester/src/memtester.o
LOAD ./Common/memtester/src/memtester_tests.o
LOAD ./Common/Debug/debug.o
LOAD ./Common/adc_echo.o
LOAD ./Common/fifo.o
LOAD ./Common/gpio.o
LOAD ./Common/hardware.o
LOAD ./Common/pdm_mic.o
LOAD ./Common/sai_spk.o
LOAD ./Common/sdram.o
LOAD ./Common/shell.o
LOAD ./Common/shell_func.o
LOAD ./Common/systick.o
LOAD ./Common/uart.o
LOAD ./Common/wav.o
LOAD ./Common/xmodem.o
LOAD ./Common/xprintf.o
LOAD d:/mounriver/mounriver_studio2/resources/app/resources/win32/components/wch/toolchain/risc-v embedded gcc12/bin/../lib/gcc/riscv-wch-elf/12.2.0/../../../../riscv-wch-elf/lib/rv32imac_zba_zbb_zbc_zbs_xw/ilp32\libm_nano.a
LOAD d:/mounriver/mounriver_studio2/resources/app/resources/win32/components/wch/toolchain/risc-v embedded gcc12/bin/../lib/gcc/riscv-wch-elf/12.2.0/rv32imac_zba_zbb_zbc_zbs_xw/ilp32\libgcc.a
LOAD d:/mounriver/mounriver_studio2/resources/app/resources/win32/components/wch/toolchain/risc-v embedded gcc12/bin/../lib/gcc/riscv-wch-elf/12.2.0/../../../../riscv-wch-elf/lib/rv32imac_zba_zbb_zbc_zbs_xw/ilp32\libg_nano.a
LOAD d:/mounriver/mounriver_studio2/resources/app/resources/win32/components/wch/toolchain/risc-v embedded gcc12/bin/../lib/gcc/riscv-wch-elf/12.2.0/../../../../riscv-wch-elf/lib/rv32imac_zba_zbb_zbc_zbs_xw/ilp32\libc_nano.a
LOAD d:/mounriver/mounriver_studio2/resources/app/resources/win32/components/wch/toolchain/risc-v embedded gcc12/bin/../lib/gcc/riscv-wch-elf/12.2.0/rv32imac_zba_zbb_zbc_zbs_xw/ilp32\libgcc.a
START GROUP
LOAD d:/mounriver/mounriver_studio2/resources/app/resources/win32/components/wch/toolchain/risc-v embedded gcc12/bin/../lib/gcc/riscv-wch-elf/12.2.0/rv32imac_zba_zbb_zbc_zbs_xw/ilp32\libgcc.a
LOAD d:/mounriver/mounriver_studio2/resources/app/resources/win32/components/wch/toolchain/risc-v embedded gcc12/bin/../lib/gcc/riscv-wch-elf/12.2.0/../../../../riscv-wch-elf/lib/rv32imac_zba_zbb_zbc_zbs_xw/ilp32\libc_nano.a
LOAD d:/mounriver/mounriver_studio2/resources/app/resources/win32/components/wch/toolchain/risc-v embedded gcc12/bin/../lib/gcc/riscv-wch-elf/12.2.0/../../../../riscv-wch-elf/lib/rv32imac_zba_zbb_zbc_zbs_xw/ilp32\libnosys.a
END GROUP
START GROUP
LOAD d:/mounriver/mounriver_studio2/resources/app/resources/win32/components/wch/toolchain/risc-v embedded gcc12/bin/../lib/gcc/riscv-wch-elf/12.2.0/rv32imac_zba_zbb_zbc_zbs_xw/ilp32\libgcc.a
LOAD d:/mounriver/mounriver_studio2/resources/app/resources/win32/components/wch/toolchain/risc-v embedded gcc12/bin/../lib/gcc/riscv-wch-elf/12.2.0/../../../../riscv-wch-elf/lib/rv32imac_zba_zbb_zbc_zbs_xw/ilp32\libc_nano.a
LOAD d:/mounriver/mounriver_studio2/resources/app/resources/win32/components/wch/toolchain/risc-v embedded gcc12/bin/../lib/gcc/riscv-wch-elf/12.2.0/../../../../riscv-wch-elf/lib/rv32imac_zba_zbb_zbc_zbs_xw/ilp32\libnosys.a
END GROUP
                0x0000000000001000                __stack_size = 0x1000
                [!provide]                        PROVIDE (_stack_size = __stack_size)

.init           0x0000000000010000        0x8
                0x0000000000010000                _sinit = .
                0x0000000000010000                . = ALIGN (0x4)
 *(SORT_NONE(.init))
 .init          0x0000000000010000        0x6 ./Startup/startup_ch32h417_v5f.o
                0x0000000000010000                _start
                0x0000000000010008                . = ALIGN (0x4)
 *fill*         0x0000000000010006        0x2 
                0x0000000000010008                _einit = .

.loadcodelalign
                0x0000000000010008        0x0
                0x0000000000010008                . = ALIGN (0x4)
                0x0000000000010008                PROVIDE (_loadcode_lma = .)

.loadcode       0x00000000200c0200       0xdc load address 0x0000000000010008
                0x00000000200c0200                . = ALIGN (0x4)
                0x00000000200c0200                PROVIDE (_loadcode_vma_start = .)
 *(.load)
 .load          0x00000000200c0200       0xdc ./Startup/startup_ch32h417_v5f.o
                0x00000000200c02dc                . = ALIGN (0x4)
                0x00000000200c02dc                PROVIDE (_loadcode_vma_end = .)

.highcodelalign
                0x00000000000100e4        0x0
                0x00000000000100e4                . = ALIGN (0x4)
                0x00000000000100e4                PROVIDE (_highcode_lma = .)

.highcode       0x00000000200a0000     0x7d38 load address 0x00000000000100e4
                0x00000000200a0000                . = ALIGN (0x4)
                0x00000000200a0000                PROVIDE (_highcode_vma_start = .)
 *(.vector)
 .vector        0x00000000200a0000      0x254 ./Startup/startup_ch32h417_v5f.o
 *(SORT_NONE(.vector_handler))
 *(.text)
 .text          0x00000000200a0254       0x60 d:/mounriver/mounriver_studio2/resources/app/resources/win32/components/wch/toolchain/risc-v embedded gcc12/bin/../lib/gcc/riscv-wch-elf/12.2.0/rv32imac_zba_zbb_zbc_zbs_xw/ilp32\libgcc.a(save-restore.o)
                0x00000000200a0254                __riscv_save_12
                0x00000000200a025c                __riscv_save_9
                0x00000000200a025c                __riscv_save_11
                0x00000000200a025c                __riscv_save_10
                0x00000000200a025c                __riscv_save_8
                0x00000000200a026a                __riscv_save_4
                0x00000000200a026a                __riscv_save_6
                0x00000000200a026a                __riscv_save_5
                0x00000000200a026a                __riscv_save_7
                0x00000000200a0284                __riscv_save_3
                0x00000000200a0284                __riscv_save_2
                0x00000000200a0284                __riscv_save_1
                0x00000000200a0284                __riscv_save_0
                0x00000000200a0290                __riscv_restore_12
                0x00000000200a0294                __riscv_restore_11
                0x00000000200a0294                __riscv_restore_9
                0x00000000200a0294                __riscv_restore_10
                0x00000000200a0294                __riscv_restore_8
                0x00000000200a029e                __riscv_restore_5
                0x00000000200a029e                __riscv_restore_7
                0x00000000200a029e                __riscv_restore_6
                0x00000000200a029e                __riscv_restore_4
                0x00000000200a02a8                __riscv_restore_3
                0x00000000200a02a8                __riscv_restore_0
                0x00000000200a02a8                __riscv_restore_2
                0x00000000200a02a8                __riscv_restore_1
 .text          0x00000000200a02b4       0x16 d:/mounriver/mounriver_studio2/resources/app/resources/win32/components/wch/toolchain/risc-v embedded gcc12/bin/../lib/gcc/riscv-wch-elf/12.2.0/../../../../riscv-wch-elf/lib/rv32imac_zba_zbb_zbc_zbs_xw/ilp32\libg_nano.a(lib_a-memcpy-asm.o)
                0x00000000200a02b4                memcpy
 .text          0x00000000200a02ca       0x10 d:/mounriver/mounriver_studio2/resources/app/resources/win32/components/wch/toolchain/risc-v embedded gcc12/bin/../lib/gcc/riscv-wch-elf/12.2.0/../../../../riscv-wch-elf/lib/rv32imac_zba_zbb_zbc_zbs_xw/ilp32\libg_nano.a(lib_a-memset.o)
                0x00000000200a02ca                memset
 *(.text.*)
 .text.NMI_Handler
                0x00000000200a02da        0x2 ./User/ch32h417_it.o
                0x00000000200a02da                NMI_Handler
 .text.HardFault_Handler
                0x00000000200a02dc       0x10 ./User/ch32h417_it.o
                0x00000000200a02dc                HardFault_Handler
 .text.shell_read_cb
                0x00000000200a02ec        0xa ./User/main.o
                0x00000000200a02ec                shell_read_cb
 .text.xprintf_in_port
                0x00000000200a02f6       0x1a ./User/main.o
 .text.shell_write_cb
                0x00000000200a0310        0xa ./User/main.o
                0x00000000200a0310                shell_write_cb
 .text.xprintf_out_port
                0x00000000200a031a       0x18 ./User/main.o
 .text.spk_play_start
                0x00000000200a0332       0xd4 ./User/main.o
                0x00000000200a0332                spk_play_start
 .text.mic_rec_start
                0x00000000200a0406      0x102 ./User/main.o
                0x00000000200a0406                mic_rec_start
 .text.startup.main
                0x00000000200a0508      0x2c4 ./User/main.o
                0x00000000200a0508                main
 .text.SystemAndCoreClockUpdate
                0x00000000200a07cc      0x166 ./User/system_ch32h417.o
                0x00000000200a07cc                SystemAndCoreClockUpdate
 .text.vector_handler
                0x00000000200a0932        0x2 ./Startup/startup_ch32h417_v5f.o
                0x00000000200a0932                TIM8_TRG_COM_IRQHandler
                0x00000000200a0932                TIM8_CC_IRQHandler
                0x00000000200a0932                USART_WKUP_IRQHandler
                0x00000000200a0932                SPI4_IRQHandler
                0x00000000200a0932                DFSDM0_IRQHandler
                0x00000000200a0932                TIM1_CC_IRQHandler
                0x00000000200a0932                TIM10_IRQHandler
                0x00000000200a0932                IPC_CH2_Handler
                0x00000000200a0932                USBPD_IRQHandler
                0x00000000200a0932                TIM6_IRQHandler
                0x00000000200a0932                CAN3_RX1_IRQHandler
                0x00000000200a0932                I3C_ER_IRQHandler
                0x00000000200a0932                SDIO_IRQHandler
                0x00000000200a0932                DMA2_Channel8_IRQHandler
                0x00000000200a0932                CAN2_RX1_IRQHandler
                0x00000000200a0932                HSEM_Handler
                0x00000000200a0932                USBHS_IRQHandler
                0x00000000200a0932                LPTIM2_IRQHandler
                0x00000000200a0932                USBFSWakeup_IRQHandler
                0x00000000200a0932                I2C3_ER_IRQHandler
                0x00000000200a0932                USBFS_IRQHandler
                0x00000000200a0932                USART8_IRQHandler
                0x00000000200a0932                I2C2_EV_IRQHandler
                0x00000000200a0932                CAN1_RX0_IRQHandler
                0x00000000200a0932                CAN3_SCE_IRQHandler
                0x00000000200a0932                CAN2_SCE_IRQHandler
                0x00000000200a0932                ADC1_2_IRQHandler
                0x00000000200a0932                Break_Point_Handler
                0x00000000200a0932                IPC_CH0_Handler
                0x00000000200a0932                SPI1_IRQHandler
                0x00000000200a0932                USART5_IRQHandler
                0x00000000200a0932                SysTick0_Handler
                0x00000000200a0932                EXTI7_0_IRQHandler
                0x00000000200a0932                CAN2_RX0_IRQHandler
                0x00000000200a0932                TIM8_UP_IRQHandler
                0x00000000200a0932                Ecall_M_Mode_Handler
                0x00000000200a0932                ECDC_IRQHandler
                0x00000000200a0932                SDMMC_IRQHandler
                0x00000000200a0932                USART7_IRQHandler
                0x00000000200a0932                DMA2_Channel2_IRQHandler
                0x00000000200a0932                CAN3_RX0_IRQHandler
                0x00000000200a0932                HSADC_IRQHandler
                0x00000000200a0932                USART3_IRQHandler
                0x00000000200a0932                RTC_IRQHandler
                0x00000000200a0932                DMA1_Channel7_IRQHandler
                0x00000000200a0932                CAN1_RX1_IRQHandler
                0x00000000200a0932                DVP_IRQHandler
                0x00000000200a0932                USBSS_IRQHandler
                0x00000000200a0932                SWPMI_IRQHandler
                0x00000000200a0932                USBPDWakeUp_IRQHandler
                0x00000000200a0932                EXTI15_8_IRQHandler
                0x00000000200a0932                TIM4_IRQHandler
                0x00000000200a0932                DMA2_Channel1_IRQHandler
                0x00000000200a0932                SWPMI_WKUP_IRQHandler
                0x00000000200a0932                I2C1_EV_IRQHandler
                0x00000000200a0932                USBSSWakeup_IRQHandler
                0x00000000200a0932                USART4_IRQHandler
                0x00000000200a0932                DMA1_Channel6_IRQHandler
                0x00000000200a0932                DMA2_Channel4_IRQHandler
                0x00000000200a0932                TIM3_IRQHandler
                0x00000000200a0932                RCC_IRQHandler
                0x00000000200a0932                TIM1_TRG_COM_IRQHandler
                0x00000000200a0932                DMA2_Channel7_IRQHandler
                0x00000000200a0932                QSPI1_IRQHandler
                0x00000000200a0932                DMA1_Channel8_IRQHandler
                0x00000000200a0932                IPC_CH3_Handler
                0x00000000200a0932                I3C_EV_IRQHandler
                0x00000000200a0932                I3C_WKUP_IRQHandler
                0x00000000200a0932                TIM12_IRQHandler
                0x00000000200a0932                TIM7_IRQHandler
                0x00000000200a0932                CAN2_TX_IRQHandler
                0x00000000200a0932                TIM5_IRQHandler
                0x00000000200a0932                I2C3_EV_IRQHandler
                0x00000000200a0932                PIOC_IRQHandler
                0x00000000200a0932                TIM9_IRQHandler
                0x00000000200a0932                LTDC_IRQHandler
                0x00000000200a0932                SAI_IRQHandler
                0x00000000200a0932                ETH_WKUP_IRQHandler
                0x00000000200a0932                SPI2_IRQHandler
                0x00000000200a0932                IPC_CH1_Handler
                0x00000000200a0932                LPTIM1_WKUP_IRQHandler
                0x00000000200a0932                CAN1_TX_IRQHandler
                0x00000000200a0932                DMA2_Channel5_IRQHandler
                0x00000000200a0932                DMA1_Channel5_IRQHandler
                0x00000000200a0932                QSPI2_IRQHandler
                0x00000000200a0932                RNG_IRQHandler
                0x00000000200a0932                ETH_IRQHandler
                0x00000000200a0932                TIM1_UP_IRQHandler
                0x00000000200a0932                WWDG_IRQHandler
                0x00000000200a0932                USBHSWakeup_IRQHandler
                0x00000000200a0932                Ecall_U_Mode_Handler
                0x00000000200a0932                I2C4_EV_IRQHandler
                0x00000000200a0932                CAN3_TX_IRQHandler
                0x00000000200a0932                DMA2_Channel6_IRQHandler
                0x00000000200a0932                TIM2_IRQHandler
                0x00000000200a0932                SW_Handler
                0x00000000200a0932                TIM1_BRK_IRQHandler
                0x00000000200a0932                GPHA_IRQHandler
                0x00000000200a0932                LPTIM2_WKUP_IRQHandler
                0x00000000200a0932                RTCAlarm_IRQHandler
                0x00000000200a0932                TIM11_IRQHandler
                0x00000000200a0932                USART2_IRQHandler
                0x00000000200a0932                UHSIF_IRQHandler
                0x00000000200a0932                I2C2_ER_IRQHandler
                0x00000000200a0932                TIM8_BRK_IRQHandler
                0x00000000200a0932                CAN1_SCE_IRQHandler
                0x00000000200a0932                FLASH_IRQHandler
                0x00000000200a0932                USART1_IRQHandler
                0x00000000200a0932                SPI3_IRQHandler
                0x00000000200a0932                I2C1_ER_IRQHandler
                0x00000000200a0932                FMC_IRQHandler
                0x00000000200a0932                LPTIM1_IRQHandler
                0x00000000200a0932                DFSDM1_IRQHandler
                0x00000000200a0932                I2C4_ER_IRQHandler
                0x00000000200a0932                SERDES_IRQHandler
                0x00000000200a0932                USBSS_LINK_IRQHandler
                0x00000000200a0932                DMA2_Channel3_IRQHandler
 .text.ADC_DeInit
                0x00000000200a0934       0x46 ./Peripheral/src/ch32h417_adc.o
                0x00000000200a0934                ADC_DeInit
 .text.ADC_Init
                0x00000000200a097a       0x56 ./Peripheral/src/ch32h417_adc.o
                0x00000000200a097a                ADC_Init
 .text.ADC_Cmd  0x00000000200a09d0       0x10 ./Peripheral/src/ch32h417_adc.o
                0x00000000200a09d0                ADC_Cmd
 .text.ADC_DMACmd
                0x00000000200a09e0       0x12 ./Peripheral/src/ch32h417_adc.o
                0x00000000200a09e0                ADC_DMACmd
 .text.ADC_ResetCalibration
                0x00000000200a09f2        0xa ./Peripheral/src/ch32h417_adc.o
                0x00000000200a09f2                ADC_ResetCalibration
 .text.ADC_GetResetCalibrationStatus
                0x00000000200a09fc        0x8 ./Peripheral/src/ch32h417_adc.o
                0x00000000200a09fc                ADC_GetResetCalibrationStatus
 .text.ADC_StartCalibration
                0x00000000200a0a04       0x14 ./Peripheral/src/ch32h417_adc.o
                0x00000000200a0a04                ADC_StartCalibration
 .text.ADC_GetCalibrationStatus
                0x00000000200a0a18        0x8 ./Peripheral/src/ch32h417_adc.o
                0x00000000200a0a18                ADC_GetCalibrationStatus
 .text.ADC_RegularChannelConfig
                0x00000000200a0a20       0xaa ./Peripheral/src/ch32h417_adc.o
                0x00000000200a0a20                ADC_RegularChannelConfig
 .text.ADC_ExternalTrigConvCmd
                0x00000000200a0aca       0x12 ./Peripheral/src/ch32h417_adc.o
                0x00000000200a0aca                ADC_ExternalTrigConvCmd
 .text.ADC_BufferCmd
                0x00000000200a0adc       0x12 ./Peripheral/src/ch32h417_adc.o
                0x00000000200a0adc                ADC_BufferCmd
 .text.ADC_LowPowerModeCmd
                0x00000000200a0aee       0x12 ./Peripheral/src/ch32h417_adc.o
                0x00000000200a0aee                ADC_LowPowerModeCmd
 .text.DFSDM_ChannelStructInit
                0x00000000200a0b00       0x24 ./Peripheral/src/ch32h417_dfsdm.o
                0x00000000200a0b00                DFSDM_ChannelStructInit
 .text.DFSDM_FilterStructInit
                0x00000000200a0b24       0x1e ./Peripheral/src/ch32h417_dfsdm.o
                0x00000000200a0b24                DFSDM_FilterStructInit
 .text.DFSDM_RcStructInit
                0x00000000200a0b42       0x16 ./Peripheral/src/ch32h417_dfsdm.o
                0x00000000200a0b42                DFSDM_RcStructInit
 .text.DFSDM_ChannelInit
                0x00000000200a0b58       0x62 ./Peripheral/src/ch32h417_dfsdm.o
                0x00000000200a0b58                DFSDM_ChannelInit
 .text.DFSDM_FilterInit
                0x00000000200a0bba       0x78 ./Peripheral/src/ch32h417_dfsdm.o
                0x00000000200a0bba                DFSDM_FilterInit
 .text.DFSDM_RcInit
                0x00000000200a0c32       0x2c ./Peripheral/src/ch32h417_dfsdm.o
                0x00000000200a0c32                DFSDM_RcInit
 .text.DFSDM_OutSerialClkConfig
                0x00000000200a0c5e       0x1e ./Peripheral/src/ch32h417_dfsdm.o
                0x00000000200a0c5e                DFSDM_OutSerialClkConfig
 .text.DFSDM_Cmd
                0x00000000200a0c7c       0x16 ./Peripheral/src/ch32h417_dfsdm.o
                0x00000000200a0c7c                DFSDM_Cmd
 .text.DFSDM_ChannelCmd
                0x00000000200a0c92       0x12 ./Peripheral/src/ch32h417_dfsdm.o
                0x00000000200a0c92                DFSDM_ChannelCmd
 .text.DFSDM_FilterCmd
                0x00000000200a0ca4       0x10 ./Peripheral/src/ch32h417_dfsdm.o
                0x00000000200a0ca4                DFSDM_FilterCmd
 .text.DFSDM_RcSoftStartConversion
                0x00000000200a0cb4        0xa ./Peripheral/src/ch32h417_dfsdm.o
                0x00000000200a0cb4                DFSDM_RcSoftStartConversion
 .text.DMA_DeInit
                0x00000000200a0cbe      0x11e ./Peripheral/src/ch32h417_dma.o
                0x00000000200a0cbe                DMA_DeInit
 .text.DMA_Init
                0x00000000200a0ddc       0x44 ./Peripheral/src/ch32h417_dma.o
                0x00000000200a0ddc                DMA_Init
 .text.DMA_Cmd  0x00000000200a0e20       0x14 ./Peripheral/src/ch32h417_dma.o
                0x00000000200a0e20                DMA_Cmd
 .text.DMA_ITConfig
                0x00000000200a0e34       0x12 ./Peripheral/src/ch32h417_dma.o
                0x00000000200a0e34                DMA_ITConfig
 .text.DMA_GetITStatus
                0x00000000200a0e46        0xc ./Peripheral/src/ch32h417_dma.o
                0x00000000200a0e46                DMA_GetITStatus
 .text.DMA_ClearITPendingBit
                0x00000000200a0e52        0x4 ./Peripheral/src/ch32h417_dma.o
                0x00000000200a0e52                DMA_ClearITPendingBit
 .text.DMA_MuxChannelConfig
                0x00000000200a0e56       0xc8 ./Peripheral/src/ch32h417_dma.o
                0x00000000200a0e56                DMA_MuxChannelConfig
 .text.FMC_SDRAM_Init
                0x00000000200a0f1e       0x94 ./Peripheral/src/ch32h417_fmc.o
                0x00000000200a0f1e                FMC_SDRAM_Init
 .text.FMC_SDRAM_SendCMDConfig
                0x00000000200a0fb2       0x1e ./Peripheral/src/ch32h417_fmc.o
                0x00000000200a0fb2                FMC_SDRAM_SendCMDConfig
 .text.FMC_SDRAM_SetRefreshCnt
                0x00000000200a0fd0       0x1a ./Peripheral/src/ch32h417_fmc.o
                0x00000000200a0fd0                FMC_SDRAM_SetRefreshCnt
 .text.GPIO_Init
                0x00000000200a0fea       0xe0 ./Peripheral/src/ch32h417_gpio.o
                0x00000000200a0fea                GPIO_Init
 .text.GPIO_PinAFConfig
                0x00000000200a10ca      0x1e8 ./Peripheral/src/ch32h417_gpio.o
                0x00000000200a10ca                GPIO_PinAFConfig
 .text.PWR_VIO18ModeCfg
                0x00000000200a12b2       0x14 ./Peripheral/src/ch32h417_pwr.o
                0x00000000200a12b2                PWR_VIO18ModeCfg
 .text.PWR_VIO18LevelCfg
                0x00000000200a12c6       0x18 ./Peripheral/src/ch32h417_pwr.o
                0x00000000200a12c6                PWR_VIO18LevelCfg
 .text.RCC_ADCHCLKCLKAsSourceConfig
                0x00000000200a12de       0x1a ./Peripheral/src/ch32h417_rcc.o
                0x00000000200a12de                RCC_ADCHCLKCLKAsSourceConfig
 .text.RCC_GetClocksFreq
                0x00000000200a12f8      0x1a2 ./Peripheral/src/ch32h417_rcc.o
                0x00000000200a12f8                RCC_GetClocksFreq
 .text.RCC_HBPeriphClockCmd
                0x00000000200a149a       0x1c ./Peripheral/src/ch32h417_rcc.o
                0x00000000200a149a                RCC_HBPeriphClockCmd
 .text.RCC_HB2PeriphClockCmd
                0x00000000200a14b6       0x1c ./Peripheral/src/ch32h417_rcc.o
                0x00000000200a14b6                RCC_HB2PeriphClockCmd
 .text.RCC_HB1PeriphClockCmd
                0x00000000200a14d2       0x1c ./Peripheral/src/ch32h417_rcc.o
                0x00000000200a14d2                RCC_HB1PeriphClockCmd
 .text.RCC_HB2PeriphResetCmd
                0x00000000200a14ee       0x1c ./Peripheral/src/ch32h417_rcc.o
                0x00000000200a14ee                RCC_HB2PeriphResetCmd
 .text.RCC_ADCCLKConfig
                0x00000000200a150a       0x16 ./Peripheral/src/ch32h417_rcc.o
                0x00000000200a150a                RCC_ADCCLKConfig
 .text.SAI_Init
                0x00000000200a1520       0x3e ./Peripheral/src/ch32h417_sai.o
                0x00000000200a1520                SAI_Init
 .text.SAI_FrameInit
                0x00000000200a155e       0x26 ./Peripheral/src/ch32h417_sai.o
                0x00000000200a155e                SAI_FrameInit
 .text.SAI_SlotInit
                0x00000000200a1584       0x22 ./Peripheral/src/ch32h417_sai.o
                0x00000000200a1584                SAI_SlotInit
 .text.SAI_Cmd  0x00000000200a15a6       0x12 ./Peripheral/src/ch32h417_sai.o
                0x00000000200a15a6                SAI_Cmd
 .text.SAI_FlushFIFO
                0x00000000200a15b8       0x10 ./Peripheral/src/ch32h417_sai.o
                0x00000000200a15b8                SAI_FlushFIFO
 .text.SAI_DMACmd
                0x00000000200a15c8       0x12 ./Peripheral/src/ch32h417_sai.o
                0x00000000200a15c8                SAI_DMACmd
 .text.TIM_TimeBaseInit
                0x00000000200a15da       0x7c ./Peripheral/src/ch32h417_tim.o
                0x00000000200a15da                TIM_TimeBaseInit
 .text.TIM_Cmd  0x00000000200a1656       0x18 ./Peripheral/src/ch32h417_tim.o
                0x00000000200a1656                TIM_Cmd
 .text.TIM_ARRPreloadConfig
                0x00000000200a166e       0x1a ./Peripheral/src/ch32h417_tim.o
                0x00000000200a166e                TIM_ARRPreloadConfig
 .text.TIM_SelectOutputTrigger
                0x00000000200a1688       0x18 ./Peripheral/src/ch32h417_tim.o
                0x00000000200a1688                TIM_SelectOutputTrigger
 .text.TIM_SelectMasterSlaveMode
                0x00000000200a16a0       0x18 ./Peripheral/src/ch32h417_tim.o
                0x00000000200a16a0                TIM_SelectMasterSlaveMode
 .text.USART_Init
                0x00000000200a16b8       0xae ./Peripheral/src/ch32h417_usart.o
                0x00000000200a16b8                USART_Init
 .text.USART_Cmd
                0x00000000200a1766       0x14 ./Peripheral/src/ch32h417_usart.o
                0x00000000200a1766                USART_Cmd
 .text.USART_ITConfig
                0x00000000200a177a       0x42 ./Peripheral/src/ch32h417_usart.o
                0x00000000200a177a                USART_ITConfig
 .text.USART_SendData
                0x00000000200a17bc        0x8 ./Peripheral/src/ch32h417_usart.o
                0x00000000200a17bc                USART_SendData
 .text.USART_ReceiveData
                0x00000000200a17c4        0x8 ./Peripheral/src/ch32h417_usart.o
                0x00000000200a17c4                USART_ReceiveData
 .text.USART_GetFlagStatus
                0x00000000200a17cc        0xa ./Peripheral/src/ch32h417_usart.o
                0x00000000200a17cc                USART_GetFlagStatus
 .text.USART_ClearFlag
                0x00000000200a17d6        0xc ./Peripheral/src/ch32h417_usart.o
                0x00000000200a17d6                USART_ClearFlag
 .text.USART_GetITStatus
                0x00000000200a17e2       0x4e ./Peripheral/src/ch32h417_usart.o
                0x00000000200a17e2                USART_GetITStatus
 .text._sbrk    0x00000000200a1830       0x2a ./Common/Debug/debug.o
                0x00000000200a1830                _sbrk
 .text.adc_echo_get
                0x00000000200a185a       0x26 ./Common/adc_echo.o
                0x00000000200a185a                adc_echo_get
 .text.adc_echo_getlen
                0x00000000200a1880       0x22 ./Common/adc_echo.o
                0x00000000200a1880                adc_echo_getlen
 .text.adc_echo_function_init
                0x00000000200a18a2       0xc2 ./Common/adc_echo.o
                0x00000000200a18a2                adc_echo_function_init
 .text.adc_echo_dma_init
                0x00000000200a1964       0xae ./Common/adc_echo.o
                0x00000000200a1964                adc_echo_dma_init
 .text.adc_echo_tim_init
                0x00000000200a1a12       0x54 ./Common/adc_echo.o
                0x00000000200a1a12                adc_echo_tim_init
 .text.adc_echo_init
                0x00000000200a1a66       0x3c ./Common/adc_echo.o
                0x00000000200a1a66                adc_echo_init
 .text.DMA1_Channel4_IRQHandler
                0x00000000200a1aa2       0xf6 ./Common/adc_echo.o
                0x00000000200a1aa2                DMA1_Channel4_IRQHandler
 .text.fifo_in  0x00000000200a1b98       0x7c ./Common/fifo.o
                0x00000000200a1b98                fifo_in
 .text.fifo_out
                0x00000000200a1c14       0x68 ./Common/fifo.o
                0x00000000200a1c14                fifo_out
 .text.fifo_getlen
                0x00000000200a1c7c        0xa ./Common/fifo.o
                0x00000000200a1c7c                fifo_getlen
 .text.fifo_getfree
                0x00000000200a1c86       0x10 ./Common/fifo.o
                0x00000000200a1c86                fifo_getfree
 .text.gpio_init
                0x00000000200a1c96       0x34 ./Common/gpio.o
                0x00000000200a1c96                gpio_init
 .text.pdm_mic_left_get
                0x00000000200a1cca       0x26 ./Common/pdm_mic.o
                0x00000000200a1cca                pdm_mic_left_get
 .text.pdm_mic_left_getlen
                0x00000000200a1cf0       0x22 ./Common/pdm_mic.o
                0x00000000200a1cf0                pdm_mic_left_getlen
 .text.pdm_mic_right_get
                0x00000000200a1d12       0x26 ./Common/pdm_mic.o
                0x00000000200a1d12                pdm_mic_right_get
 .text.pdm_mic_right_getlen
                0x00000000200a1d38       0x22 ./Common/pdm_mic.o
                0x00000000200a1d38                pdm_mic_right_getlen
 .text.DMA1_Channel2_IRQHandler
                0x00000000200a1d5a      0x150 ./Common/pdm_mic.o
                0x00000000200a1d5a                DMA1_Channel2_IRQHandler
 .text.DMA1_Channel1_IRQHandler
                0x00000000200a1eaa      0x144 ./Common/pdm_mic.o
                0x00000000200a1eaa                DMA1_Channel1_IRQHandler
 .text.pdm_mic_init
                0x00000000200a1fee      0x288 ./Common/pdm_mic.o
                0x00000000200a1fee                pdm_mic_init
 .text.sai_spk_put
                0x00000000200a2276       0x28 ./Common/sai_spk.o
                0x00000000200a2276                sai_spk_put
 .text.sai_spk_getfree
                0x00000000200a229e       0x24 ./Common/sai_spk.o
                0x00000000200a229e                sai_spk_getfree
 .text.dma_function_init
                0x00000000200a22c2       0x96 ./Common/sai_spk.o
                0x00000000200a22c2                dma_function_init
 .text.DMA1_Channel3_IRQHandler
                0x00000000200a2358      0x15c ./Common/sai_spk.o
                0x00000000200a2358                DMA1_Channel3_IRQHandler
 .text.sai_spk_init
                0x00000000200a24b4      0x1b8 ./Common/sai_spk.o
                0x00000000200a24b4                sai_spk_init
 .text.sdram_init
                0x00000000200a266c      0x5cc ./Common/sdram.o
                0x00000000200a266c                sdram_init
 .text.shell_putchar
                0x00000000200a2c38       0x1e ./Common/shell.o
 .text.shell_putstring
                0x00000000200a2c56       0x18 ./Common/shell.o
 .text.shell_exec
                0x00000000200a2c6e      0x12c ./Common/shell.o
                0x00000000200a2c6e                shell_exec
 .text.shell_set_itf
                0x00000000200a2d9a       0x12 ./Common/shell.o
                0x00000000200a2d9a                shell_set_itf
 .text.setmemfunc
                0x00000000200a2dac       0x5c ./Common/shell_func.o
 .text.helpfunc
                0x00000000200a2e08       0x8a ./Common/shell_func.o
 .text.printmemfunc
                0x00000000200a2e92      0x25a ./Common/shell_func.o
 .text.sxmemfunc
                0x00000000200a30ec       0xb8 ./Common/shell_func.o
 .text.getms    0x00000000200a31a4        0x2 ./Common/shell_func.o
 .text.mem_read
                0x00000000200a31a6       0x16 ./Common/shell_func.o
 .text.mem_write
                0x00000000200a31bc       0x10 ./Common/shell_func.o
 .text.io_read_flush
                0x00000000200a31cc       0x18 ./Common/shell_func.o
 .text.io_read  0x00000000200a31e4        0x8 ./Common/shell_func.o
 .text.io_write
                0x00000000200a31ec       0x14 ./Common/shell_func.o
 .text.rxmemfunc
                0x00000000200a3200       0xac ./Common/shell_func.o
 .text.spkplayfunc
                0x00000000200a32ac       0x42 ./Common/shell_func.o
 .text.micrecfunc
                0x00000000200a32ee       0x48 ./Common/shell_func.o
 .text.systick_init
                0x00000000200a3336       0x28 ./Common/systick.o
                0x00000000200a3336                systick_init
 .text.SysTick1_Handler
                0x00000000200a335e       0x20 ./Common/systick.o
                0x00000000200a335e                SysTick1_Handler
 .text.systick_get_cnt
                0x00000000200a337e        0x6 ./Common/systick.o
                0x00000000200a337e                systick_get_cnt
 .text.uart_init
                0x00000000200a3384       0xb6 ./Common/uart.o
                0x00000000200a3384                uart_init
 .text.USART6_IRQHandler
                0x00000000200a343a       0x3a ./Common/uart.o
                0x00000000200a343a                USART6_IRQHandler
 .text.uart_read
                0x00000000200a3474       0x24 ./Common/uart.o
                0x00000000200a3474                uart_read
 .text.uart_send
                0x00000000200a3498       0x3c ./Common/uart.o
                0x00000000200a3498                uart_send
 .text.wav_decode
                0x00000000200a34d4      0x144 ./Common/wav.o
                0x00000000200a34d4                wav_decode
 .text.crc_nibble_rom.constprop.0
                0x00000000200a3618       0x52 ./Common/xmodem.o
 .text.xmodem_rx
                0x00000000200a366a      0x2fc ./Common/xmodem.o
                0x00000000200a366a                xmodem_rx
 .text.xmodem_init_rx
                0x00000000200a3966       0x22 ./Common/xmodem.o
                0x00000000200a3966                xmodem_init_rx
 .text.xmodem_tx
                0x00000000200a3988      0x270 ./Common/xmodem.o
                0x00000000200a3988                xmodem_tx
 .text.xmodem_init_tx
                0x00000000200a3bf8       0x34 ./Common/xmodem.o
                0x00000000200a3bf8                xmodem_init_tx
 .text.ilog10   0x00000000200a3c2c       0xc8 ./Common/xprintf.o
 .text.i10x     0x00000000200a3cf4       0x76 ./Common/xprintf.o
 .text.xfputc   0x00000000200a3d6a       0x2e ./Common/xprintf.o
                0x00000000200a3d6a                xfputc
 .text.xvfprintf
                0x00000000200a3d98      0x5c2 ./Common/xprintf.o
 .text.xprintf  0x00000000200a435a       0x26 ./Common/xprintf.o
                0x00000000200a435a                xprintf
 .text.__udivdi3
                0x00000000200a4380      0x39a d:/mounriver/mounriver_studio2/resources/app/resources/win32/components/wch/toolchain/risc-v embedded gcc12/bin/../lib/gcc/riscv-wch-elf/12.2.0/rv32imac_zba_zbb_zbc_zbs_xw/ilp32\libgcc.a(_udivdi3.o)
                0x00000000200a4380                __udivdi3
 .text.__umoddi3
                0x00000000200a471a      0x382 d:/mounriver/mounriver_studio2/resources/app/resources/win32/components/wch/toolchain/risc-v embedded gcc12/bin/../lib/gcc/riscv-wch-elf/12.2.0/rv32imac_zba_zbb_zbc_zbs_xw/ilp32\libgcc.a(_umoddi3.o)
                0x00000000200a471a                __umoddi3
 .text.__adddf3
                0x00000000200a4a9c      0x706 d:/mounriver/mounriver_studio2/resources/app/resources/win32/components/wch/toolchain/risc-v embedded gcc12/bin/../lib/gcc/riscv-wch-elf/12.2.0/rv32imac_zba_zbb_zbc_zbs_xw/ilp32\libgcc.a(adddf3.o)
                0x00000000200a4a9c                __adddf3
 .text.__divdf3
                0x00000000200a51a2      0x56e d:/mounriver/mounriver_studio2/resources/app/resources/win32/components/wch/toolchain/risc-v embedded gcc12/bin/../lib/gcc/riscv-wch-elf/12.2.0/rv32imac_zba_zbb_zbc_zbs_xw/ilp32\libgcc.a(divdf3.o)
                0x00000000200a51a2                __divdf3
 .text.__eqdf2  0x00000000200a5710       0x6c d:/mounriver/mounriver_studio2/resources/app/resources/win32/components/wch/toolchain/risc-v embedded gcc12/bin/../lib/gcc/riscv-wch-elf/12.2.0/rv32imac_zba_zbb_zbc_zbs_xw/ilp32\libgcc.a(eqdf2.o)
                0x00000000200a5710                __nedf2
                0x00000000200a5710                __eqdf2
 .text.__gedf2  0x00000000200a577c       0xbe d:/mounriver/mounriver_studio2/resources/app/resources/win32/components/wch/toolchain/risc-v embedded gcc12/bin/../lib/gcc/riscv-wch-elf/12.2.0/rv32imac_zba_zbb_zbc_zbs_xw/ilp32\libgcc.a(gedf2.o)
                0x00000000200a577c                __gedf2
                0x00000000200a577c                __gtdf2
 .text.__ledf2  0x00000000200a583a       0xbc d:/mounriver/mounriver_studio2/resources/app/resources/win32/components/wch/toolchain/risc-v embedded gcc12/bin/../lib/gcc/riscv-wch-elf/12.2.0/rv32imac_zba_zbb_zbc_zbs_xw/ilp32\libgcc.a(ledf2.o)
                0x00000000200a583a                __ledf2
                0x00000000200a583a                __ltdf2
 .text.__muldf3
                0x00000000200a58f6      0x508 d:/mounriver/mounriver_studio2/resources/app/resources/win32/components/wch/toolchain/risc-v embedded gcc12/bin/../lib/gcc/riscv-wch-elf/12.2.0/rv32imac_zba_zbb_zbc_zbs_xw/ilp32\libgcc.a(muldf3.o)
                0x00000000200a58f6                __muldf3
 .text.__subdf3
                0x00000000200a5dfe      0x71e d:/mounriver/mounriver_studio2/resources/app/resources/win32/components/wch/toolchain/risc-v embedded gcc12/bin/../lib/gcc/riscv-wch-elf/12.2.0/rv32imac_zba_zbb_zbc_zbs_xw/ilp32\libgcc.a(subdf3.o)
                0x00000000200a5dfe                __subdf3
 .text.__unorddf2
                0x00000000200a651c       0x3e d:/mounriver/mounriver_studio2/resources/app/resources/win32/components/wch/toolchain/risc-v embedded gcc12/bin/../lib/gcc/riscv-wch-elf/12.2.0/rv32imac_zba_zbb_zbc_zbs_xw/ilp32\libgcc.a(unorddf2.o)
                0x00000000200a651c                __unorddf2
 .text.__fixdfsi
                0x00000000200a655a       0x64 d:/mounriver/mounriver_studio2/resources/app/resources/win32/components/wch/toolchain/risc-v embedded gcc12/bin/../lib/gcc/riscv-wch-elf/12.2.0/rv32imac_zba_zbb_zbc_zbs_xw/ilp32\libgcc.a(fixdfsi.o)
                0x00000000200a655a                __fixdfsi
 .text.__floatsidf
                0x00000000200a65be       0x70 d:/mounriver/mounriver_studio2/resources/app/resources/win32/components/wch/toolchain/risc-v embedded gcc12/bin/../lib/gcc/riscv-wch-elf/12.2.0/rv32imac_zba_zbb_zbc_zbs_xw/ilp32\libgcc.a(floatsidf.o)
                0x00000000200a65be                __floatsidf
 .text.memcmp   0x00000000200a662e       0x24 d:/mounriver/mounriver_studio2/resources/app/resources/win32/components/wch/toolchain/risc-v embedded gcc12/bin/../lib/gcc/riscv-wch-elf/12.2.0/../../../../riscv-wch-elf/lib/rv32imac_zba_zbb_zbc_zbs_xw/ilp32\libg_nano.a(lib_a-memcmp.o)
                0x00000000200a662e                memcmp
 .text.sscanf   0x00000000200a6652       0x4c d:/mounriver/mounriver_studio2/resources/app/resources/win32/components/wch/toolchain/risc-v embedded gcc12/bin/../lib/gcc/riscv-wch-elf/12.2.0/../../../../riscv-wch-elf/lib/rv32imac_zba_zbb_zbc_zbs_xw/ilp32\libg_nano.a(lib_a-sscanf.o)
                0x00000000200a6652                siscanf
                0x00000000200a6652                sscanf
 .text.__seofread
                0x00000000200a669e        0x4 d:/mounriver/mounriver_studio2/resources/app/resources/win32/components/wch/toolchain/risc-v embedded gcc12/bin/../lib/gcc/riscv-wch-elf/12.2.0/../../../../riscv-wch-elf/lib/rv32imac_zba_zbb_zbc_zbs_xw/ilp32\libg_nano.a(lib_a-stdio.o)
                0x00000000200a669e                __seofread
 .text.strlen   0x00000000200a66a2       0x10 d:/mounriver/mounriver_studio2/resources/app/resources/win32/components/wch/toolchain/risc-v embedded gcc12/bin/../lib/gcc/riscv-wch-elf/12.2.0/../../../../riscv-wch-elf/lib/rv32imac_zba_zbb_zbc_zbs_xw/ilp32\libg_nano.a(lib_a-strlen.o)
                0x00000000200a66a2                strlen
 .text.strncmp  0x00000000200a66b2       0x28 d:/mounriver/mounriver_studio2/resources/app/resources/win32/components/wch/toolchain/risc-v embedded gcc12/bin/../lib/gcc/riscv-wch-elf/12.2.0/../../../../riscv-wch-elf/lib/rv32imac_zba_zbb_zbc_zbs_xw/ilp32\libg_nano.a(lib_a-strncmp.o)
                0x00000000200a66b2                strncmp
 .text.__retarget_lock_acquire_recursive
                0x00000000200a66da        0x2 d:/mounriver/mounriver_studio2/resources/app/resources/win32/components/wch/toolchain/risc-v embedded gcc12/bin/../lib/gcc/riscv-wch-elf/12.2.0/../../../../riscv-wch-elf/lib/rv32imac_zba_zbb_zbc_zbs_xw/ilp32\libg_nano.a(lib_a-lock.o)
                0x00000000200a66da                __retarget_lock_acquire_recursive
 .text.__retarget_lock_release_recursive
                0x00000000200a66dc        0x2 d:/mounriver/mounriver_studio2/resources/app/resources/win32/components/wch/toolchain/risc-v embedded gcc12/bin/../lib/gcc/riscv-wch-elf/12.2.0/../../../../riscv-wch-elf/lib/rv32imac_zba_zbb_zbc_zbs_xw/ilp32\libg_nano.a(lib_a-lock.o)
                0x00000000200a66dc                __retarget_lock_release_recursive
 .text._free_r  0x00000000200a66de       0xa2 d:/mounriver/mounriver_studio2/resources/app/resources/win32/components/wch/toolchain/risc-v embedded gcc12/bin/../lib/gcc/riscv-wch-elf/12.2.0/../../../../riscv-wch-elf/lib/rv32imac_zba_zbb_zbc_zbs_xw/ilp32\libg_nano.a(lib_a-nano-freer.o)
                0x00000000200a66de                _free_r
 .text.sbrk_aligned
                0x00000000200a6780       0x5a d:/mounriver/mounriver_studio2/resources/app/resources/win32/components/wch/toolchain/risc-v embedded gcc12/bin/../lib/gcc/riscv-wch-elf/12.2.0/../../../../riscv-wch-elf/lib/rv32imac_zba_zbb_zbc_zbs_xw/ilp32\libg_nano.a(lib_a-nano-mallocr.o)
 .text._malloc_r
                0x00000000200a67da      0x10e d:/mounriver/mounriver_studio2/resources/app/resources/win32/components/wch/toolchain/risc-v embedded gcc12/bin/../lib/gcc/riscv-wch-elf/12.2.0/../../../../riscv-wch-elf/lib/rv32imac_zba_zbb_zbc_zbs_xw/ilp32\libg_nano.a(lib_a-nano-mallocr.o)
                0x00000000200a67da                _malloc_r
 .text._sungetc_r
                0x00000000200a68e8       0x90 d:/mounriver/mounriver_studio2/resources/app/resources/win32/components/wch/toolchain/risc-v embedded gcc12/bin/../lib/gcc/riscv-wch-elf/12.2.0/../../../../riscv-wch-elf/lib/rv32imac_zba_zbb_zbc_zbs_xw/ilp32\libg_nano.a(lib_a-nano-svfscanf.o)
                0x00000000200a68e8                _sungetc_r
 .text.__ssrefill_r
                0x00000000200a6978       0x44 d:/mounriver/mounriver_studio2/resources/app/resources/win32/components/wch/toolchain/risc-v embedded gcc12/bin/../lib/gcc/riscv-wch-elf/12.2.0/../../../../riscv-wch-elf/lib/rv32imac_zba_zbb_zbc_zbs_xw/ilp32\libg_nano.a(lib_a-nano-svfscanf.o)
                0x00000000200a6978                __ssrefill_r
 .text.__ssvfscanf_r
                0x00000000200a69bc      0x33e d:/mounriver/mounriver_studio2/resources/app/resources/win32/components/wch/toolchain/risc-v embedded gcc12/bin/../lib/gcc/riscv-wch-elf/12.2.0/../../../../riscv-wch-elf/lib/rv32imac_zba_zbb_zbc_zbs_xw/ilp32\libg_nano.a(lib_a-nano-svfscanf.o)
                0x00000000200a69bc                __ssvfiscanf_r
                0x00000000200a69bc                __ssvfscanf_r
 .text._scanf_chars
                0x00000000200a6cfa       0xda d:/mounriver/mounriver_studio2/resources/app/resources/win32/components/wch/toolchain/risc-v embedded gcc12/bin/../lib/gcc/riscv-wch-elf/12.2.0/../../../../riscv-wch-elf/lib/rv32imac_zba_zbb_zbc_zbs_xw/ilp32\libg_nano.a(lib_a-nano-vfscanf_i.o)
                0x00000000200a6cfa                _scanf_chars
 .text._scanf_i
                0x00000000200a6dd4      0x252 d:/mounriver/mounriver_studio2/resources/app/resources/win32/components/wch/toolchain/risc-v embedded gcc12/bin/../lib/gcc/riscv-wch-elf/12.2.0/../../../../riscv-wch-elf/lib/rv32imac_zba_zbb_zbc_zbs_xw/ilp32\libg_nano.a(lib_a-nano-vfscanf_i.o)
                0x00000000200a6dd4                _scanf_i
 .text._sbrk_r  0x00000000200a7026       0x28 d:/mounriver/mounriver_studio2/resources/app/resources/win32/components/wch/toolchain/risc-v embedded gcc12/bin/../lib/gcc/riscv-wch-elf/12.2.0/../../../../riscv-wch-elf/lib/rv32imac_zba_zbb_zbc_zbs_xw/ilp32\libg_nano.a(lib_a-sbrkr.o)
                0x00000000200a7026                _sbrk_r
 .text.__sccl   0x00000000200a704e       0x9e d:/mounriver/mounriver_studio2/resources/app/resources/win32/components/wch/toolchain/risc-v embedded gcc12/bin/../lib/gcc/riscv-wch-elf/12.2.0/../../../../riscv-wch-elf/lib/rv32imac_zba_zbb_zbc_zbs_xw/ilp32\libg_nano.a(lib_a-sccl.o)
                0x00000000200a704e                __sccl
 .text._strtol_l.constprop.0
                0x00000000200a70ec      0x13c d:/mounriver/mounriver_studio2/resources/app/resources/win32/components/wch/toolchain/risc-v embedded gcc12/bin/../lib/gcc/riscv-wch-elf/12.2.0/../../../../riscv-wch-elf/lib/rv32imac_zba_zbb_zbc_zbs_xw/ilp32\libg_nano.a(lib_a-strtol.o)
 .text._strtol_r
                0x00000000200a7228        0x4 d:/mounriver/mounriver_studio2/resources/app/resources/win32/components/wch/toolchain/risc-v embedded gcc12/bin/../lib/gcc/riscv-wch-elf/12.2.0/../../../../riscv-wch-elf/lib/rv32imac_zba_zbb_zbc_zbs_xw/ilp32\libg_nano.a(lib_a-strtol.o)
                0x00000000200a7228                _strtol_r
 .text._strtoul_l.constprop.0
                0x00000000200a722c      0x110 d:/mounriver/mounriver_studio2/resources/app/resources/win32/components/wch/toolchain/risc-v embedded gcc12/bin/../lib/gcc/riscv-wch-elf/12.2.0/../../../../riscv-wch-elf/lib/rv32imac_zba_zbb_zbc_zbs_xw/ilp32\libg_nano.a(lib_a-strtoul.o)
 .text._strtoul_r
                0x00000000200a733c        0x4 d:/mounriver/mounriver_studio2/resources/app/resources/win32/components/wch/toolchain/risc-v embedded gcc12/bin/../lib/gcc/riscv-wch-elf/12.2.0/../../../../riscv-wch-elf/lib/rv32imac_zba_zbb_zbc_zbs_xw/ilp32\libg_nano.a(lib_a-strtoul.o)
                0x00000000200a733c                _strtoul_r
 .text.__submore
                0x00000000200a7340       0x84 d:/mounriver/mounriver_studio2/resources/app/resources/win32/components/wch/toolchain/risc-v embedded gcc12/bin/../lib/gcc/riscv-wch-elf/12.2.0/../../../../riscv-wch-elf/lib/rv32imac_zba_zbb_zbc_zbs_xw/ilp32\libg_nano.a(lib_a-ungetc.o)
                0x00000000200a7340                __submore
 .text.__errno  0x00000000200a73c4        0x6 d:/mounriver/mounriver_studio2/resources/app/resources/win32/components/wch/toolchain/risc-v embedded gcc12/bin/../lib/gcc/riscv-wch-elf/12.2.0/../../../../riscv-wch-elf/lib/rv32imac_zba_zbb_zbc_zbs_xw/ilp32\libg_nano.a(lib_a-errno.o)
                0x00000000200a73c4                __errno
 .text.memchr   0x00000000200a73ca       0x18 d:/mounriver/mounriver_studio2/resources/app/resources/win32/components/wch/toolchain/risc-v embedded gcc12/bin/../lib/gcc/riscv-wch-elf/12.2.0/../../../../riscv-wch-elf/lib/rv32imac_zba_zbb_zbc_zbs_xw/ilp32\libg_nano.a(lib_a-memchr.o)
                0x00000000200a73ca                memchr
 .text.__malloc_lock
                0x00000000200a73e2        0x8 d:/mounriver/mounriver_studio2/resources/app/resources/win32/components/wch/toolchain/risc-v embedded gcc12/bin/../lib/gcc/riscv-wch-elf/12.2.0/../../../../riscv-wch-elf/lib/rv32imac_zba_zbb_zbc_zbs_xw/ilp32\libg_nano.a(lib_a-mlock.o)
                0x00000000200a73e2                __malloc_lock
 .text.__malloc_unlock
                0x00000000200a73ea        0x8 d:/mounriver/mounriver_studio2/resources/app/resources/win32/components/wch/toolchain/risc-v embedded gcc12/bin/../lib/gcc/riscv-wch-elf/12.2.0/../../../../riscv-wch-elf/lib/rv32imac_zba_zbb_zbc_zbs_xw/ilp32\libg_nano.a(lib_a-mlock.o)
                0x00000000200a73ea                __malloc_unlock
 .text._realloc_r
                0x00000000200a73f2       0x76 d:/mounriver/mounriver_studio2/resources/app/resources/win32/components/wch/toolchain/risc-v embedded gcc12/bin/../lib/gcc/riscv-wch-elf/12.2.0/../../../../riscv-wch-elf/lib/rv32imac_zba_zbb_zbc_zbs_xw/ilp32\libg_nano.a(lib_a-nano-reallocr.o)
                0x00000000200a73f2                _realloc_r
 .text._malloc_usable_size_r
                0x00000000200a7468       0x14 d:/mounriver/mounriver_studio2/resources/app/resources/win32/components/wch/toolchain/risc-v embedded gcc12/bin/../lib/gcc/riscv-wch-elf/12.2.0/../../../../riscv-wch-elf/lib/rv32imac_zba_zbb_zbc_zbs_xw/ilp32\libg_nano.a(lib_a-nano-msizer.o)
                0x00000000200a7468                _malloc_usable_size_r
 *(.rodata)
 *(.rodata*)
 *fill*         0x00000000200a747c        0x0 
 .rodata.spk_play_start.str1.4
                0x00000000200a747c       0xb2 ./User/main.o
 *fill*         0x00000000200a752e        0x2 
 .rodata.main.str1.4
                0x00000000200a7530       0x5c ./User/main.o
 .rodata.DMA1_Channel4_IRQHandler.str1.4
                0x00000000200a758c       0x15 ./Common/adc_echo.o
 *fill*         0x00000000200a75a1        0x3 
 .rodata.DMA1_Channel2_IRQHandler.str1.4
                0x00000000200a75a4       0x12 ./Common/pdm_mic.o
 *fill*         0x00000000200a75b6        0x2 
 .rodata.DMA1_Channel1_IRQHandler.str1.4
                0x00000000200a75b8       0x25 ./Common/pdm_mic.o
 *fill*         0x00000000200a75dd        0x3 
 .rodata.DMA1_Channel3_IRQHandler.str1.4
                0x00000000200a75e0       0x1d ./Common/sai_spk.o
                                         0x28 (size before relaxing)
 *fill*         0x00000000200a75fd        0x3 
 .rodata.sai_spk_init.str1.4
                0x00000000200a7600       0x2c ./Common/sai_spk.o
 .rodata.shell_exec.str1.4
                0x00000000200a762c       0x19 ./Common/shell.o
                                         0x1d (size before relaxing)
 *fill*         0x00000000200a7645        0x3 
 .rodata.setmemfunc.str1.4
                0x00000000200a7648       0x3c ./Common/shell_func.o
 .rodata.helpfunc.str1.4
                0x00000000200a7684       0x51 ./Common/shell_func.o
                                         0x55 (size before relaxing)
 *fill*         0x00000000200a76d5        0x3 
 .rodata.printmemfunc.str1.4
                0x00000000200a76d8       0x7d ./Common/shell_func.o
 *fill*         0x00000000200a7755        0x3 
 .rodata.sxmemfunc.str1.4
                0x00000000200a7758       0x29 ./Common/shell_func.o
 *fill*         0x00000000200a7781        0x3 
 .rodata.rxmemfunc.str1.4
                0x00000000200a7784       0x13 ./Common/shell_func.o
 *fill*         0x00000000200a7797        0x1 
 .rodata.spkplayfunc.str1.4
                0x00000000200a7798       0x28 ./Common/shell_func.o
 .rodata.micrecfunc.str1.4
                0x00000000200a77c0       0x22 ./Common/shell_func.o
 *fill*         0x00000000200a77e2        0x2 
 .rodata.str1.4
                0x00000000200a77e4       0xea ./Common/shell_func.o
 *fill*         0x00000000200a78ce        0x2 
 .rodata.g_shell_cmd_list_ast
                0x00000000200a78d0       0x60 ./Common/shell_func.o
                0x00000000200a78d0                g_shell_cmd_list_ast
 .rodata.wav_decode.str1.4
                0x00000000200a7930       0x1d ./Common/wav.o
 *fill*         0x00000000200a794d        0x3 
 .rodata.xmodem_rx
                0x00000000200a7950       0x14 ./Common/xmodem.o
 .rodata.t      0x00000000200a7964       0x20 ./Common/xmodem.o
 .rodata.xvfprintf.str1.4
                0x00000000200a7984        0xc ./Common/xprintf.o
                                         0x10 (size before relaxing)
 .rodata.xvfprintf
                0x00000000200a7990       0x5c ./Common/xprintf.o
 .rodata.__divdf3
                0x00000000200a79ec       0x40 d:/mounriver/mounriver_studio2/resources/app/resources/win32/components/wch/toolchain/risc-v embedded gcc12/bin/../lib/gcc/riscv-wch-elf/12.2.0/rv32imac_zba_zbb_zbc_zbs_xw/ilp32\libgcc.a(divdf3.o)
 .rodata.__clz_tab
                0x00000000200a7a2c      0x100 d:/mounriver/mounriver_studio2/resources/app/resources/win32/components/wch/toolchain/risc-v embedded gcc12/bin/../lib/gcc/riscv-wch-elf/12.2.0/rv32imac_zba_zbb_zbc_zbs_xw/ilp32\libgcc.a(_clz.o)
                0x00000000200a7a2c                __clz_tab
 .rodata.__sf_fake_stderr
                0x00000000200a7b2c       0x20 d:/mounriver/mounriver_studio2/resources/app/resources/win32/components/wch/toolchain/risc-v embedded gcc12/bin/../lib/gcc/riscv-wch-elf/12.2.0/../../../../riscv-wch-elf/lib/rv32imac_zba_zbb_zbc_zbs_xw/ilp32\libg_nano.a(lib_a-findfp.o)
                0x00000000200a7b2c                __sf_fake_stderr
 .rodata.__sf_fake_stdout
                0x00000000200a7b4c       0x20 d:/mounriver/mounriver_studio2/resources/app/resources/win32/components/wch/toolchain/risc-v embedded gcc12/bin/../lib/gcc/riscv-wch-elf/12.2.0/../../../../riscv-wch-elf/lib/rv32imac_zba_zbb_zbc_zbs_xw/ilp32\libg_nano.a(lib_a-findfp.o)
                0x00000000200a7b4c                __sf_fake_stdout
 .rodata.__sf_fake_stdin
                0x00000000200a7b6c       0x20 d:/mounriver/mounriver_studio2/resources/app/resources/win32/components/wch/toolchain/risc-v embedded gcc12/bin/../lib/gcc/riscv-wch-elf/12.2.0/../../../../riscv-wch-elf/lib/rv32imac_zba_zbb_zbc_zbs_xw/ilp32\libg_nano.a(lib_a-findfp.o)
                0x00000000200a7b6c                __sf_fake_stdin
 .rodata.__ssvfscanf_r.str1.4
                0x00000000200a7b8c        0x4 d:/mounriver/mounriver_studio2/resources/app/resources/win32/components/wch/toolchain/risc-v embedded gcc12/bin/../lib/gcc/riscv-wch-elf/12.2.0/../../../../riscv-wch-elf/lib/rv32imac_zba_zbb_zbc_zbs_xw/ilp32\libg_nano.a(lib_a-nano-svfscanf.o)
 .rodata.__ssvfscanf_r
                0x00000000200a7b90       0x84 d:/mounriver/mounriver_studio2/resources/app/resources/win32/components/wch/toolchain/risc-v embedded gcc12/bin/../lib/gcc/riscv-wch-elf/12.2.0/../../../../riscv-wch-elf/lib/rv32imac_zba_zbb_zbc_zbs_xw/ilp32\libg_nano.a(lib_a-nano-svfscanf.o)
 .rodata._scanf_i.str1.4
                0x00000000200a7c14       0x1e d:/mounriver/mounriver_studio2/resources/app/resources/win32/components/wch/toolchain/risc-v embedded gcc12/bin/../lib/gcc/riscv-wch-elf/12.2.0/../../../../riscv-wch-elf/lib/rv32imac_zba_zbb_zbc_zbs_xw/ilp32\libg_nano.a(lib_a-nano-vfscanf_i.o)
 *fill*         0x00000000200a7c32        0x2 
 .rodata._ctype_
                0x00000000200a7c34      0x101 d:/mounriver/mounriver_studio2/resources/app/resources/win32/components/wch/toolchain/risc-v embedded gcc12/bin/../lib/gcc/riscv-wch-elf/12.2.0/../../../../riscv-wch-elf/lib/rv32imac_zba_zbb_zbc_zbs_xw/ilp32\libg_nano.a(lib_a-ctype_.o)
                0x00000000200a7c34                _ctype_
 *(.sdata2.*)
 *(.glue_7)
 *(.glue_7t)
 *(.gnu.linkonce.t.*)
                0x00000000200a7d38                . = ALIGN (0x4)
 *fill*         0x00000000200a7d35        0x3 
                0x00000000200a7d38                PROVIDE (_highcode_vma_end = .)

.text           0x0000000000017e1c       0x54
                0x0000000000017e1c                . = ALIGN (0x4)
 *(SORT_NONE(.handle_reset))
 .handle_reset  0x0000000000017e1c       0x52 ./Startup/startup_ch32h417_v5f.o
                0x0000000000017e1c                handle_reset
                0x0000000000017e70                . = ALIGN (0x4)
 *fill*         0x0000000000017e6e        0x2 

.rela.dyn       0x0000000000017e70        0x0
 .rela.init     0x0000000000017e70        0x0 ./User/ch32h417_it.o
 .rela.vector   0x0000000000017e70        0x0 ./User/ch32h417_it.o
 .rela.load     0x0000000000017e70        0x0 ./User/ch32h417_it.o
 .rela.handle_reset
                0x0000000000017e70        0x0 ./User/ch32h417_it.o
 .rela.text._sbrk
                0x0000000000017e70        0x0 ./User/ch32h417_it.o
 .rela.sdata.curbrk.0
                0x0000000000017e70        0x0 ./User/ch32h417_it.o
 .rela.text.__ssvfscanf_r
                0x0000000000017e70        0x0 ./User/ch32h417_it.o

.highcodelalign1
                0x0000000000017e70        0x0
                0x0000000000017e70                . = ALIGN (0x4)
                0x0000000000017e70                PROVIDE (_highcode_lma1 = .)

.fini           0x00000000200a7d38        0x0 load address 0x0000000000017e70
                0x00000000200a7d38                . = ALIGN (0x4)
                0x00000000200a7d38                PROVIDE (_highcode_vma_start1 = .)
 *(SORT_NONE(.fini))
                0x00000000200a7d38                . = ALIGN (0x4)
                [!provide]                        PROVIDE (_etext = .)
                [!provide]                        PROVIDE (_eitcm = .)

.preinit_array  0x00000000200a7d38        0x0 load address 0x0000000000017e70
                [!provide]                        PROVIDE (__preinit_array_start = .)
 *(.preinit_array)
                [!provide]                        PROVIDE (__preinit_array_end = .)

.init_array     0x00000000200a7d38        0x0 load address 0x0000000000017e70
                [!provide]                        PROVIDE (__init_array_start = .)
 *(SORT_BY_INIT_PRIORITY(.init_array.*) SORT_BY_INIT_PRIORITY(.ctors.*))
 *(.init_array EXCLUDE_FILE(*crtend?.o *crtend.o *crtbegin?.o *crtbegin.o) .ctors)
                [!provide]                        PROVIDE (__init_array_end = .)

.fini_array     0x00000000200a7d38        0x0 load address 0x0000000000017e70
                [!provide]                        PROVIDE (__fini_array_start = .)
 *(SORT_BY_INIT_PRIORITY(.fini_array.*) SORT_BY_INIT_PRIORITY(.dtors.*))
 *(.fini_array EXCLUDE_FILE(*crtend?.o *crtend.o *crtbegin?.o *crtbegin.o) .dtors)
                [!provide]                        PROVIDE (__fini_array_end = .)

.ctors
 *crtbegin.o(.ctors)
 *crtbegin?.o(.ctors)
 *(EXCLUDE_FILE(*crtend?.o *crtend.o) .ctors)
 *(SORT_BY_NAME(.ctors.*))
 *(.ctors)

.dtors          0x00000000200a7d38        0x0 load address 0x0000000000017e70
 *crtbegin.o(.dtors)
 *crtbegin?.o(.dtors)
 *(EXCLUDE_FILE(*crtend?.o *crtend.o) .dtors)
 *(SORT_BY_NAME(.dtors.*))
 *(.dtors)
                0x00000000200a7d38                . = ALIGN (0x4)
                0x00000000200a7d38                PROVIDE (_highcode_vma_end1 = .)

.dalign         0x00000000200c0300        0x0 load address 0x0000000000017e70
                0x00000000200c0300                . = ALIGN (0x4)
                0x00000000200c0300                PROVIDE (_data_vma = .)

.dlalign        0x0000000000017e70        0x0
                0x0000000000017e70                . = ALIGN (0x4)
                0x0000000000017e70                PROVIDE (_data_lma = .)

.data           0x00000000200c0300      0x2a8 load address 0x0000000000017e70
                0x00000000200c0300                . = ALIGN (0x4)
 *(.gnu.linkonce.r.*)
 *(.data .data.*)
 .data.SERDESPLLMULTB
                0x00000000200c0300       0x10 ./User/system_ch32h417.o
 .data.HBPrescTB
                0x00000000200c0310       0x10 ./User/system_ch32h417.o
 .data.PLLMULTB
                0x00000000200c0320       0x20 ./User/system_ch32h417.o
 .data.SERDESPLLMULTable
                0x00000000200c0340       0x10 ./Peripheral/src/ch32h417_rcc.o
 .data.HBPrescTable
                0x00000000200c0350       0x10 ./Peripheral/src/ch32h417_rcc.o
 .data.PLLMULTable
                0x00000000200c0360       0x20 ./Peripheral/src/ch32h417_rcc.o
 .data.fifo_dev
                0x00000000200c0380       0x14 ./Common/adc_echo.o
 .data.right_fifo_dev
                0x00000000200c0394       0x14 ./Common/pdm_mic.o
 .data.left_fifo_dev
                0x00000000200c03a8       0x14 ./Common/pdm_mic.o
 .data.fifo_dev
                0x00000000200c03bc       0x14 ./Common/sai_spk.o
 .data.s_cmd_buf_au8
                0x00000000200c03d0      0x100 ./Common/shell.o
 .data.rx_fifo_dev
                0x00000000200c04d0       0x14 ./Common/uart.o
                0x00000000200c04d0                rx_fifo_dev
 .data.impure_data
                0x00000000200c04e4       0x60 d:/mounriver/mounriver_studio2/resources/app/resources/win32/components/wch/toolchain/risc-v embedded gcc12/bin/../lib/gcc/riscv-wch-elf/12.2.0/../../../../riscv-wch-elf/lib/rv32imac_zba_zbb_zbc_zbs_xw/ilp32\libg_nano.a(lib_a-impure.o)
 *(.gnu.linkonce.d.*)
                0x00000000200c0548                . = ALIGN (0x8)
 *fill*         0x00000000200c0544        0x4 
                0x00000000200c0d48                PROVIDE (__global_pointer$ = (. + 0x800))
 *(.sdata .sdata.*)
 .sdata.right_over_run.0
                0x00000000200c0548        0x4 ./User/main.o
 .sdata.left_over_run.1
                0x00000000200c054c        0x4 ./User/main.o
 .sdata.echo_over_run.2
                0x00000000200c0550        0x4 ./User/main.o
 .sdata.s_spk_data_chnum
                0x00000000200c0554        0x4 ./User/main.o
 .sdata.FPRETB  0x00000000200c0558        0x4 ./User/system_ch32h417.o
 .sdata.ADCPRETable
                0x00000000200c055c        0x4 ./Peripheral/src/ch32h417_rcc.o
 .sdata.PPRE2Table
                0x00000000200c0560        0x8 ./Peripheral/src/ch32h417_rcc.o
 .sdata.FPRETable
                0x00000000200c0568        0x4 ./Peripheral/src/ch32h417_rcc.o
 .sdata.curbrk.0
                0x00000000200c056c        0x4 ./Common/Debug/debug.o
 .sdata.over_run
                0x00000000200c0570        0x4 ./Common/sai_spk.o
 .sdata._impure_ptr
                0x00000000200c0574        0x4 d:/mounriver/mounriver_studio2/resources/app/resources/win32/components/wch/toolchain/risc-v embedded gcc12/bin/../lib/gcc/riscv-wch-elf/12.2.0/../../../../riscv-wch-elf/lib/rv32imac_zba_zbb_zbc_zbs_xw/ilp32\libg_nano.a(lib_a-impure.o)
                0x00000000200c0574                _impure_ptr
 *(.sdata2.*)
 *(.gnu.linkonce.s.*)
                0x00000000200c0578                . = ALIGN (0x8)
 *(.srodata.cst16)
 *(.srodata.cst8)
 .srodata.cst8  0x00000000200c0578       0x30 ./Common/xprintf.o
 *(.srodata.cst4)
 *(.srodata.cst2)
 *(.srodata .srodata.*)
                0x00000000200c05a8                . = ALIGN (0x4)
                0x00000000200c05a8                PROVIDE (_edata = .)

.bss            0x00000000200c05c0     0x5758 load address 0x0000000000018118
                0x00000000200c05c0                . = ALIGN (0x4)
                0x00000000200c05c0                PROVIDE (_sbss = .)
 *(.sbss*)
 .sbss.s_spk_play_current_samps
                0x00000000200c05c0        0x4 ./User/main.o
 .sbss.s_spk_play_total_samps
                0x00000000200c05c4        0x4 ./User/main.o
 .sbss.s_spk_play_buffer
                0x00000000200c05c8        0x4 ./User/main.o
 .sbss.s_spk_play_flag
                0x00000000200c05cc        0x4 ./User/main.o
 .sbss.s_mic_rec_current_samps
                0x00000000200c05d0        0x4 ./User/main.o
 .sbss.s_mic_rec_total_samps
                0x00000000200c05d4        0x4 ./User/main.o
 .sbss.s_mic_rec_buffer
                0x00000000200c05d8        0x4 ./User/main.o
 .sbss.s_mic_rec_flag
                0x00000000200c05dc        0x4 ./User/main.o
 .sbss.SystemCoreClock
                0x00000000200c05e0        0x4 ./User/system_ch32h417.o
                0x00000000200c05e0                SystemCoreClock
 .sbss.SystemClock
                0x00000000200c05e4        0x4 ./User/system_ch32h417.o
                0x00000000200c05e4                SystemClock
 .sbss.HCLKClock
                0x00000000200c05e8        0x4 ./User/system_ch32h417.o
                0x00000000200c05e8                HCLKClock
 .sbss.over_run
                0x00000000200c05ec        0x4 ./Common/adc_echo.o
 .sbss.over_run_print_flag
                0x00000000200c05f0        0x4 ./Common/adc_echo.o
 .sbss.right_over_run_print_flag
                0x00000000200c05f4        0x4 ./Common/pdm_mic.o
 .sbss.right_over_run
                0x00000000200c05f8        0x4 ./Common/pdm_mic.o
 .sbss.left_over_run_print_flag
                0x00000000200c05fc        0x4 ./Common/pdm_mic.o
 .sbss.left_over_run
                0x00000000200c0600        0x4 ./Common/pdm_mic.o
 .sbss.over_run_print_flag
                0x00000000200c0604        0x4 ./Common/sai_spk.o
 .sbss.s_cmd_buf_index_u32
                0x00000000200c0608        0x4 ./Common/shell.o
 .sbss.s_enableecho_u8
                0x00000000200c060c        0x1 ./Common/shell.o
                0x00000000200c060c                s_enableecho_u8
 *fill*         0x00000000200c060d        0x3 
 .sbss.s_cmd_cfg_pst
                0x00000000200c0610        0x4 ./Common/shell.o
                0x00000000200c0610                s_cmd_cfg_pst
 .sbss.s_output_pf
                0x00000000200c0614        0x4 ./Common/shell.o
                0x00000000200c0614                s_output_pf
 .sbss.s_input_pf
                0x00000000200c0618        0x4 ./Common/shell.o
                0x00000000200c0618                s_input_pf
 .sbss.g_counter
                0x00000000200c061c        0x4 ./Common/systick.o
                0x00000000200c061c                g_counter
 .sbss.s_cfg_pst
                0x00000000200c0620        0x4 ./Common/xmodem.o
 .sbss.xfunc_input
                0x00000000200c0624        0x4 ./Common/xprintf.o
                0x00000000200c0624                xfunc_input
 .sbss.strptr   0x00000000200c0628        0x4 ./Common/xprintf.o
 .sbss.xfunc_output
                0x00000000200c062c        0x4 ./Common/xprintf.o
                0x00000000200c062c                xfunc_output
 .sbss.__lock___malloc_recursive_mutex
                0x00000000200c0630        0x1 d:/mounriver/mounriver_studio2/resources/app/resources/win32/components/wch/toolchain/risc-v embedded gcc12/bin/../lib/gcc/riscv-wch-elf/12.2.0/../../../../riscv-wch-elf/lib/rv32imac_zba_zbb_zbc_zbs_xw/ilp32\libg_nano.a(lib_a-lock.o)
                0x00000000200c0630                __lock___malloc_recursive_mutex
 *fill*         0x00000000200c0631        0x3 
 .sbss.__malloc_sbrk_start
                0x00000000200c0634        0x4 d:/mounriver/mounriver_studio2/resources/app/resources/win32/components/wch/toolchain/risc-v embedded gcc12/bin/../lib/gcc/riscv-wch-elf/12.2.0/../../../../riscv-wch-elf/lib/rv32imac_zba_zbb_zbc_zbs_xw/ilp32\libg_nano.a(lib_a-nano-mallocr.o)
                0x00000000200c0634                __malloc_sbrk_start
 .sbss.__malloc_free_list
                0x00000000200c0638        0x4 d:/mounriver/mounriver_studio2/resources/app/resources/win32/components/wch/toolchain/risc-v embedded gcc12/bin/../lib/gcc/riscv-wch-elf/12.2.0/../../../../riscv-wch-elf/lib/rv32imac_zba_zbb_zbc_zbs_xw/ilp32\libg_nano.a(lib_a-nano-mallocr.o)
                0x00000000200c0638                __malloc_free_list
 .sbss.errno    0x00000000200c063c        0x4 d:/mounriver/mounriver_studio2/resources/app/resources/win32/components/wch/toolchain/risc-v embedded gcc12/bin/../lib/gcc/riscv-wch-elf/12.2.0/../../../../riscv-wch-elf/lib/rv32imac_zba_zbb_zbc_zbs_xw/ilp32\libg_nano.a(lib_a-reent.o)
                0x00000000200c063c                errno
 *(.gnu.linkonce.sb.*)
 *(.bss*)
 .bss.ECHO_TmpBuffer
                0x00000000200c0640      0x140 ./User/main.o
 .bss.PDM_RightTmpBuffer
                0x00000000200c0780      0x140 ./User/main.o
 .bss.PDM_LeftTmpBuffer
                0x00000000200c08c0      0x140 ./User/main.o
 .bss.SAI_Data  0x00000000200c0a00      0x280 ./User/main.o
 .bss.fifo_buffer
                0x00000000200c0c80      0xc80 ./Common/adc_echo.o
 .bss.Echo_Data
                0x00000000200c1900      0x140 ./Common/adc_echo.o
 .bss.right_fifo_buffer
                0x00000000200c1a40      0xc80 ./Common/pdm_mic.o
 .bss.left_fifo_buffer
                0x00000000200c26c0      0xc80 ./Common/pdm_mic.o
 .bss.PDM_RightTmpBuffer
                0x00000000200c3340       0xa0 ./Common/pdm_mic.o
                0x00000000200c3340                PDM_RightTmpBuffer
 .bss.PDM_LeftTmpBuffer
                0x00000000200c33e0       0xa0 ./Common/pdm_mic.o
                0x00000000200c33e0                PDM_LeftTmpBuffer
 .bss.PDM_RightBuffer
                0x00000000200c3480      0x280 ./Common/pdm_mic.o
                0x00000000200c3480                PDM_RightBuffer
 .bss.PDM_LeftBuffer
                0x00000000200c3700      0x280 ./Common/pdm_mic.o
                0x00000000200c3700                PDM_LeftBuffer
 .bss.fifo_buffer
                0x00000000200c3980     0x1900 ./Common/sai_spk.o
 .bss.SAI_Data  0x00000000200c5280      0x280 ./Common/sai_spk.o
 .bss.rxtx_buf  0x00000000200c5500      0x405 ./Common/shell_func.o
 *fill*         0x00000000200c5905        0x3 
 .bss.rx_fifo_buffer
                0x00000000200c5908      0x400 ./Common/uart.o
 .bss.s_state_st
                0x00000000200c5d08       0x10 ./Common/xmodem.o
 *(.gnu.linkonce.b.*)
 *(COMMON*)
                0x00000000200c5d18                . = ALIGN (0x4)
                0x00000000200c5d18                PROVIDE (_ebss = .)
                0x00000000200c5d18                PROVIDE (_end = _ebss)
                [!provide]                        PROVIDE (end = .)

.stack          0x00000000200ff000     0x1000
                0x00000000200ff000                PROVIDE (_heap_end = .)
                0x00000000200ff000                . = ALIGN (0x4)
                [!provide]                        PROVIDE (_susrstack = .)
                0x0000000020100000                . = (. + __stack_size)
 *fill*         0x00000000200ff000     0x1000 
                0x0000000020100000                PROVIDE (_eusrstack = .)
OUTPUT(test_V5F.elf elf32-littleriscv)

.debug_info     0x0000000000000000    0x159cb
 .debug_info    0x0000000000000000      0x3dc ./User/ch32h417_it.o
 .debug_info    0x00000000000003dc      0xeaa ./User/main.o
 .debug_info    0x0000000000001286      0x5df ./User/system_ch32h417.o
 .debug_info    0x0000000000001865       0x23 ./Startup/startup_ch32h417_v5f.o
 .debug_info    0x0000000000001888      0xe0e ./Peripheral/src/ch32h417_adc.o
 .debug_info    0x0000000000002696     0x136e ./Peripheral/src/ch32h417_dfsdm.o
 .debug_info    0x0000000000003a04      0x53c ./Peripheral/src/ch32h417_dma.o
 .debug_info    0x0000000000003f40      0xa42 ./Peripheral/src/ch32h417_fmc.o
 .debug_info    0x0000000000004982      0xb73 ./Peripheral/src/ch32h417_gpio.o
 .debug_info    0x00000000000054f5      0x69c ./Peripheral/src/ch32h417_pwr.o
 .debug_info    0x0000000000005b91     0x12b3 ./Peripheral/src/ch32h417_rcc.o
 .debug_info    0x0000000000006e44      0x7dc ./Peripheral/src/ch32h417_sai.o
 .debug_info    0x0000000000007620     0x26b1 ./Peripheral/src/ch32h417_tim.o
 .debug_info    0x0000000000009cd1      0xb26 ./Peripheral/src/ch32h417_usart.o
 .debug_info    0x000000000000a7f7      0x70f ./Common/Debug/debug.o
 .debug_info    0x000000000000af06     0x1ac6 ./Common/adc_echo.o
 .debug_info    0x000000000000c9cc      0x29d ./Common/fifo.o
 .debug_info    0x000000000000cc69      0x39f ./Common/gpio.o
 .debug_info    0x000000000000d008     0x1dea ./Common/pdm_mic.o
 .debug_info    0x000000000000edf2     0x17b7 ./Common/sai_spk.o
 .debug_info    0x00000000000105a9     0x1166 ./Common/sdram.o
 .debug_info    0x000000000001170f      0x555 ./Common/shell.o
 .debug_info    0x0000000000011c64      0xf6b ./Common/shell_func.o
 .debug_info    0x0000000000012bcf      0x815 ./Common/systick.o
 .debug_info    0x00000000000133e4      0xef6 ./Common/uart.o
 .debug_info    0x00000000000142da      0x301 ./Common/wav.o
 .debug_info    0x00000000000145db      0x804 ./Common/xmodem.o
 .debug_info    0x0000000000014ddf      0xbec ./Common/xprintf.o

.debug_abbrev   0x0000000000000000     0x4341
 .debug_abbrev  0x0000000000000000      0x10f ./User/ch32h417_it.o
 .debug_abbrev  0x000000000000010f      0x3ef ./User/main.o
 .debug_abbrev  0x00000000000004fe      0x186 ./User/system_ch32h417.o
 .debug_abbrev  0x0000000000000684       0x12 ./Startup/startup_ch32h417_v5f.o
 .debug_abbrev  0x0000000000000696      0x22a ./Peripheral/src/ch32h417_adc.o
 .debug_abbrev  0x00000000000008c0      0x27c ./Peripheral/src/ch32h417_dfsdm.o
 .debug_abbrev  0x0000000000000b3c      0x214 ./Peripheral/src/ch32h417_dma.o
 .debug_abbrev  0x0000000000000d50      0x1f3 ./Peripheral/src/ch32h417_fmc.o
 .debug_abbrev  0x0000000000000f43      0x27a ./Peripheral/src/ch32h417_gpio.o
 .debug_abbrev  0x00000000000011bd      0x268 ./Peripheral/src/ch32h417_pwr.o
 .debug_abbrev  0x0000000000001425      0x36e ./Peripheral/src/ch32h417_rcc.o
 .debug_abbrev  0x0000000000001793      0x22d ./Peripheral/src/ch32h417_sai.o
 .debug_abbrev  0x00000000000019c0      0x337 ./Peripheral/src/ch32h417_tim.o
 .debug_abbrev  0x0000000000001cf7      0x210 ./Peripheral/src/ch32h417_usart.o
 .debug_abbrev  0x0000000000001f07      0x23c ./Common/Debug/debug.o
 .debug_abbrev  0x0000000000002143      0x3a8 ./Common/adc_echo.o
 .debug_abbrev  0x00000000000024eb      0x12f ./Common/fifo.o
 .debug_abbrev  0x000000000000261a      0x1a8 ./Common/gpio.o
 .debug_abbrev  0x00000000000027c2      0x3f6 ./Common/pdm_mic.o
 .debug_abbrev  0x0000000000002bb8      0x3e7 ./Common/sai_spk.o
 .debug_abbrev  0x0000000000002f9f      0x247 ./Common/sdram.o
 .debug_abbrev  0x00000000000031e6      0x245 ./Common/shell.o
 .debug_abbrev  0x000000000000342b      0x2e5 ./Common/shell_func.o
 .debug_abbrev  0x0000000000003710      0x1ed ./Common/systick.o
 .debug_abbrev  0x00000000000038fd      0x2e1 ./Common/uart.o
 .debug_abbrev  0x0000000000003bde      0x174 ./Common/wav.o
 .debug_abbrev  0x0000000000003d52      0x2a5 ./Common/xmodem.o
 .debug_abbrev  0x0000000000003ff7      0x34a ./Common/xprintf.o

.debug_aranges  0x0000000000000000     0x1218
 .debug_aranges
                0x0000000000000000       0x28 ./User/ch32h417_it.o
 .debug_aranges
                0x0000000000000028       0x50 ./User/main.o
 .debug_aranges
                0x0000000000000078       0x20 ./User/system_ch32h417.o
 .debug_aranges
                0x0000000000000098       0x38 ./Startup/startup_ch32h417_v5f.o
 .debug_aranges
                0x00000000000000d0      0x180 ./Peripheral/src/ch32h417_adc.o
 .debug_aranges
                0x0000000000000250      0x210 ./Peripheral/src/ch32h417_dfsdm.o
 .debug_aranges
                0x0000000000000460       0x78 ./Peripheral/src/ch32h417_dma.o
 .debug_aranges
                0x00000000000004d8       0xc8 ./Peripheral/src/ch32h417_fmc.o
 .debug_aranges
                0x00000000000005a0       0xa0 ./Peripheral/src/ch32h417_gpio.o
 .debug_aranges
                0x0000000000000640       0x68 ./Peripheral/src/ch32h417_pwr.o
 .debug_aranges
                0x00000000000006a8      0x1f0 ./Peripheral/src/ch32h417_rcc.o
 .debug_aranges
                0x0000000000000898       0xe0 ./Peripheral/src/ch32h417_sai.o
 .debug_aranges
                0x0000000000000978      0x3a8 ./Peripheral/src/ch32h417_tim.o
 .debug_aranges
                0x0000000000000d20      0x100 ./Peripheral/src/ch32h417_usart.o
 .debug_aranges
                0x0000000000000e20       0x48 ./Common/Debug/debug.o
 .debug_aranges
                0x0000000000000e68       0x58 ./Common/adc_echo.o
 .debug_aranges
                0x0000000000000ec0       0x40 ./Common/fifo.o
 .debug_aranges
                0x0000000000000f00       0x30 ./Common/gpio.o
 .debug_aranges
                0x0000000000000f30       0x68 ./Common/pdm_mic.o
 .debug_aranges
                0x0000000000000f98       0x48 ./Common/sai_spk.o
 .debug_aranges
                0x0000000000000fe0       0x20 ./Common/sdram.o
 .debug_aranges
                0x0000000000001000       0x38 ./Common/shell.o
 .debug_aranges
                0x0000000000001038       0x80 ./Common/shell_func.o
 .debug_aranges
                0x00000000000010b8       0x38 ./Common/systick.o
 .debug_aranges
                0x00000000000010f0       0x38 ./Common/uart.o
 .debug_aranges
                0x0000000000001128       0x28 ./Common/wav.o
 .debug_aranges
                0x0000000000001150       0x40 ./Common/xmodem.o
 .debug_aranges
                0x0000000000001190       0x88 ./Common/xprintf.o

.debug_rnglists
                0x0000000000000000     0x1650
 .debug_rnglists
                0x0000000000000000       0x1f ./User/ch32h417_it.o
 .debug_rnglists
                0x000000000000001f      0x12c ./User/main.o
 .debug_rnglists
                0x000000000000014b       0x29 ./User/system_ch32h417.o
 .debug_rnglists
                0x0000000000000174       0x26 ./Startup/startup_ch32h417_v5f.o
 .debug_rnglists
                0x000000000000019a      0x1a2 ./Peripheral/src/ch32h417_adc.o
 .debug_rnglists
                0x000000000000033c      0x244 ./Peripheral/src/ch32h417_dfsdm.o
 .debug_rnglists
                0x0000000000000580       0x79 ./Peripheral/src/ch32h417_dma.o
 .debug_rnglists
                0x00000000000005f9       0xd3 ./Peripheral/src/ch32h417_fmc.o
 .debug_rnglists
                0x00000000000006cc       0xa6 ./Peripheral/src/ch32h417_gpio.o
 .debug_rnglists
                0x0000000000000772       0x67 ./Peripheral/src/ch32h417_pwr.o
 .debug_rnglists
                0x00000000000007d9      0x258 ./Peripheral/src/ch32h417_rcc.o
 .debug_rnglists
                0x0000000000000a31       0xee ./Peripheral/src/ch32h417_sai.o
 .debug_rnglists
                0x0000000000000b1f      0x40f ./Peripheral/src/ch32h417_tim.o
 .debug_rnglists
                0x0000000000000f2e      0x112 ./Peripheral/src/ch32h417_usart.o
 .debug_rnglists
                0x0000000000001040       0x43 ./Common/Debug/debug.o
 .debug_rnglists
                0x0000000000001083       0x7b ./Common/adc_echo.o
 .debug_rnglists
                0x00000000000010fe       0x3a ./Common/fifo.o
 .debug_rnglists
                0x0000000000001138       0x28 ./Common/gpio.o
 .debug_rnglists
                0x0000000000001160       0xa0 ./Common/pdm_mic.o
 .debug_rnglists
                0x0000000000001200       0xa2 ./Common/sai_spk.o
 .debug_rnglists
                0x00000000000012a2       0x4e ./Common/sdram.o
 .debug_rnglists
                0x00000000000012f0       0xbe ./Common/shell.o
 .debug_rnglists
                0x00000000000013ae       0xce ./Common/shell_func.o
 .debug_rnglists
                0x000000000000147c       0x31 ./Common/systick.o
 .debug_rnglists
                0x00000000000014ad       0x44 ./Common/uart.o
 .debug_rnglists
                0x00000000000014f1       0x1f ./Common/wav.o
 .debug_rnglists
                0x0000000000001510       0xa2 ./Common/xmodem.o
 .debug_rnglists
                0x00000000000015b2       0x9e ./Common/xprintf.o

.debug_line     0x0000000000000000    0x16b29
 .debug_line    0x0000000000000000       0xdb ./User/ch32h417_it.o
 .debug_line    0x00000000000000db      0xc40 ./User/main.o
 .debug_line    0x0000000000000d1b      0x372 ./User/system_ch32h417.o
 .debug_line    0x000000000000108d      0x1f7 ./Startup/startup_ch32h417_v5f.o
 .debug_line    0x0000000000001284     0x1558 ./Peripheral/src/ch32h417_adc.o
 .debug_line    0x00000000000027dc     0x1ad3 ./Peripheral/src/ch32h417_dfsdm.o
 .debug_line    0x00000000000042af      0x8ec ./Peripheral/src/ch32h417_dma.o
 .debug_line    0x0000000000004b9b      0xfb4 ./Peripheral/src/ch32h417_fmc.o
 .debug_line    0x0000000000005b4f     0x14f3 ./Peripheral/src/ch32h417_gpio.o
 .debug_line    0x0000000000007042      0x535 ./Peripheral/src/ch32h417_pwr.o
 .debug_line    0x0000000000007577     0x1bb9 ./Peripheral/src/ch32h417_rcc.o
 .debug_line    0x0000000000009130      0x8eb ./Peripheral/src/ch32h417_sai.o
 .debug_line    0x0000000000009a1b     0x39c1 ./Peripheral/src/ch32h417_tim.o
 .debug_line    0x000000000000d3dc      0xeb8 ./Peripheral/src/ch32h417_usart.o
 .debug_line    0x000000000000e294      0x55a ./Common/Debug/debug.o
 .debug_line    0x000000000000e7ee      0x7ba ./Common/adc_echo.o
 .debug_line    0x000000000000efa8      0x47d ./Common/fifo.o
 .debug_line    0x000000000000f425      0x150 ./Common/gpio.o
 .debug_line    0x000000000000f575      0xe37 ./Common/pdm_mic.o
 .debug_line    0x00000000000103ac      0x9ae ./Common/sai_spk.o
 .debug_line    0x0000000000010d5a      0xee7 ./Common/sdram.o
 .debug_line    0x0000000000011c41      0x4f9 ./Common/shell.o
 .debug_line    0x000000000001213a      0xc33 ./Common/shell_func.o
 .debug_line    0x0000000000012d6d      0x1bc ./Common/systick.o
 .debug_line    0x0000000000012f29      0x38a ./Common/uart.o
 .debug_line    0x00000000000132b3      0x709 ./Common/wav.o
 .debug_line    0x00000000000139bc     0x1312 ./Common/xmodem.o
 .debug_line    0x0000000000014cce     0x1e5b ./Common/xprintf.o

.debug_str      0x0000000000000000     0x563d
 .debug_str     0x0000000000000000      0x265 ./User/ch32h417_it.o
                                        0x2b4 (size before relaxing)
 .debug_str     0x0000000000000265      0x5bc ./User/main.o
                                        0x7c2 (size before relaxing)
 .debug_str     0x0000000000000821       0x64 ./User/system_ch32h417.o
                                        0x3a6 (size before relaxing)
 .debug_str     0x0000000000000885       0xb9 ./Startup/startup_ch32h417_v5f.o
 .debug_str     0x000000000000093e      0x65a ./Peripheral/src/ch32h417_adc.o
                                        0x896 (size before relaxing)
 .debug_str     0x0000000000000f98      0xa8b ./Peripheral/src/ch32h417_dfsdm.o
                                        0xd9c (size before relaxing)
 .debug_str     0x0000000000001a23      0x295 ./Peripheral/src/ch32h417_dma.o
                                        0x495 (size before relaxing)
 .debug_str     0x0000000000001cb8      0x77d ./Peripheral/src/ch32h417_fmc.o
                                        0x97d (size before relaxing)
 .debug_str     0x0000000000002435      0x330 ./Peripheral/src/ch32h417_gpio.o
                                        0x61c (size before relaxing)
 .debug_str     0x0000000000002765      0x1a4 ./Peripheral/src/ch32h417_pwr.o
                                        0x4af (size before relaxing)
 .debug_str     0x0000000000002909      0x760 ./Peripheral/src/ch32h417_rcc.o
                                        0xd22 (size before relaxing)
 .debug_str     0x0000000000003069      0x3b4 ./Peripheral/src/ch32h417_sai.o
                                        0x5d4 (size before relaxing)
 .debug_str     0x000000000000341d      0xde2 ./Peripheral/src/ch32h417_tim.o
                                       0x1107 (size before relaxing)
 .debug_str     0x00000000000041ff      0x41f ./Peripheral/src/ch32h417_usart.o
                                        0x738 (size before relaxing)
 .debug_str     0x000000000000461e       0x89 ./Common/Debug/debug.o
                                        0x556 (size before relaxing)
 .debug_str     0x00000000000046a7      0x7e5 ./Common/adc_echo.o
                                       0x12e1 (size before relaxing)
 .debug_str     0x0000000000004e8c       0x2b ./Common/fifo.o
                                        0x206 (size before relaxing)
 .debug_str     0x0000000000004eb7       0x1b ./Common/gpio.o
                                        0x3ae (size before relaxing)
 .debug_str     0x0000000000004ed2      0x173 ./Common/pdm_mic.o
                                       0x1442 (size before relaxing)
 .debug_str     0x0000000000005045       0x9f ./Common/sai_spk.o
                                       0x112b (size before relaxing)
 .debug_str     0x00000000000050e4       0x72 ./Common/sdram.o
                                        0x648 (size before relaxing)
 .debug_str     0x0000000000005156       0xfe ./Common/shell.o
                                        0x30d (size before relaxing)
 .debug_str     0x0000000000005254      0x1e4 ./Common/shell_func.o
                                        0x49f (size before relaxing)
 .debug_str     0x0000000000005438       0x32 ./Common/systick.o
                                        0x9c1 (size before relaxing)
 .debug_str     0x000000000000546a       0x48 ./Common/uart.o
                                        0xd15 (size before relaxing)
 .debug_str     0x00000000000054b2       0x26 ./Common/wav.o
                                        0x25e (size before relaxing)
 .debug_str     0x00000000000054d8       0x5c ./Common/xmodem.o
                                        0x374 (size before relaxing)
 .debug_str     0x0000000000005534      0x109 ./Common/xprintf.o
                                        0x2d4 (size before relaxing)

.debug_line_str
                0x0000000000000000      0xebf
 .debug_line_str
                0x0000000000000000      0x1e9 ./User/ch32h417_it.o
                                        0x24e (size before relaxing)
 .debug_line_str
                0x00000000000001e9      0x18d ./User/main.o
                                        0x3c9 (size before relaxing)
 .debug_line_str
                0x0000000000000376       0x1a ./User/system_ch32h417.o
                                        0x315 (size before relaxing)
 .debug_line_str
                0x0000000000000390       0x64 ./Startup/startup_ch32h417_v5f.o
                                         0xc4 (size before relaxing)
 .debug_line_str
                0x00000000000003f4       0xd7 ./Peripheral/src/ch32h417_adc.o
                                        0x377 (size before relaxing)
 .debug_line_str
                0x00000000000004cb       0x76 ./Peripheral/src/ch32h417_dfsdm.o
                                        0x36e (size before relaxing)
 .debug_line_str
                0x0000000000000541       0x72 ./Peripheral/src/ch32h417_dma.o
                                        0x357 (size before relaxing)
 .debug_line_str
                0x00000000000005b3       0x72 ./Peripheral/src/ch32h417_fmc.o
                                        0x366 (size before relaxing)
 .debug_line_str
                0x0000000000000625       0x74 ./Peripheral/src/ch32h417_gpio.o
                                        0x37b (size before relaxing)
 .debug_line_str
                0x0000000000000699       0x63 ./Peripheral/src/ch32h417_pwr.o
                                        0x366 (size before relaxing)
 .debug_line_str
                0x00000000000006fc       0x63 ./Peripheral/src/ch32h417_rcc.o
                                        0x367 (size before relaxing)
 .debug_line_str
                0x000000000000075f       0x72 ./Peripheral/src/ch32h417_sai.o
                                        0x366 (size before relaxing)
 .debug_line_str
                0x00000000000007d1       0x72 ./Peripheral/src/ch32h417_tim.o
                                        0x366 (size before relaxing)
 .debug_line_str
                0x0000000000000843       0x76 ./Peripheral/src/ch32h417_usart.o
                                        0x36e (size before relaxing)
 .debug_line_str
                0x00000000000008b9      0x13e ./Common/Debug/debug.o
                                        0x44d (size before relaxing)
 .debug_line_str
                0x00000000000009f7       0x5a ./Common/adc_echo.o
                                        0x396 (size before relaxing)
 .debug_line_str
                0x0000000000000a51       0xda ./Common/fifo.o
                                        0x399 (size before relaxing)
 .debug_line_str
                0x0000000000000b2b       0x4f ./Common/gpio.o
                                        0x337 (size before relaxing)
 .debug_line_str
                0x0000000000000b7a       0x52 ./Common/pdm_mic.o
                                        0x37c (size before relaxing)
 .debug_line_str
                0x0000000000000bcc       0x52 ./Common/sai_spk.o
                                        0x4a9 (size before relaxing)
 .debug_line_str
                0x0000000000000c1e       0x50 ./Common/sdram.o
                                        0x354 (size before relaxing)
 .debug_line_str
                0x0000000000000c6e       0x50 ./Common/shell.o
                                        0x278 (size before relaxing)
 .debug_line_str
                0x0000000000000cbe       0x66 ./Common/shell_func.o
                                        0x3e5 (size before relaxing)
 .debug_line_str
                0x0000000000000d24       0x52 ./Common/systick.o
                                        0x321 (size before relaxing)
 .debug_line_str
                0x0000000000000d76       0x4f ./Common/uart.o
                                        0x34f (size before relaxing)
 .debug_line_str
                0x0000000000000dc5       0x4e ./Common/wav.o
                                        0x38a (size before relaxing)
 .debug_line_str
                0x0000000000000e13       0x51 ./Common/xmodem.o
                                        0x396 (size before relaxing)
 .debug_line_str
                0x0000000000000e64       0x5b ./Common/xprintf.o
                                        0x278 (size before relaxing)

.comment        0x0000000000000000       0x31
 .comment       0x0000000000000000       0x31 ./User/ch32h417_it.o
                                         0x32 (size before relaxing)
 .comment       0x0000000000000031       0x32 ./User/main.o
 .comment       0x0000000000000031       0x32 ./User/system_ch32h417.o
 .comment       0x0000000000000031       0x32 ./Peripheral/src/ch32h417_adc.o
 .comment       0x0000000000000031       0x32 ./Peripheral/src/ch32h417_dfsdm.o
 .comment       0x0000000000000031       0x32 ./Peripheral/src/ch32h417_dma.o
 .comment       0x0000000000000031       0x32 ./Peripheral/src/ch32h417_fmc.o
 .comment       0x0000000000000031       0x32 ./Peripheral/src/ch32h417_gpio.o
 .comment       0x0000000000000031       0x32 ./Peripheral/src/ch32h417_pwr.o
 .comment       0x0000000000000031       0x32 ./Peripheral/src/ch32h417_rcc.o
 .comment       0x0000000000000031       0x32 ./Peripheral/src/ch32h417_sai.o
 .comment       0x0000000000000031       0x32 ./Peripheral/src/ch32h417_tim.o
 .comment       0x0000000000000031       0x32 ./Peripheral/src/ch32h417_usart.o
 .comment       0x0000000000000031       0x32 ./Common/Debug/debug.o
 .comment       0x0000000000000031       0x32 ./Common/adc_echo.o
 .comment       0x0000000000000031       0x32 ./Common/fifo.o
 .comment       0x0000000000000031       0x32 ./Common/gpio.o
 .comment       0x0000000000000031       0x32 ./Common/pdm_mic.o
 .comment       0x0000000000000031       0x32 ./Common/sai_spk.o
 .comment       0x0000000000000031       0x32 ./Common/sdram.o
 .comment       0x0000000000000031       0x32 ./Common/shell.o
 .comment       0x0000000000000031       0x32 ./Common/shell_func.o
 .comment       0x0000000000000031       0x32 ./Common/systick.o
 .comment       0x0000000000000031       0x32 ./Common/uart.o
 .comment       0x0000000000000031       0x32 ./Common/wav.o
 .comment       0x0000000000000031       0x32 ./Common/xmodem.o
 .comment       0x0000000000000031       0x32 ./Common/xprintf.o
 .comment       0x0000000000000031       0x32 d:/mounriver/mounriver_studio2/resources/app/resources/win32/components/wch/toolchain/risc-v embedded gcc12/bin/../lib/gcc/riscv-wch-elf/12.2.0/rv32imac_zba_zbb_zbc_zbs_xw/ilp32\libgcc.a(_udivdi3.o)
 .comment       0x0000000000000031       0x32 d:/mounriver/mounriver_studio2/resources/app/resources/win32/components/wch/toolchain/risc-v embedded gcc12/bin/../lib/gcc/riscv-wch-elf/12.2.0/rv32imac_zba_zbb_zbc_zbs_xw/ilp32\libgcc.a(_umoddi3.o)
 .comment       0x0000000000000031       0x32 d:/mounriver/mounriver_studio2/resources/app/resources/win32/components/wch/toolchain/risc-v embedded gcc12/bin/../lib/gcc/riscv-wch-elf/12.2.0/rv32imac_zba_zbb_zbc_zbs_xw/ilp32\libgcc.a(adddf3.o)
 .comment       0x0000000000000031       0x32 d:/mounriver/mounriver_studio2/resources/app/resources/win32/components/wch/toolchain/risc-v embedded gcc12/bin/../lib/gcc/riscv-wch-elf/12.2.0/rv32imac_zba_zbb_zbc_zbs_xw/ilp32\libgcc.a(divdf3.o)
 .comment       0x0000000000000031       0x32 d:/mounriver/mounriver_studio2/resources/app/resources/win32/components/wch/toolchain/risc-v embedded gcc12/bin/../lib/gcc/riscv-wch-elf/12.2.0/rv32imac_zba_zbb_zbc_zbs_xw/ilp32\libgcc.a(eqdf2.o)