Archive member included to satisfy reference by file (symbol)

d:/mounriver/mounriver_studio2/resources/app/resources/win32/components/wch/toolchain/risc-v embedded gcc12/bin/../lib/gcc/riscv-wch-elf/12.2.0/rv32imac_zba_zbb_zbc_zbs_xw/ilp32\libgcc.a(_divdi3.o)
                              ./Peripheral/src/ch32h417_usart.o (__divdi3)
d:/mounriver/mounriver_studio2/resources/app/resources/win32/components/wch/toolchain/risc-v embedded gcc12/bin/../lib/gcc/riscv-wch-elf/12.2.0/rv32imac_zba_zbb_zbc_zbs_xw/ilp32\libgcc.a(_udivdi3.o)
                              ./Peripheral/src/ch32h417_usart.o (__udivdi3)
d:/mounriver/mounriver_studio2/resources/app/resources/win32/components/wch/toolchain/risc-v embedded gcc12/bin/../lib/gcc/riscv-wch-elf/12.2.0/rv32imac_zba_zbb_zbc_zbs_xw/ilp32\libgcc.a(_umoddi3.o)
                              ./Common/xprintf.o (__umoddi3)
d:/mounriver/mounriver_studio2/resources/app/resources/win32/components/wch/toolchain/risc-v embedded gcc12/bin/../lib/gcc/riscv-wch-elf/12.2.0/rv32imac_zba_zbb_zbc_zbs_xw/ilp32\libgcc.a(adddf3.o)
                              ./Common/xprintf.o (__adddf3)
d:/mounriver/mounriver_studio2/resources/app/resources/win32/components/wch/toolchain/risc-v embedded gcc12/bin/../lib/gcc/riscv-wch-elf/12.2.0/rv32imac_zba_zbb_zbc_zbs_xw/ilp32\libgcc.a(divdf3.o)
                              ./Common/xprintf.o (__divdf3)
d:/mounriver/mounriver_studio2/resources/app/resources/win32/components/wch/toolchain/risc-v embedded gcc12/bin/../lib/gcc/riscv-wch-elf/12.2.0/rv32imac_zba_zbb_zbc_zbs_xw/ilp32\libgcc.a(eqdf2.o)
                              ./Common/xprintf.o (__nedf2)
d:/mounriver/mounriver_studio2/resources/app/resources/win32/components/wch/toolchain/risc-v embedded gcc12/bin/../lib/gcc/riscv-wch-elf/12.2.0/rv32imac_zba_zbb_zbc_zbs_xw/ilp32\libgcc.a(gedf2.o)
                              ./Common/xprintf.o (__gedf2)
d:/mounriver/mounriver_studio2/resources/app/resources/win32/components/wch/toolchain/risc-v embedded gcc12/bin/../lib/gcc/riscv-wch-elf/12.2.0/rv32imac_zba_zbb_zbc_zbs_xw/ilp32\libgcc.a(ledf2.o)
                              ./Common/xprintf.o (__ledf2)
d:/mounriver/mounriver_studio2/resources/app/resources/win32/components/wch/toolchain/risc-v embedded gcc12/bin/../lib/gcc/riscv-wch-elf/12.2.0/rv32imac_zba_zbb_zbc_zbs_xw/ilp32\libgcc.a(muldf3.o)
                              ./Common/xprintf.o (__muldf3)
d:/mounriver/mounriver_studio2/resources/app/resources/win32/components/wch/toolchain/risc-v embedded gcc12/bin/../lib/gcc/riscv-wch-elf/12.2.0/rv32imac_zba_zbb_zbc_zbs_xw/ilp32\libgcc.a(subdf3.o)
                              ./Common/xprintf.o (__subdf3)
d:/mounriver/mounriver_studio2/resources/app/resources/win32/components/wch/toolchain/risc-v embedded gcc12/bin/../lib/gcc/riscv-wch-elf/12.2.0/rv32imac_zba_zbb_zbc_zbs_xw/ilp32\libgcc.a(unorddf2.o)
                              ./Common/xprintf.o (__unorddf2)
d:/mounriver/mounriver_studio2/resources/app/resources/win32/components/wch/toolchain/risc-v embedded gcc12/bin/../lib/gcc/riscv-wch-elf/12.2.0/rv32imac_zba_zbb_zbc_zbs_xw/ilp32\libgcc.a(fixdfsi.o)
                              ./Common/xprintf.o (__fixdfsi)
d:/mounriver/mounriver_studio2/resources/app/resources/win32/components/wch/toolchain/risc-v embedded gcc12/bin/../lib/gcc/riscv-wch-elf/12.2.0/rv32imac_zba_zbb_zbc_zbs_xw/ilp32\libgcc.a(floatsidf.o)
                              ./Common/xprintf.o (__floatsidf)
d:/mounriver/mounriver_studio2/resources/app/resources/win32/components/wch/toolchain/risc-v embedded gcc12/bin/../lib/gcc/riscv-wch-elf/12.2.0/rv32imac_zba_zbb_zbc_zbs_xw/ilp32\libgcc.a(save-restore.o)
                              ./Common/memtester/src/memtester.o (__riscv_save_12)
d:/mounriver/mounriver_studio2/resources/app/resources/win32/components/wch/toolchain/risc-v embedded gcc12/bin/../lib/gcc/riscv-wch-elf/12.2.0/rv32imac_zba_zbb_zbc_zbs_xw/ilp32\libgcc.a(_clz.o)
                              d:/mounriver/mounriver_studio2/resources/app/resources/win32/components/wch/toolchain/risc-v embedded gcc12/bin/../lib/gcc/riscv-wch-elf/12.2.0/rv32imac_zba_zbb_zbc_zbs_xw/ilp32\libgcc.a(_divdi3.o) (__clz_tab)
d:/mounriver/mounriver_studio2/resources/app/resources/win32/components/wch/toolchain/risc-v embedded gcc12/bin/../lib/gcc/riscv-wch-elf/12.2.0/../../../../riscv-wch-elf/lib/rv32imac_zba_zbb_zbc_zbs_xw/ilp32\libg_nano.a(lib_a-memcpy-asm.o)
                              ./Common/fifo.o (memcpy)
d:/mounriver/mounriver_studio2/resources/app/resources/win32/components/wch/toolchain/risc-v embedded gcc12/bin/../lib/gcc/riscv-wch-elf/12.2.0/../../../../riscv-wch-elf/lib/rv32imac_zba_zbb_zbc_zbs_xw/ilp32\libg_nano.a(lib_a-memset.o)
                              ./Common/memtester/src/memtester.o (memset)
[...]
Memory Configuration

Name             Origin             Length             Attributes
FLASH            0x0000000000010000 0x0000000000020000 xr
RAM_CODE         0x00000000200a0000 0x0000000000020000 xrw
RAM              0x00000000200c0300 0x000000000003fd00 xrw
RAM_LOAD         0x00000000200c0200 0x0000000000000100 xrw
*default*        0x0000000000000000 0xffffffffffffffff

Linker script and memory map

LOAD ./User/ch32h417_it.o
LOAD ./User/main.o
LOAD ./User/system_ch32h417.o
LOAD ./Startup/startup_ch32h417_v5f.o
LOAD ./Peripheral/src/ch32h417_adc.o
LOAD ./Peripheral/src/ch32h417_can.o
LOAD ./Peripheral/src/ch32h417_crc.o
LOAD ./Peripheral/src/ch32h417_dac.o
LOAD ./Peripheral/src/ch32h417_dbgmcu.o
LOAD ./Peripheral/src/ch32h417_dfsdm.o
LOAD ./Peripheral/src/ch32h417_dma.o
LOAD ./Peripheral/src/ch32h417_dvp.o
LOAD ./Peripheral/src/ch32h417_ecdc.o
LOAD ./Peripheral/src/ch32h417_eth.o
LOAD ./Peripheral/src/ch32h417_exti.o
LOAD ./Peripheral/src/ch32h417_flash.o
LOAD ./Peripheral/src/ch32h417_fmc.o
LOAD ./Peripheral/src/ch32h417_gpha.o
LOAD ./Peripheral/src/ch32h417_gpio.o
LOAD ./Peripheral/src/ch32h417_hsadc.o
LOAD ./Peripheral/src/ch32h417_hsem.o
LOAD ./Peripheral/src/ch32h417_i2c.o
LOAD ./Peripheral/src/ch32h417_i3c.o
LOAD ./Peripheral/src/ch32h417_ipc.o
LOAD ./Peripheral/src/ch32h417_iwdg.o
LOAD ./Peripheral/src/ch32h417_lptim.o
LOAD ./Peripheral/src/ch32h417_ltdc.o
LOAD ./Peripheral/src/ch32h417_opa.o
LOAD ./Peripheral/src/ch32h417_pwr.o
LOAD ./Peripheral/src/ch32h417_qspi.o
LOAD ./Peripheral/src/ch32h417_rcc.o
LOAD ./Peripheral/src/ch32h417_rng.o
LOAD ./Peripheral/src/ch32h417_rtc.o
LOAD ./Peripheral/src/ch32h417_sai.o
LOAD ./Peripheral/src/ch32h417_sdio.o
LOAD ./Peripheral/src/ch32h417_sdmmc.o
LOAD ./Peripheral/src/ch32h417_serdes.o
LOAD ./Peripheral/src/ch32h417_spi.o
LOAD ./Peripheral/src/ch32h417_swpmi.o
LOAD ./Peripheral/src/ch32h417_tim.o
LOAD ./Peripheral/src/ch32h417_usart.o
LOAD ./Peripheral/src/ch32h417_wwdg.o
LOAD ./Core/core_riscv.o
LOAD ./Common/memtester/src/memtester.o
LOAD ./Common/memtester/src/memtester_tests.o
LOAD ./Common/Debug/debug.o
LOAD ./Common/fifo.o
LOAD ./Common/hardware.o
LOAD ./Common/pdm_mic.o
LOAD ./Common/sdram.o
LOAD ./Common/shell.o
LOAD ./Common/shell_func.o
LOAD ./Common/systick.o
LOAD ./Common/uart.o
LOAD ./Common/xmodem.o
LOAD ./Common/xprintf.o
LOAD d:/mounriver/mounriver_studio2/resources/app/resources/win32/components/wch/toolchain/risc-v embedded gcc12/bin/../lib/gcc/riscv-wch-elf/12.2.0/../../../../riscv-wch-elf/lib/rv32imac_zba_zbb_zbc_zbs_xw/ilp32\libm_nano.a
LOAD d:/mounriver/mounriver_studio2/resources/app/resources/win32/components/wch/toolchain/risc-v embedded gcc12/bin/../lib/gcc/riscv-wch-elf/12.2.0/rv32imac_zba_zbb_zbc_zbs_xw/ilp32\libgcc.a
LOAD d:/mounriver/mounriver_studio2/resources/app/resources/win32/components/wch/toolchain/risc-v embedded gcc12/bin/../lib/gcc/riscv-wch-elf/12.2.0/../../../../riscv-wch-elf/lib/rv32imac_zba_zbb_zbc_zbs_xw/ilp32\libg_nano.a
LOAD d:/mounriver/mounriver_studio2/resources/app/resources/win32/components/wch/toolchain/risc-v embedded gcc12/bin/../lib/gcc/riscv-wch-elf/12.2.0/../../../../riscv-wch-elf/lib/rv32imac_zba_zbb_zbc_zbs_xw/ilp32\libc_nano.a
LOAD d:/mounriver/mounriver_studio2/resources/app/resources/win32/components/wch/toolchain/risc-v embedded gcc12/bin/../lib/gcc/riscv-wch-elf/12.2.0/rv32imac_zba_zbb_zbc_zbs_xw/ilp32\libgcc.a
START GROUP
LOAD d:/mounriver/mounriver_studio2/resources/app/resources/win32/components/wch/toolchain/risc-v embedded gcc12/bin/../lib/gcc/riscv-wch-elf/12.2.0/rv32imac_zba_zbb_zbc_zbs_xw/ilp32\libgcc.a
LOAD d:/mounriver/mounriver_studio2/resources/app/resources/win32/components/wch/toolchain/risc-v embedded gcc12/bin/../lib/gcc/riscv-wch-elf/12.2.0/../../../../riscv-wch-elf/lib/rv32imac_zba_zbb_zbc_zbs_xw/ilp32\libc_nano.a
LOAD d:/mounriver/mounriver_studio2/resources/app/resources/win32/components/wch/toolchain/risc-v embedded gcc12/bin/../lib/gcc/riscv-wch-elf/12.2.0/../../../../riscv-wch-elf/lib/rv32imac_zba_zbb_zbc_zbs_xw/ilp32\libnosys.a
END GROUP
START GROUP
LOAD d:/mounriver/mounriver_studio2/resources/app/resources/win32/components/wch/toolchain/risc-v embedded gcc12/bin/../lib/gcc/riscv-wch-elf/12.2.0/rv32imac_zba_zbb_zbc_zbs_xw/ilp32\libgcc.a
LOAD d:/mounriver/mounriver_studio2/resources/app/resources/win32/components/wch/toolchain/risc-v embedded gcc12/bin/../lib/gcc/riscv-wch-elf/12.2.0/../../../../riscv-wch-elf/lib/rv32imac_zba_zbb_zbc_zbs_xw/ilp32\libc_nano.a
LOAD d:/mounriver/mounriver_studio2/resources/app/resources/win32/components/wch/toolchain/risc-v embedded gcc12/bin/../lib/gcc/riscv-wch-elf/12.2.0/../../../../riscv-wch-elf/lib/rv32imac_zba_zbb_zbc_zbs_xw/ilp32\libnosys.a
END GROUP
                0x0000000000001000                __stack_size = 0x1000
                [!provide]                        PROVIDE (_stack_size = __stack_size)

.init           0x0000000000010000        0x8
                0x0000000000010000                _sinit = .
                0x0000000000010000                . = ALIGN (0x4)
 *(SORT_NONE(.init))
 .init          0x0000000000010000        0x6 ./Startup/startup_ch32h417_v5f.o
                0x0000000000010000                _start
                0x0000000000010008                . = ALIGN (0x4)
 *fill*         0x0000000000010006        0x2 
                0x0000000000010008                _einit = .

.loadcodelalign
                0x0000000000010008        0x0
                0x0000000000010008                . = ALIGN (0x4)
                0x0000000000010008                PROVIDE (_loadcode_lma = .)

.loadcode       0x00000000200c0200       0xdc load address 0x0000000000010008
                0x00000000200c0200                . = ALIGN (0x4)
                0x00000000200c0200                PROVIDE (_loadcode_vma_start = .)
 *(.load)
 .load          0x00000000200c0200       0xdc ./Startup/startup_ch32h417_v5f.o
                0x00000000200c02dc                . = ALIGN (0x4)
                0x00000000200c02dc                PROVIDE (_loadcode_vma_end = .)

.highcodelalign
                0x00000000000100e4        0x0
                0x00000000000100e4                . = ALIGN (0x4)
                0x00000000000100e4                PROVIDE (_highcode_lma = .)

.highcode       0x00000000200a0000     0x6cc0 load address 0x00000000000100e4
                0x00000000200a0000                . = ALIGN (0x4)
                0x00000000200a0000                PROVIDE (_highcode_vma_start = .)
 *(.vector)
 .vector        0x00000000200a0000      0x254 ./Startup/startup_ch32h417_v5f.o
 *(SORT_NONE(.vector_handler))
 *(.text)
 .text          0x00000000200a0254       0x60 d:/mounriver/mounriver_studio2/resources/app/resources/win32/components/wch/toolchain/risc-v embedded gcc12/bin/../lib/gcc/riscv-wch-elf/12.2.0/rv32imac_zba_zbb_zbc_zbs_xw/ilp32\libgcc.a(save-restore.o)
                0x00000000200a0254                __riscv_save_12
                0x00000000200a025c                __riscv_save_9
                0x00000000200a025c                __riscv_save_11
                0x00000000200a025c                __riscv_save_10
                0x00000000200a025c                __riscv_save_8
                0x00000000200a026a                __riscv_save_4
                0x00000000200a026a                __riscv_save_6
                0x00000000200a026a                __riscv_save_5
                0x00000000200a026a                __riscv_save_7
                0x00000000200a0284                __riscv_save_3
                0x00000000200a0284                __riscv_save_2
                0x00000000200a0284                __riscv_save_1
                0x00000000200a0284                __riscv_save_0
                0x00000000200a0290                __riscv_restore_12
                0x00000000200a0294                __riscv_restore_11
                0x00000000200a0294                __riscv_restore_9
                0x00000000200a0294                __riscv_restore_10
                0x00000000200a0294                __riscv_restore_8
                0x00000000200a029e                __riscv_restore_5
                0x00000000200a029e                __riscv_restore_7
                0x00000000200a029e                __riscv_restore_6
                0x00000000200a029e                __riscv_restore_4
                0x00000000200a02a8                __riscv_restore_3
                0x00000000200a02a8                __riscv_restore_0
                0x00000000200a02a8                __riscv_restore_2
                0x00000000200a02a8                __riscv_restore_1
 .text          0x00000000200a02b4       0x16 d:/mounriver/mounriver_studio2/resources/app/resources/win32/components/wch/toolchain/risc-v embedded gcc12/bin/../lib/gcc/riscv-wch-elf/12.2.0/../../../../riscv-wch-elf/lib/rv32imac_zba_zbb_zbc_zbs_xw/ilp32\libg_nano.a(lib_a-memcpy-asm.o)
                0x00000000200a02b4                memcpy
 .text          0x00000000200a02ca       0x10 d:/mounriver/mounriver_studio2/resources/app/resources/win32/components/wch/toolchain/risc-v embedded gcc12/bin/../lib/gcc/riscv-wch-elf/12.2.0/../../../../riscv-wch-elf/lib/rv32imac_zba_zbb_zbc_zbs_xw/ilp32\libg_nano.a(lib_a-memset.o)
                0x00000000200a02ca                memset
 *(.text.*)
 .text.NMI_Handler
                0x00000000200a02da        0x2 ./User/ch32h417_it.o
                0x00000000200a02da                NMI_Handler
 .text.HardFault_Handler
                0x00000000200a02dc       0x10 ./User/ch32h417_it.o
                0x00000000200a02dc                HardFault_Handler
 .text.shell_read_cb
                0x00000000200a02ec        0xa ./User/main.o
                0x00000000200a02ec                shell_read_cb
 .text.xprintf_in_port
                0x00000000200a02f6       0x1a ./User/main.o
 .text.shell_write_cb
                0x00000000200a0310        0xa ./User/main.o
                0x00000000200a0310                shell_write_cb
 .text.xprintf_out_port
                0x00000000200a031a       0x18 ./User/main.o
 .text.mic_rec_start
                0x00000000200a0332       0xfa ./User/main.o
                0x00000000200a0332                mic_rec_start
 .text.startup.main
                0x00000000200a042c      0x174 ./User/main.o
                0x00000000200a042c                main
 .text.SystemAndCoreClockUpdate
                0x00000000200a05a0      0x16a ./User/system_ch32h417.o
                0x00000000200a05a0                SystemAndCoreClockUpdate
 .text.vector_handler
                0x00000000200a070a        0x2 ./Startup/startup_ch32h417_v5f.o
                0x00000000200a070a                TIM8_TRG_COM_IRQHandler
                0x00000000200a070a                TIM8_CC_IRQHandler
                0x00000000200a070a                USART_WKUP_IRQHandler
                0x00000000200a070a                SPI4_IRQHandler
                0x00000000200a070a                DFSDM0_IRQHandler
                0x00000000200a070a                TIM1_CC_IRQHandler
                0x00000000200a070a                TIM10_IRQHandler
                0x00000000200a070a                IPC_CH2_Handler
                0x00000000200a070a                USBPD_IRQHandler
                0x00000000200a070a                TIM6_IRQHandler
                0x00000000200a070a                CAN3_RX1_IRQHandler
                0x00000000200a070a                I3C_ER_IRQHandler
                0x00000000200a070a                SDIO_IRQHandler
                0x00000000200a070a                DMA2_Channel8_IRQHandler
                0x00000000200a070a                CAN2_RX1_IRQHandler
                0x00000000200a070a                HSEM_Handler
                0x00000000200a070a                USBHS_IRQHandler
                0x00000000200a070a                LPTIM2_IRQHandler
                0x00000000200a070a                USBFSWakeup_IRQHandler
                0x00000000200a070a                I2C3_ER_IRQHandler
                0x00000000200a070a                USBFS_IRQHandler
                0x00000000200a070a                USART8_IRQHandler
                0x00000000200a070a                I2C2_EV_IRQHandler
                0x00000000200a070a                CAN1_RX0_IRQHandler
                0x00000000200a070a                CAN3_SCE_IRQHandler
                0x00000000200a070a                CAN2_SCE_IRQHandler
                0x00000000200a070a                ADC1_2_IRQHandler
                0x00000000200a070a                Break_Point_Handler
                0x00000000200a070a                IPC_CH0_Handler
                0x00000000200a070a                SPI1_IRQHandler
                0x00000000200a070a                USART5_IRQHandler
                0x00000000200a070a                SysTick0_Handler
                0x00000000200a070a                EXTI7_0_IRQHandler
                0x00000000200a070a                CAN2_RX0_IRQHandler
                0x00000000200a070a                TIM8_UP_IRQHandler
                0x00000000200a070a                Ecall_M_Mode_Handler
                0x00000000200a070a                ECDC_IRQHandler
                0x00000000200a070a                SDMMC_IRQHandler
                0x00000000200a070a                USART7_IRQHandler
                0x00000000200a070a                DMA2_Channel2_IRQHandler
                0x00000000200a070a                DMA1_Channel4_IRQHandler
                0x00000000200a070a                CAN3_RX0_IRQHandler
                0x00000000200a070a                HSADC_IRQHandler
                0x00000000200a070a                USART3_IRQHandler
                0x00000000200a070a                RTC_IRQHandler
                0x00000000200a070a                DMA1_Channel7_IRQHandler
                0x00000000200a070a                CAN1_RX1_IRQHandler
                0x00000000200a070a                DVP_IRQHandler
                0x00000000200a070a                USBSS_IRQHandler
                0x00000000200a070a                SWPMI_IRQHandler
                0x00000000200a070a                USBPDWakeUp_IRQHandler
                0x00000000200a070a                EXTI15_8_IRQHandler
                0x00000000200a070a                TIM4_IRQHandler
                0x00000000200a070a                DMA2_Channel1_IRQHandler
                0x00000000200a070a                SWPMI_WKUP_IRQHandler
                0x00000000200a070a                I2C1_EV_IRQHandler
                0x00000000200a070a                USBSSWakeup_IRQHandler
                0x00000000200a070a                USART4_IRQHandler
                0x00000000200a070a                DMA1_Channel6_IRQHandler
                0x00000000200a070a                DMA2_Channel4_IRQHandler
                0x00000000200a070a                TIM3_IRQHandler
                0x00000000200a070a                RCC_IRQHandler
                0x00000000200a070a                TIM1_TRG_COM_IRQHandler
                0x00000000200a070a                DMA2_Channel7_IRQHandler
                0x00000000200a070a                QSPI1_IRQHandler
                0x00000000200a070a                DMA1_Channel8_IRQHandler
                0x00000000200a070a                IPC_CH3_Handler
                0x00000000200a070a                I3C_EV_IRQHandler
                0x00000000200a070a                I3C_WKUP_IRQHandler
                0x00000000200a070a                TIM12_IRQHandler
                0x00000000200a070a                TIM7_IRQHandler
                0x00000000200a070a                CAN2_TX_IRQHandler
                0x00000000200a070a                TIM5_IRQHandler
                0x00000000200a070a                I2C3_EV_IRQHandler
                0x00000000200a070a                PIOC_IRQHandler
                0x00000000200a070a                TIM9_IRQHandler
                0x00000000200a070a                LTDC_IRQHandler
                0x00000000200a070a                SAI_IRQHandler
                0x00000000200a070a                ETH_WKUP_IRQHandler
                0x00000000200a070a                SPI2_IRQHandler
                0x00000000200a070a                IPC_CH1_Handler
                0x00000000200a070a                LPTIM1_WKUP_IRQHandler
                0x00000000200a070a                CAN1_TX_IRQHandler
                0x00000000200a070a                DMA2_Channel5_IRQHandler
                0x00000000200a070a                DMA1_Channel5_IRQHandler
                0x00000000200a070a                QSPI2_IRQHandler
                0x00000000200a070a                RNG_IRQHandler
                0x00000000200a070a                DMA1_Channel3_IRQHandler
                0x00000000200a070a                ETH_IRQHandler
                0x00000000200a070a                TIM1_UP_IRQHandler
                0x00000000200a070a                WWDG_IRQHandler
                0x00000000200a070a                USBHSWakeup_IRQHandler
                0x00000000200a070a                Ecall_U_Mode_Handler
                0x00000000200a070a                I2C4_EV_IRQHandler
                0x00000000200a070a                CAN3_TX_IRQHandler
                0x00000000200a070a                DMA2_Channel6_IRQHandler
                0x00000000200a070a                TIM2_IRQHandler
                0x00000000200a070a                SW_Handler
                0x00000000200a070a                TIM1_BRK_IRQHandler
                0x00000000200a070a                GPHA_IRQHandler
                0x00000000200a070a                LPTIM2_WKUP_IRQHandler
                0x00000000200a070a                RTCAlarm_IRQHandler
                0x00000000200a070a                TIM11_IRQHandler
                0x00000000200a070a                USART2_IRQHandler
                0x00000000200a070a                UHSIF_IRQHandler
                0x00000000200a070a                I2C2_ER_IRQHandler
                0x00000000200a070a                TIM8_BRK_IRQHandler
                0x00000000200a070a                CAN1_SCE_IRQHandler
                0x00000000200a070a                FLASH_IRQHandler
                0x00000000200a070a                USART1_IRQHandler
                0x00000000200a070a                SPI3_IRQHandler
                0x00000000200a070a                I2C1_ER_IRQHandler
                0x00000000200a070a                FMC_IRQHandler
                0x00000000200a070a                LPTIM1_IRQHandler
                0x00000000200a070a                DFSDM1_IRQHandler
                0x00000000200a070a                I2C4_ER_IRQHandler
                0x00000000200a070a                SERDES_IRQHandler
                0x00000000200a070a                USBSS_LINK_IRQHandler
                0x00000000200a070a                DMA2_Channel3_IRQHandler
 .text.DFSDM_ChannelStructInit
                0x00000000200a070c       0x24 ./Peripheral/src/ch32h417_dfsdm.o
                0x00000000200a070c                DFSDM_ChannelStructInit
 .text.DFSDM_FilterStructInit
                0x00000000200a0730       0x1e ./Peripheral/src/ch32h417_dfsdm.o
                0x00000000200a0730                DFSDM_FilterStructInit
 .text.DFSDM_RcStructInit
                0x00000000200a074e       0x16 ./Peripheral/src/ch32h417_dfsdm.o
                0x00000000200a074e                DFSDM_RcStructInit
 .text.DFSDM_ChannelInit
                0x00000000200a0764       0x62 ./Peripheral/src/ch32h417_dfsdm.o
                0x00000000200a0764                DFSDM_ChannelInit
 .text.DFSDM_FilterInit
                0x00000000200a07c6       0x78 ./Peripheral/src/ch32h417_dfsdm.o
                0x00000000200a07c6                DFSDM_FilterInit
 .text.DFSDM_RcInit
                0x00000000200a083e       0x2c ./Peripheral/src/ch32h417_dfsdm.o
                0x00000000200a083e                DFSDM_RcInit
 .text.DFSDM_OutSerialClkConfig
                0x00000000200a086a       0x1e ./Peripheral/src/ch32h417_dfsdm.o
                0x00000000200a086a                DFSDM_OutSerialClkConfig
 .text.DFSDM_Cmd
                0x00000000200a0888       0x16 ./Peripheral/src/ch32h417_dfsdm.o
                0x00000000200a0888                DFSDM_Cmd
 .text.DFSDM_ChannelCmd
                0x00000000200a089e       0x12 ./Peripheral/src/ch32h417_dfsdm.o
                0x00000000200a089e                DFSDM_ChannelCmd
 .text.DFSDM_FilterCmd
                0x00000000200a08b0       0x10 ./Peripheral/src/ch32h417_dfsdm.o
                0x00000000200a08b0                DFSDM_FilterCmd
 .text.DFSDM_RcSoftStartConversion
                0x00000000200a08c0        0xa ./Peripheral/src/ch32h417_dfsdm.o
                0x00000000200a08c0                DFSDM_RcSoftStartConversion
 .text.DMA_DeInit
                0x00000000200a08ca      0x11e ./Peripheral/src/ch32h417_dma.o
                0x00000000200a08ca                DMA_DeInit
 .text.DMA_Init
                0x00000000200a09e8       0x44 ./Peripheral/src/ch32h417_dma.o
                0x00000000200a09e8                DMA_Init
 .text.DMA_Cmd  0x00000000200a0a2c       0x14 ./Peripheral/src/ch32h417_dma.o
                0x00000000200a0a2c                DMA_Cmd
 .text.DMA_ITConfig
                0x00000000200a0a40       0x12 ./Peripheral/src/ch32h417_dma.o
                0x00000000200a0a40                DMA_ITConfig
 .text.DMA_GetITStatus
                0x00000000200a0a52        0xc ./Peripheral/src/ch32h417_dma.o
                0x00000000200a0a52                DMA_GetITStatus
 .text.DMA_ClearITPendingBit
                0x00000000200a0a5e        0x4 ./Peripheral/src/ch32h417_dma.o
                0x00000000200a0a5e                DMA_ClearITPendingBit
 .text.DMA_MuxChannelConfig
                0x00000000200a0a62       0xc8 ./Peripheral/src/ch32h417_dma.o
                0x00000000200a0a62                DMA_MuxChannelConfig
 .text.FMC_SDRAM_Init
                0x00000000200a0b2a       0x94 ./Peripheral/src/ch32h417_fmc.o
                0x00000000200a0b2a                FMC_SDRAM_Init
 .text.FMC_SDRAM_SendCMDConfig
                0x00000000200a0bbe       0x1e ./Peripheral/src/ch32h417_fmc.o
                0x00000000200a0bbe                FMC_SDRAM_SendCMDConfig
 .text.FMC_SDRAM_SetRefreshCnt
                0x00000000200a0bdc       0x1a ./Peripheral/src/ch32h417_fmc.o
                0x00000000200a0bdc                FMC_SDRAM_SetRefreshCnt
 .text.GPIO_Init
                0x00000000200a0bf6       0xe0 ./Peripheral/src/ch32h417_gpio.o
                0x00000000200a0bf6                GPIO_Init
 .text.GPIO_PinAFConfig
                0x00000000200a0cd6      0x1e8 ./Peripheral/src/ch32h417_gpio.o
                0x00000000200a0cd6                GPIO_PinAFConfig
 .text.PWR_VIO18ModeCfg
                0x00000000200a0ebe       0x14 ./Peripheral/src/ch32h417_pwr.o
                0x00000000200a0ebe                PWR_VIO18ModeCfg
 .text.PWR_VIO18LevelCfg
                0x00000000200a0ed2       0x18 ./Peripheral/src/ch32h417_pwr.o
                0x00000000200a0ed2                PWR_VIO18LevelCfg
 .text.RCC_GetClocksFreq
                0x00000000200a0eea      0x1aa ./Peripheral/src/ch32h417_rcc.o
                0x00000000200a0eea                RCC_GetClocksFreq
 .text.RCC_HBPeriphClockCmd
                0x00000000200a1094       0x1c ./Peripheral/src/ch32h417_rcc.o
                0x00000000200a1094                RCC_HBPeriphClockCmd
 .text.RCC_HB2PeriphClockCmd
                0x00000000200a10b0       0x1c ./Peripheral/src/ch32h417_rcc.o
                0x00000000200a10b0                RCC_HB2PeriphClockCmd
 .text.RCC_HB1PeriphClockCmd
                0x00000000200a10cc       0x1c ./Peripheral/src/ch32h417_rcc.o
                0x00000000200a10cc                RCC_HB1PeriphClockCmd
 .text.USART_Init
                0x00000000200a10e8       0xae ./Peripheral/src/ch32h417_usart.o
                0x00000000200a10e8                USART_Init
 .text.USART_Cmd
                0x00000000200a1196       0x14 ./Peripheral/src/ch32h417_usart.o
                0x00000000200a1196                USART_Cmd
 .text.USART_ITConfig
                0x00000000200a11aa       0x42 ./Peripheral/src/ch32h417_usart.o
                0x00000000200a11aa                USART_ITConfig
 .text.USART_SendData
                0x00000000200a11ec        0x8 ./Peripheral/src/ch32h417_usart.o
                0x00000000200a11ec                USART_SendData
 .text.USART_ReceiveData
                0x00000000200a11f4        0x8 ./Peripheral/src/ch32h417_usart.o
                0x00000000200a11f4                USART_ReceiveData
 .text.USART_GetFlagStatus
                0x00000000200a11fc        0xa ./Peripheral/src/ch32h417_usart.o
                0x00000000200a11fc                USART_GetFlagStatus
 .text.USART_ClearFlag
                0x00000000200a1206        0xc ./Peripheral/src/ch32h417_usart.o
                0x00000000200a1206                USART_ClearFlag
 .text.USART_GetITStatus
                0x00000000200a1212       0x4e ./Peripheral/src/ch32h417_usart.o
                0x00000000200a1212                USART_GetITStatus
 .text._sbrk    0x00000000200a1260       0x2a ./Common/Debug/debug.o
                0x00000000200a1260                _sbrk
 .text.fifo_in  0x00000000200a128a       0x7c ./Common/fifo.o
                0x00000000200a128a                fifo_in
 .text.fifo_out
                0x00000000200a1306       0x68 ./Common/fifo.o
                0x00000000200a1306                fifo_out
 .text.fifo_getlen
                0x00000000200a136e        0xa ./Common/fifo.o
                0x00000000200a136e                fifo_getlen
 .text.pdm_mic_left_get
                0x00000000200a1378       0x26 ./Common/pdm_mic.o
                0x00000000200a1378                pdm_mic_left_get
 .text.pdm_mic_left_getlen
                0x00000000200a139e       0x22 ./Common/pdm_mic.o
                0x00000000200a139e                pdm_mic_left_getlen
 .text.pdm_mic_right_get
                0x00000000200a13c0       0x26 ./Common/pdm_mic.o
                0x00000000200a13c0                pdm_mic_right_get
 .text.pdm_mic_right_getlen
                0x00000000200a13e6       0x22 ./Common/pdm_mic.o
                0x00000000200a13e6                pdm_mic_right_getlen
 .text.DMA1_Channel2_IRQHandler
                0x00000000200a1408      0x150 ./Common/pdm_mic.o
                0x00000000200a1408                DMA1_Channel2_IRQHandler
 .text.DMA1_Channel1_IRQHandler
                0x00000000200a1558      0x144 ./Common/pdm_mic.o
                0x00000000200a1558                DMA1_Channel1_IRQHandler
 .text.pdm_mic_init
                0x00000000200a169c      0x286 ./Common/pdm_mic.o
                0x00000000200a169c                pdm_mic_init
 .text.sdram_init
                0x00000000200a1922      0x5cc ./Common/sdram.o
                0x00000000200a1922                sdram_init
 .text.shell_putchar
                0x00000000200a1eee       0x1e ./Common/shell.o
 .text.shell_putstring
                0x00000000200a1f0c       0x18 ./Common/shell.o
 .text.shell_exec
                0x00000000200a1f24      0x12c ./Common/shell.o
                0x00000000200a1f24                shell_exec
 .text.shell_set_itf
                0x00000000200a2050       0x12 ./Common/shell.o
                0x00000000200a2050                shell_set_itf
 .text.setmemfunc
                0x00000000200a2062       0x5c ./Common/shell_func.o
 .text.helpfunc
                0x00000000200a20be       0x8a ./Common/shell_func.o
 .text.printmemfunc
                0x00000000200a2148      0x25a ./Common/shell_func.o
 .text.sxmemfunc
                0x00000000200a23a2       0xb6 ./Common/shell_func.o
 .text.getms    0x00000000200a2458        0x2 ./Common/shell_func.o
 .text.mem_read
                0x00000000200a245a       0x16 ./Common/shell_func.o
 .text.mem_write
                0x00000000200a2470       0x10 ./Common/shell_func.o
 .text.io_read_flush
                0x00000000200a2480       0x18 ./Common/shell_func.o
 .text.io_read  0x00000000200a2498        0x8 ./Common/shell_func.o
 .text.io_write
                0x00000000200a24a0       0x14 ./Common/shell_func.o
 .text.rxmemfunc
                0x00000000200a24b4       0xac ./Common/shell_func.o
 .text.micrecfunc
                0x00000000200a2560       0x48 ./Common/shell_func.o
 .text.systick_init
                0x00000000200a25a8       0x28 ./Common/systick.o
                0x00000000200a25a8                systick_init
 .text.SysTick1_Handler
                0x00000000200a25d0       0x20 ./Common/systick.o
                0x00000000200a25d0                SysTick1_Handler
 .text.systick_get_cnt
                0x00000000200a25f0        0x6 ./Common/systick.o
                0x00000000200a25f0                systick_get_cnt
 .text.uart_init
                0x00000000200a25f6       0xb6 ./Common/uart.o
                0x00000000200a25f6                uart_init
 .text.USART6_IRQHandler
                0x00000000200a26ac       0x3a ./Common/uart.o
                0x00000000200a26ac                USART6_IRQHandler
 .text.uart_read
                0x00000000200a26e6       0x24 ./Common/uart.o
                0x00000000200a26e6                uart_read
 .text.uart_send
                0x00000000200a270a       0x3c ./Common/uart.o
                0x00000000200a270a                uart_send
 .text.crc_nibble_rom.constprop.0
                0x00000000200a2746       0x52 ./Common/xmodem.o
 .text.xmodem_rx
                0x00000000200a2798      0x2fc ./Common/xmodem.o
                0x00000000200a2798                xmodem_rx
 .text.xmodem_init_rx
                0x00000000200a2a94       0x22 ./Common/xmodem.o
                0x00000000200a2a94                xmodem_init_rx
 .text.xmodem_tx
                0x00000000200a2ab6      0x270 ./Common/xmodem.o
                0x00000000200a2ab6                xmodem_tx
 .text.xmodem_init_tx
                0x00000000200a2d26       0x34 ./Common/xmodem.o
                0x00000000200a2d26                xmodem_init_tx
 .text.ilog10   0x00000000200a2d5a       0xc8 ./Common/xprintf.o
 .text.i10x     0x00000000200a2e22       0x76 ./Common/xprintf.o
 .text.xfputc   0x00000000200a2e98       0x2e ./Common/xprintf.o
                0x00000000200a2e98                xfputc
 .text.xvfprintf
                0x00000000200a2ec6      0x5c0 ./Common/xprintf.o
 .text.xprintf  0x00000000200a3486       0x26 ./Common/xprintf.o
                0x00000000200a3486                xprintf
 .text.__udivdi3
                0x00000000200a34ac      0x39a d:/mounriver/mounriver_studio2/resources/app/resources/win32/components/wch/toolchain/risc-v embedded gcc12/bin/../lib/gcc/riscv-wch-elf/12.2.0/rv32imac_zba_zbb_zbc_zbs_xw/ilp32\libgcc.a(_udivdi3.o)
                0x00000000200a34ac                __udivdi3
 .text.__umoddi3
                0x00000000200a3846      0x382 d:/mounriver/mounriver_studio2/resources/app/resources/win32/components/wch/toolchain/risc-v embedded gcc12/bin/../lib/gcc/riscv-wch-elf/12.2.0/rv32imac_zba_zbb_zbc_zbs_xw/ilp32\libgcc.a(_umoddi3.o)
                0x00000000200a3846                __umoddi3
 .text.__adddf3
                0x00000000200a3bc8      0x706 d:/mounriver/mounriver_studio2/resources/app/resources/win32/components/wch/toolchain/risc-v embedded gcc12/bin/../lib/gcc/riscv-wch-elf/12.2.0/rv32imac_zba_zbb_zbc_zbs_xw/ilp32\libgcc.a(adddf3.o)
                0x00000000200a3bc8                __adddf3
 .text.__divdf3
                0x00000000200a42ce      0x56e d:/mounriver/mounriver_studio2/resources/app/resources/win32/components/wch/toolchain/risc-v embedded gcc12/bin/../lib/gcc/riscv-wch-elf/12.2.0/rv32imac_zba_zbb_zbc_zbs_xw/ilp32\libgcc.a(divdf3.o)
                0x00000000200a42ce                __divdf3
 .text.__eqdf2  0x00000000200a483c       0x6c d:/mounriver/mounriver_studio2/resources/app/resources/win32/components/wch/toolchain/risc-v embedded gcc12/bin/../lib/gcc/riscv-wch-elf/12.2.0/rv32imac_zba_zbb_zbc_zbs_xw/ilp32\libgcc.a(eqdf2.o)
                0x00000000200a483c                __nedf2
                0x00000000200a483c                __eqdf2
 .text.__gedf2  0x00000000200a48a8       0xbe d:/mounriver/mounriver_studio2/resources/app/resources/win32/components/wch/toolchain/risc-v embedded gcc12/bin/../lib/gcc/riscv-wch-elf/12.2.0/rv32imac_zba_zbb_zbc_zbs_xw/ilp32\libgcc.a(gedf2.o)
                0x00000000200a48a8                __gedf2
                0x00000000200a48a8                __gtdf2
 .text.__ledf2  0x00000000200a4966       0xbc d:/mounriver/mounriver_studio2/resources/app/resources/win32/components/wch/toolchain/risc-v embedded gcc12/bin/../lib/gcc/riscv-wch-elf/12.2.0/rv32imac_zba_zbb_zbc_zbs_xw/ilp32\libgcc.a(ledf2.o)
                0x00000000200a4966                __ledf2
                0x00000000200a4966                __ltdf2
 .text.__muldf3
                0x00000000200a4a22      0x508 d:/mounriver/mounriver_studio2/resources/app/resources/win32/components/wch/toolchain/risc-v embedded gcc12/bin/../lib/gcc/riscv-wch-elf/12.2.0/rv32imac_zba_zbb_zbc_zbs_xw/ilp32\libgcc.a(muldf3.o)
                0x00000000200a4a22                __muldf3
 .text.__subdf3
                0x00000000200a4f2a      0x71e d:/mounriver/mounriver_studio2/resources/app/resources/win32/components/wch/toolchain/risc-v embedded gcc12/bin/../lib/gcc/riscv-wch-elf/12.2.0/rv32imac_zba_zbb_zbc_zbs_xw/ilp32\libgcc.a(subdf3.o)
                0x00000000200a4f2a                __subdf3
 .text.__unorddf2
                0x00000000200a5648       0x3e d:/mounriver/mounriver_studio2/resources/app/resources/win32/components/wch/toolchain/risc-v embedded gcc12/bin/../lib/gcc/riscv-wch-elf/12.2.0/rv32imac_zba_zbb_zbc_zbs_xw/ilp32\libgcc.a(unorddf2.o)
                0x00000000200a5648                __unorddf2
 .text.__fixdfsi
                0x00000000200a5686       0x64 d:/mounriver/mounriver_studio2/resources/app/resources/win32/components/wch/toolchain/risc-v embedded gcc12/bin/../lib/gcc/riscv-wch-elf/12.2.0/rv32imac_zba_zbb_zbc_zbs_xw/ilp32\libgcc.a(fixdfsi.o)
                0x00000000200a5686                __fixdfsi
 .text.__floatsidf
                0x00000000200a56ea       0x70 d:/mounriver/mounriver_studio2/resources/app/resources/win32/components/wch/toolchain/risc-v embedded gcc12/bin/../lib/gcc/riscv-wch-elf/12.2.0/rv32imac_zba_zbb_zbc_zbs_xw/ilp32\libgcc.a(floatsidf.o)
                0x00000000200a56ea                __floatsidf
 .text.sscanf   0x00000000200a575a       0x4c d:/mounriver/mounriver_studio2/resources/app/resources/win32/components/wch/toolchain/risc-v embedded gcc12/bin/../lib/gcc/riscv-wch-elf/12.2.0/../../../../riscv-wch-elf/lib/rv32imac_zba_zbb_zbc_zbs_xw/ilp32\libg_nano.a(lib_a-sscanf.o)
                0x00000000200a575a                siscanf
                0x00000000200a575a                sscanf
 .text.__seofread
                0x00000000200a57a6        0x4 d:/mounriver/mounriver_studio2/resources/app/resources/win32/components/wch/toolchain/risc-v embedded gcc12/bin/../lib/gcc/riscv-wch-elf/12.2.0/../../../../riscv-wch-elf/lib/rv32imac_zba_zbb_zbc_zbs_xw/ilp32\libg_nano.a(lib_a-stdio.o)
                0x00000000200a57a6                __seofread
 .text.strlen   0x00000000200a57aa       0x10 d:/mounriver/mounriver_studio2/resources/app/resources/win32/components/wch/toolchain/risc-v embedded gcc12/bin/../lib/gcc/riscv-wch-elf/12.2.0/../../../../riscv-wch-elf/lib/rv32imac_zba_zbb_zbc_zbs_xw/ilp32\libg_nano.a(lib_a-strlen.o)
                0x00000000200a57aa                strlen
 .text.strncmp  0x00000000200a57ba       0x28 d:/mounriver/mounriver_studio2/resources/app/resources/win32/components/wch/toolchain/risc-v embedded gcc12/bin/../lib/gcc/riscv-wch-elf/12.2.0/../../../../riscv-wch-elf/lib/rv32imac_zba_zbb_zbc_zbs_xw/ilp32\libg_nano.a(lib_a-strncmp.o)
                0x00000000200a57ba                strncmp
 .text.__retarget_lock_acquire_recursive
                0x00000000200a57e2        0x2 d:/mounriver/mounriver_studio2/resources/app/resources/win32/components/wch/toolchain/risc-v embedded gcc12/bin/../lib/gcc/riscv-wch-elf/12.2.0/../../../../riscv-wch-elf/lib/rv32imac_zba_zbb_zbc_zbs_xw/ilp32\libg_nano.a(lib_a-lock.o)
                0x00000000200a57e2                __retarget_lock_acquire_recursive
 .text.__retarget_lock_release_recursive
                0x00000000200a57e4        0x2 d:/mounriver/mounriver_studio2/resources/app/resources/win32/components/wch/toolchain/risc-v embedded gcc12/bin/../lib/gcc/riscv-wch-elf/12.2.0/../../../../riscv-wch-elf/lib/rv32imac_zba_zbb_zbc_zbs_xw/ilp32\libg_nano.a(lib_a-lock.o)
                0x00000000200a57e4                __retarget_lock_release_recursive
 .text._free_r  0x00000000200a57e6       0xa2 d:/mounriver/mounriver_studio2/resources/app/resources/win32/components/wch/toolchain/risc-v embedded gcc12/bin/../lib/gcc/riscv-wch-elf/12.2.0/../../../../riscv-wch-elf/lib/rv32imac_zba_zbb_zbc_zbs_xw/ilp32\libg_nano.a(lib_a-nano-freer.o)
                0x00000000200a57e6                _free_r
 .text.sbrk_aligned
                0x00000000200a5888       0x5a d:/mounriver/mounriver_studio2/resources/app/resources/win32/components/wch/toolchain/risc-v embedded gcc12/bin/../lib/gcc/riscv-wch-elf/12.2.0/../../../../riscv-wch-elf/lib/rv32imac_zba_zbb_zbc_zbs_xw/ilp32\libg_nano.a(lib_a-nano-mallocr.o)
 .text._malloc_r
                0x00000000200a58e2      0x10e d:/mounriver/mounriver_studio2/resources/app/resources/win32/components/wch/toolchain/risc-v embedded gcc12/bin/../lib/gcc/riscv-wch-elf/12.2.0/../../../../riscv-wch-elf/lib/rv32imac_zba_zbb_zbc_zbs_xw/ilp32\libg_nano.a(lib_a-nano-mallocr.o)
                0x00000000200a58e2                _malloc_r
 .text._sungetc_r
                0x00000000200a59f0       0x90 d:/mounriver/mounriver_studio2/resources/app/resources/win32/components/wch/toolchain/risc-v embedded gcc12/bin/../lib/gcc/riscv-wch-elf/12.2.0/../../../../riscv-wch-elf/lib/rv32imac_zba_zbb_zbc_zbs_xw/ilp32\libg_nano.a(lib_a-nano-svfscanf.o)
                0x00000000200a59f0                _sungetc_r
 .text.__ssrefill_r
                0x00000000200a5a80       0x44 d:/mounriver/mounriver_studio2/resources/app/resources/win32/components/wch/toolchain/risc-v embedded gcc12/bin/../lib/gcc/riscv-wch-elf/12.2.0/../../../../riscv-wch-elf/lib/rv32imac_zba_zbb_zbc_zbs_xw/ilp32\libg_nano.a(lib_a-nano-svfscanf.o)
                0x00000000200a5a80                __ssrefill_r
 .text.__ssvfscanf_r
                0x00000000200a5ac4      0x33e d:/mounriver/mounriver_studio2/resources/app/resources/win32/components/wch/toolchain/risc-v embedded gcc12/bin/../lib/gcc/riscv-wch-elf/12.2.0/../../../../riscv-wch-elf/lib/rv32imac_zba_zbb_zbc_zbs_xw/ilp32\libg_nano.a(lib_a-nano-svfscanf.o)
                0x00000000200a5ac4                __ssvfiscanf_r
                0x00000000200a5ac4                __ssvfscanf_r
 .text._scanf_chars
                0x00000000200a5e02       0xda d:/mounriver/mounriver_studio2/resources/app/resources/win32/components/wch/toolchain/risc-v embedded gcc12/bin/../lib/gcc/riscv-wch-elf/12.2.0/../../../../riscv-wch-elf/lib/rv32imac_zba_zbb_zbc_zbs_xw/ilp32\libg_nano.a(lib_a-nano-vfscanf_i.o)
                0x00000000200a5e02                _scanf_chars
 .text._scanf_i
                0x00000000200a5edc      0x252 d:/mounriver/mounriver_studio2/resources/app/resources/win32/components/wch/toolchain/risc-v embedded gcc12/bin/../lib/gcc/riscv-wch-elf/12.2.0/../../../../riscv-wch-elf/lib/rv32imac_zba_zbb_zbc_zbs_xw/ilp32\libg_nano.a(lib_a-nano-vfscanf_i.o)
                0x00000000200a5edc                _scanf_i
 .text._sbrk_r  0x00000000200a612e       0x28 d:/mounriver/mounriver_studio2/resources/app/resources/win32/components/wch/toolchain/risc-v embedded gcc12/bin/../lib/gcc/riscv-wch-elf/12.2.0/../../../../riscv-wch-elf/lib/rv32imac_zba_zbb_zbc_zbs_xw/ilp32\libg_nano.a(lib_a-sbrkr.o)
                0x00000000200a612e                _sbrk_r
 .text.__sccl   0x00000000200a6156       0x9e d:/mounriver/mounriver_studio2/resources/app/resources/win32/components/wch/toolchain/risc-v embedded gcc12/bin/../lib/gcc/riscv-wch-elf/12.2.0/../../../../riscv-wch-elf/lib/rv32imac_zba_zbb_zbc_zbs_xw/ilp32\libg_nano.a(lib_a-sccl.o)
                0x00000000200a6156                __sccl
 .text._strtol_l.constprop.0
                0x00000000200a61f4      0x13c d:/mounriver/mounriver_studio2/resources/app/resources/win32/components/wch/toolchain/risc-v embedded gcc12/bin/../lib/gcc/riscv-wch-elf/12.2.0/../../../../riscv-wch-elf/lib/rv32imac_zba_zbb_zbc_zbs_xw/ilp32\libg_nano.a(lib_a-strtol.o)
 .text._strtol_r
                0x00000000200a6330        0x4 d:/mounriver/mounriver_studio2/resources/app/resources/win32/components/wch/toolchain/risc-v embedded gcc12/bin/../lib/gcc/riscv-wch-elf/12.2.0/../../../../riscv-wch-elf/lib/rv32imac_zba_zbb_zbc_zbs_xw/ilp32\libg_nano.a(lib_a-strtol.o)
                0x00000000200a6330                _strtol_r
 .text._strtoul_l.constprop.0
                0x00000000200a6334      0x110 d:/mounriver/mounriver_studio2/resources/app/resources/win32/components/wch/toolchain/risc-v embedded gcc12/bin/../lib/gcc/riscv-wch-elf/12.2.0/../../../../riscv-wch-elf/lib/rv32imac_zba_zbb_zbc_zbs_xw/ilp32\libg_nano.a(lib_a-strtoul.o)
 .text._strtoul_r
                0x00000000200a6444        0x4 d:/mounriver/mounriver_studio2/resources/app/resources/win32/components/wch/toolchain/risc-v embedded gcc12/bin/../lib/gcc/riscv-wch-elf/12.2.0/../../../../riscv-wch-elf/lib/rv32imac_zba_zbb_zbc_zbs_xw/ilp32\libg_nano.a(lib_a-strtoul.o)
                0x00000000200a6444                _strtoul_r
 .text.__submore
                0x00000000200a6448       0x84 d:/mounriver/mounriver_studio2/resources/app/resources/win32/components/wch/toolchain/risc-v embedded gcc12/bin/../lib/gcc/riscv-wch-elf/12.2.0/../../../../riscv-wch-elf/lib/rv32imac_zba_zbb_zbc_zbs_xw/ilp32\libg_nano.a(lib_a-ungetc.o)
                0x00000000200a6448                __submore
 .text.__errno  0x00000000200a64cc        0x6 d:/mounriver/mounriver_studio2/resources/app/resources/win32/components/wch/toolchain/risc-v embedded gcc12/bin/../lib/gcc/riscv-wch-elf/12.2.0/../../../../riscv-wch-elf/lib/rv32imac_zba_zbb_zbc_zbs_xw/ilp32\libg_nano.a(lib_a-errno.o)
                0x00000000200a64cc                __errno
 .text.memchr   0x00000000200a64d2       0x18 d:/mounriver/mounriver_studio2/resources/app/resources/win32/components/wch/toolchain/risc-v embedded gcc12/bin/../lib/gcc/riscv-wch-elf/12.2.0/../../../../riscv-wch-elf/lib/rv32imac_zba_zbb_zbc_zbs_xw/ilp32\libg_nano.a(lib_a-memchr.o)
                0x00000000200a64d2                memchr
 .text.__malloc_lock
                0x00000000200a64ea        0x8 d:/mounriver/mounriver_studio2/resources/app/resources/win32/components/wch/toolchain/risc-v embedded gcc12/bin/../lib/gcc/riscv-wch-elf/12.2.0/../../../../riscv-wch-elf/lib/rv32imac_zba_zbb_zbc_zbs_xw/ilp32\libg_nano.a(lib_a-mlock.o)
                0x00000000200a64ea                __malloc_lock
 .text.__malloc_unlock
                0x00000000200a64f2        0x8 d:/mounriver/mounriver_studio2/resources/app/resources/win32/components/wch/toolchain/risc-v embedded gcc12/bin/../lib/gcc/riscv-wch-elf/12.2.0/../../../../riscv-wch-elf/lib/rv32imac_zba_zbb_zbc_zbs_xw/ilp32\libg_nano.a(lib_a-mlock.o)
                0x00000000200a64f2                __malloc_unlock
 .text._realloc_r
                0x00000000200a64fa       0x76 d:/mounriver/mounriver_studio2/resources/app/resources/win32/components/wch/toolchain/risc-v embedded gcc12/bin/../lib/gcc/riscv-wch-elf/12.2.0/../../../../riscv-wch-elf/lib/rv32imac_zba_zbb_zbc_zbs_xw/ilp32\libg_nano.a(lib_a-nano-reallocr.o)
                0x00000000200a64fa                _realloc_r
 .text._malloc_usable_size_r
                0x00000000200a6570       0x14 d:/mounriver/mounriver_studio2/resources/app/resources/win32/components/wch/toolchain/risc-v embedded gcc12/bin/../lib/gcc/riscv-wch-elf/12.2.0/../../../../riscv-wch-elf/lib/rv32imac_zba_zbb_zbc_zbs_xw/ilp32\libg_nano.a(lib_a-nano-msizer.o)
                0x00000000200a6570                _malloc_usable_size_r
 *(.rodata)
 *(.rodata*)
 *fill*         0x00000000200a6584        0x0 
 .rodata.main.str1.4
                0x00000000200a6584       0x46 ./User/main.o
 *fill*         0x00000000200a65ca        0x2 
 .rodata.DMA1_Channel2_IRQHandler.str1.4
                0x00000000200a65cc       0x22 ./Common/pdm_mic.o
 *fill*         0x00000000200a65ee        0x2 
 .rodata.DMA1_Channel1_IRQHandler.str1.4
                0x00000000200a65f0       0x25 ./Common/pdm_mic.o
 *fill*         0x00000000200a6615        0x3 
 .rodata.shell_exec.str1.4
                0x00000000200a6618       0x19 ./Common/shell.o
                                         0x1d (size before relaxing)
 *fill*         0x00000000200a6631        0x3 
 .rodata.setmemfunc.str1.4
                0x00000000200a6634       0x3c ./Common/shell_func.o
 .rodata.helpfunc.str1.4
                0x00000000200a6670       0x51 ./Common/shell_func.o
                                         0x55 (size before relaxing)
 *fill*         0x00000000200a66c1        0x3 
 .rodata.printmemfunc.str1.4
                0x00000000200a66c4       0x7d ./Common/shell_func.o
 *fill*         0x00000000200a6741        0x3 
 .rodata.sxmemfunc.str1.4
                0x00000000200a6744       0x29 ./Common/shell_func.o
 *fill*         0x00000000200a676d        0x3 
 .rodata.rxmemfunc.str1.4
                0x00000000200a6770       0x13 ./Common/shell_func.o
 *fill*         0x00000000200a6783        0x1 
 .rodata.micrecfunc.str1.4
                0x00000000200a6784       0x30 ./Common/shell_func.o
 .rodata.str1.4
                0x00000000200a67b4       0xcf ./Common/shell_func.o
 *fill*         0x00000000200a6883        0x1 
 .rodata.g_shell_cmd_list_ast
                0x00000000200a6884       0x54 ./Common/shell_func.o
                0x00000000200a6884                g_shell_cmd_list_ast
 .rodata.xmodem_rx
                0x00000000200a68d8       0x14 ./Common/xmodem.o
 .rodata.t      0x00000000200a68ec       0x20 ./Common/xmodem.o
 .rodata.xvfprintf.str1.4
                0x00000000200a690c        0xc ./Common/xprintf.o
                                         0x10 (size before relaxing)
 .rodata.xvfprintf
                0x00000000200a6918       0x5c ./Common/xprintf.o
 .rodata.__divdf3
                0x00000000200a6974       0x40 d:/mounriver/mounriver_studio2/resources/app/resources/win32/components/wch/toolchain/risc-v embedded gcc12/bin/../lib/gcc/riscv-wch-elf/12.2.0/rv32imac_zba_zbb_zbc_zbs_xw/ilp32\libgcc.a(divdf3.o)
 .rodata.__clz_tab
                0x00000000200a69b4      0x100 d:/mounriver/mounriver_studio2/resources/app/resources/win32/components/wch/toolchain/risc-v embedded gcc12/bin/../lib/gcc/riscv-wch-elf/12.2.0/rv32imac_zba_zbb_zbc_zbs_xw/ilp32\libgcc.a(_clz.o)
                0x00000000200a69b4                __clz_tab
 .rodata.__sf_fake_stderr
                0x00000000200a6ab4       0x20 d:/mounriver/mounriver_studio2/resources/app/resources/win32/components/wch/toolchain/risc-v embedded gcc12/bin/../lib/gcc/riscv-wch-elf/12.2.0/../../../../riscv-wch-elf/lib/rv32imac_zba_zbb_zbc_zbs_xw/ilp32\libg_nano.a(lib_a-findfp.o)
                0x00000000200a6ab4                __sf_fake_stderr
 .rodata.__sf_fake_stdout
                0x00000000200a6ad4       0x20 d:/mounriver/mounriver_studio2/resources/app/resources/win32/components/wch/toolchain/risc-v embedded gcc12/bin/../lib/gcc/riscv-wch-elf/12.2.0/../../../../riscv-wch-elf/lib/rv32imac_zba_zbb_zbc_zbs_xw/ilp32\libg_nano.a(lib_a-findfp.o)
                0x00000000200a6ad4                __sf_fake_stdout
 .rodata.__sf_fake_stdin
                0x00000000200a6af4       0x20 d:/mounriver/mounriver_studio2/resources/app/resources/win32/components/wch/toolchain/risc-v embedded gcc12/bin/../lib/gcc/riscv-wch-elf/12.2.0/../../../../riscv-wch-elf/lib/rv32imac_zba_zbb_zbc_zbs_xw/ilp32\libg_nano.a(lib_a-findfp.o)
                0x00000000200a6af4                __sf_fake_stdin
 .rodata.__ssvfscanf_r.str1.4
                0x00000000200a6b14        0x4 d:/mounriver/mounriver_studio2/resources/app/resources/win32/components/wch/toolchain/risc-v embedded gcc12/bin/../lib/gcc/riscv-wch-elf/12.2.0/../../../../riscv-wch-elf/lib/rv32imac_zba_zbb_zbc_zbs_xw/ilp32\libg_nano.a(lib_a-nano-svfscanf.o)
 .rodata.__ssvfscanf_r
                0x00000000200a6b18       0x84 d:/mounriver/mounriver_studio2/resources/app/resources/win32/components/wch/toolchain/risc-v embedded gcc12/bin/../lib/gcc/riscv-wch-elf/12.2.0/../../../../riscv-wch-elf/lib/rv32imac_zba_zbb_zbc_zbs_xw/ilp32\libg_nano.a(lib_a-nano-svfscanf.o)
 .rodata._scanf_i.str1.4
                0x00000000200a6b9c       0x1e d:/mounriver/mounriver_studio2/resources/app/resources/win32/components/wch/toolchain/risc-v embedded gcc12/bin/../lib/gcc/riscv-wch-elf/12.2.0/../../../../riscv-wch-elf/lib/rv32imac_zba_zbb_zbc_zbs_xw/ilp32\libg_nano.a(lib_a-nano-vfscanf_i.o)
 *fill*         0x00000000200a6bba        0x2 
 .rodata._ctype_
                0x00000000200a6bbc      0x101 d:/mounriver/mounriver_studio2/resources/app/resources/win32/components/wch/toolchain/risc-v embedded gcc12/bin/../lib/gcc/riscv-wch-elf/12.2.0/../../../../riscv-wch-elf/lib/rv32imac_zba_zbb_zbc_zbs_xw/ilp32\libg_nano.a(lib_a-ctype_.o)
                0x00000000200a6bbc                _ctype_
 *(.sdata2.*)
 *(.glue_7)
 *(.glue_7t)
 *(.gnu.linkonce.t.*)
                0x00000000200a6cc0                . = ALIGN (0x4)
 *fill*         0x00000000200a6cbd        0x3 
                0x00000000200a6cc0                PROVIDE (_highcode_vma_end = .)

.text           0x0000000000016da4       0x54
                0x0000000000016da4                . = ALIGN (0x4)
 *(SORT_NONE(.handle_reset))
 .handle_reset  0x0000000000016da4       0x52 ./Startup/startup_ch32h417_v5f.o
                0x0000000000016da4                handle_reset
                0x0000000000016df8                . = ALIGN (0x4)
 *fill*         0x0000000000016df6        0x2 

.rela.dyn       0x0000000000016df8        0x0
 .rela.init     0x0000000000016df8        0x0 ./User/ch32h417_it.o
 .rela.vector   0x0000000000016df8        0x0 ./User/ch32h417_it.o
 .rela.load     0x0000000000016df8        0x0 ./User/ch32h417_it.o
 .rela.handle_reset
                0x0000000000016df8        0x0 ./User/ch32h417_it.o
 .rela.text._sbrk
                0x0000000000016df8        0x0 ./User/ch32h417_it.o
 .rela.sdata.curbrk.0
                0x0000000000016df8        0x0 ./User/ch32h417_it.o
 .rela.text.__ssvfscanf_r
                0x0000000000016df8        0x0 ./User/ch32h417_it.o

.highcodelalign1
                0x0000000000016df8        0x0
                0x0000000000016df8                . = ALIGN (0x4)
                0x0000000000016df8                PROVIDE (_highcode_lma1 = .)

.fini           0x00000000200a6cc0        0x0 load address 0x0000000000016df8
                0x00000000200a6cc0                . = ALIGN (0x4)
                0x00000000200a6cc0                PROVIDE (_highcode_vma_start1 = .)
 *(SORT_NONE(.fini))
                0x00000000200a6cc0                . = ALIGN (0x4)
                [!provide]                        PROVIDE (_etext = .)
                [!provide]                        PROVIDE (_eitcm = .)

.preinit_array  0x00000000200a6cc0        0x0 load address 0x0000000000016df8
                [!provide]                        PROVIDE (__preinit_array_start = .)
 *(.preinit_array)
                [!provide]                        PROVIDE (__preinit_array_end = .)

.init_array     0x00000000200a6cc0        0x0 load address 0x0000000000016df8
                [!provide]                        PROVIDE (__init_array_start = .)
 *(SORT_BY_INIT_PRIORITY(.init_array.*) SORT_BY_INIT_PRIORITY(.ctors.*))
 *(.init_array EXCLUDE_FILE(*crtend?.o *crtend.o *crtbegin?.o *crtbegin.o) .ctors)
                [!provide]                        PROVIDE (__init_array_end = .)

.fini_array     0x00000000200a6cc0        0x0 load address 0x0000000000016df8
                [!provide]                        PROVIDE (__fini_array_start = .)
 *(SORT_BY_INIT_PRIORITY(.fini_array.*) SORT_BY_INIT_PRIORITY(.dtors.*))
 *(.fini_array EXCLUDE_FILE(*crtend?.o *crtend.o *crtbegin?.o *crtbegin.o) .dtors)
                [!provide]                        PROVIDE (__fini_array_end = .)

.ctors
 *crtbegin.o(.ctors)
 *crtbegin?.o(.ctors)
 *(EXCLUDE_FILE(*crtend?.o *crtend.o) .ctors)
 *(SORT_BY_NAME(.ctors.*))
 *(.ctors)

.dtors          0x00000000200a6cc0        0x0 load address 0x0000000000016df8
 *crtbegin.o(.dtors)
 *crtbegin?.o(.dtors)
 *(EXCLUDE_FILE(*crtend?.o *crtend.o) .dtors)
 *(SORT_BY_NAME(.dtors.*))
 *(.dtors)
                0x00000000200a6cc0                . = ALIGN (0x4)
                0x00000000200a6cc0                PROVIDE (_highcode_vma_end1 = .)

.dalign         0x00000000200c0300        0x0 load address 0x0000000000016df8
                0x00000000200c0300                . = ALIGN (0x4)
                0x00000000200c0300                PROVIDE (_data_vma = .)

.dlalign        0x0000000000016df8        0x0
                0x0000000000016df8                . = ALIGN (0x4)
                0x0000000000016df8                PROVIDE (_data_lma = .)

.data           0x00000000200c0300      0x270 load address 0x0000000000016df8
                0x00000000200c0300                . = ALIGN (0x4)
 *(.gnu.linkonce.r.*)
 *(.data .data.*)
 .data.SERDESPLLMULTB
                0x00000000200c0300       0x10 ./User/system_ch32h417.o
 .data.HBPrescTB
                0x00000000200c0310       0x10 ./User/system_ch32h417.o
 .data.PLLMULTB
                0x00000000200c0320       0x20 ./User/system_ch32h417.o
 .data.SERDESPLLMULTable
                0x00000000200c0340       0x10 ./Peripheral/src/ch32h417_rcc.o
 .data.HBPrescTable
                0x00000000200c0350       0x10 ./Peripheral/src/ch32h417_rcc.o
 .data.PLLMULTable
                0x00000000200c0360       0x20 ./Peripheral/src/ch32h417_rcc.o
 .data.right_fifo_dev
                0x00000000200c0380       0x14 ./Common/pdm_mic.o
 .data.left_fifo_dev
                0x00000000200c0394       0x14 ./Common/pdm_mic.o
 .data.s_cmd_buf_au8
                0x00000000200c03a8      0x100 ./Common/shell.o
 .data.rx_fifo_dev
                0x00000000200c04a8       0x14 ./Common/uart.o
                0x00000000200c04a8                rx_fifo_dev
 .data.impure_data
                0x00000000200c04bc       0x60 d:/mounriver/mounriver_studio2/resources/app/resources/win32/components/wch/toolchain/risc-v embedded gcc12/bin/../lib/gcc/riscv-wch-elf/12.2.0/../../../../riscv-wch-elf/lib/rv32imac_zba_zbb_zbc_zbs_xw/ilp32\libg_nano.a(lib_a-impure.o)
 *(.gnu.linkonce.d.*)
                0x00000000200c0520                . = ALIGN (0x8)
 *fill*         0x00000000200c051c        0x4 
                0x00000000200c0d20                PROVIDE (__global_pointer$ = (. + 0x800))
 *(.sdata .sdata.*)
 .sdata.FPRETB  0x00000000200c0520        0x4 ./User/system_ch32h417.o
 .sdata.ADCPRETable
                0x00000000200c0524        0x4 ./Peripheral/src/ch32h417_rcc.o
 .sdata.PPRE2Table
                0x00000000200c0528        0x8 ./Peripheral/src/ch32h417_rcc.o
 .sdata.FPRETable
                0x00000000200c0530        0x4 ./Peripheral/src/ch32h417_rcc.o
 .sdata.curbrk.0
                0x00000000200c0534        0x4 ./Common/Debug/debug.o
 .sdata._impure_ptr
                0x00000000200c0538        0x4 d:/mounriver/mounriver_studio2/resources/app/resources/win32/components/wch/toolchain/risc-v embedded gcc12/bin/../lib/gcc/riscv-wch-elf/12.2.0/../../../../riscv-wch-elf/lib/rv32imac_zba_zbb_zbc_zbs_xw/ilp32\libg_nano.a(lib_a-impure.o)
                0x00000000200c0538                _impure_ptr
 *(.sdata2.*)
 *(.gnu.linkonce.s.*)
                0x00000000200c0540                . = ALIGN (0x8)
 *fill*         0x00000000200c053c        0x4 
 *(.srodata.cst16)
 *(.srodata.cst8)
 .srodata.cst8  0x00000000200c0540       0x30 ./Common/xprintf.o
 *(.srodata.cst4)
 *(.srodata.cst2)
 *(.srodata .srodata.*)
                0x00000000200c0570                . = ALIGN (0x4)
                0x00000000200c0570                PROVIDE (_edata = .)

.bss            0x00000000200c0580     0x2a58 load address 0x0000000000017068
                0x00000000200c0580                . = ALIGN (0x4)
                0x00000000200c0580                PROVIDE (_sbss = .)
 *(.sbss*)
 .sbss.s_mic_rec_current_samps
                0x00000000200c0580        0x4 ./User/main.o
 .sbss.s_mic_rec_total_samps
                0x00000000200c0584        0x4 ./User/main.o
 .sbss.s_mic_rec_buffer
                0x00000000200c0588        0x4 ./User/main.o
 .sbss.s_mic_rec_flag
                0x00000000200c058c        0x4 ./User/main.o
 .sbss.SystemCoreClock
                0x00000000200c0590        0x4 ./User/system_ch32h417.o
                0x00000000200c0590                SystemCoreClock
 .sbss.SystemClock
                0x00000000200c0594        0x4 ./User/system_ch32h417.o
                0x00000000200c0594                SystemClock
 .sbss.HCLKClock
                0x00000000200c0598        0x4 ./User/system_ch32h417.o
                0x00000000200c0598                HCLKClock
 .sbss.right_over_run_print_flag
                0x00000000200c059c        0x4 ./Common/pdm_mic.o
 .sbss.right_over_run
                0x00000000200c05a0        0x4 ./Common/pdm_mic.o
 .sbss.left_over_run_print_flag
                0x00000000200c05a4        0x4 ./Common/pdm_mic.o
 .sbss.left_over_run
                0x00000000200c05a8        0x4 ./Common/pdm_mic.o
 .sbss.s_cmd_buf_index_u32
                0x00000000200c05ac        0x4 ./Common/shell.o
 .sbss.s_enableecho_u8
                0x00000000200c05b0        0x1 ./Common/shell.o
                0x00000000200c05b0                s_enableecho_u8
 *fill*         0x00000000200c05b1        0x3 
 .sbss.s_cmd_cfg_pst
                0x00000000200c05b4        0x4 ./Common/shell.o
                0x00000000200c05b4                s_cmd_cfg_pst
 .sbss.s_output_pf
                0x00000000200c05b8        0x4 ./Common/shell.o
                0x00000000200c05b8                s_output_pf
 .sbss.s_input_pf
                0x00000000200c05bc        0x4 ./Common/shell.o
                0x00000000200c05bc                s_input_pf
 .sbss.g_counter
                0x00000000200c05c0        0x4 ./Common/systick.o
                0x00000000200c05c0                g_counter
 .sbss.s_cfg_pst
                0x00000000200c05c4        0x4 ./Common/xmodem.o
 .sbss.xfunc_input
                0x00000000200c05c8        0x4 ./Common/xprintf.o
                0x00000000200c05c8                xfunc_input
 .sbss.strptr   0x00000000200c05cc        0x4 ./Common/xprintf.o
 .sbss.xfunc_output
                0x00000000200c05d0        0x4 ./Common/xprintf.o
                0x00000000200c05d0                xfunc_output
 .sbss.__lock___malloc_recursive_mutex
                0x00000000200c05d4        0x1 d:/mounriver/mounriver_studio2/resources/app/resources/win32/components/wch/toolchain/risc-v embedded gcc12/bin/../lib/gcc/riscv-wch-elf/12.2.0/../../../../riscv-wch-elf/lib/rv32imac_zba_zbb_zbc_zbs_xw/ilp32\libg_nano.a(lib_a-lock.o)
                0x00000000200c05d4                __lock___malloc_recursive_mutex
 *fill*         0x00000000200c05d5        0x3 
 .sbss.__malloc_sbrk_start
                0x00000000200c05d8        0x4 d:/mounriver/mounriver_studio2/resources/app/resources/win32/components/wch/toolchain/risc-v embedded gcc12/bin/../lib/gcc/riscv-wch-elf/12.2.0/../../../../riscv-wch-elf/lib/rv32imac_zba_zbb_zbc_zbs_xw/ilp32\libg_nano.a(lib_a-nano-mallocr.o)
                0x00000000200c05d8                __malloc_sbrk_start
 .sbss.__malloc_free_list
                0x00000000200c05dc        0x4 d:/mounriver/mounriver_studio2/resources/app/resources/win32/components/wch/toolchain/risc-v embedded gcc12/bin/../lib/gcc/riscv-wch-elf/12.2.0/../../../../riscv-wch-elf/lib/rv32imac_zba_zbb_zbc_zbs_xw/ilp32\libg_nano.a(lib_a-nano-mallocr.o)
                0x00000000200c05dc                __malloc_free_list
 .sbss.errno    0x00000000200c05e0        0x4 d:/mounriver/mounriver_studio2/resources/app/resources/win32/components/wch/toolchain/risc-v embedded gcc12/bin/../lib/gcc/riscv-wch-elf/12.2.0/../../../../riscv-wch-elf/lib/rv32imac_zba_zbb_zbc_zbs_xw/ilp32\libg_nano.a(lib_a-reent.o)
                0x00000000200c05e0                errno
 *(.gnu.linkonce.sb.*)
 *(.bss*)
 *fill*         0x00000000200c05e4       0x1c 
 .bss.PDM_RightTmpBuffer
                0x00000000200c0600      0x140 ./User/main.o
 .bss.PDM_LeftTmpBuffer
                0x00000000200c0740      0x140 ./User/main.o
 .bss.right_fifo_buffer
                0x00000000200c0880      0xc80 ./Common/pdm_mic.o
 .bss.left_fifo_buffer
                0x00000000200c1500      0xc80 ./Common/pdm_mic.o
 .bss.PDM_RightTmpBuffer
                0x00000000200c2180       0xa0 ./Common/pdm_mic.o
                0x00000000200c2180                PDM_RightTmpBuffer
 .bss.PDM_LeftTmpBuffer
                0x00000000200c2220       0xa0 ./Common/pdm_mic.o
                0x00000000200c2220                PDM_LeftTmpBuffer
 .bss.PDM_RightBuffer
                0x00000000200c22c0      0x280 ./Common/pdm_mic.o
                0x00000000200c22c0                PDM_RightBuffer
 .bss.PDM_LeftBuffer
                0x00000000200c2540      0x280 ./Common/pdm_mic.o
                0x00000000200c2540                PDM_LeftBuffer
 .bss.rxtx_buf  0x00000000200c27c0      0x405 ./Common/shell_func.o
 *fill*         0x00000000200c2bc5        0x3 
 .bss.rx_fifo_buffer
                0x00000000200c2bc8      0x400 ./Common/uart.o
 .bss.s_state_st
                0x00000000200c2fc8       0x10 ./Common/xmodem.o
 *(.gnu.linkonce.b.*)
 *(COMMON*)
                0x00000000200c2fd8                . = ALIGN (0x4)
                0x00000000200c2fd8                PROVIDE (_ebss = .)
                0x00000000200c2fd8                PROVIDE (_end = _ebss)
                [!provide]                        PROVIDE (end = .)

.stack          0x00000000200ff000     0x1000
                0x00000000200ff000                PROVIDE (_heap_end = .)
                0x00000000200ff000                . = ALIGN (0x4)
                [!provide]                        PROVIDE (_susrstack = .)
                0x0000000020100000                . = (. + __stack_size)
 *fill*         0x00000000200ff000     0x1000 
                0x0000000020100000                PROVIDE (_eusrstack = .)
OUTPUT(test_V5F.elf elf32-littleriscv)

.debug_info     0x0000000000000000     0xde5e
 .debug_info    0x0000000000000000      0x3dc ./User/ch32h417_it.o
 .debug_info    0x00000000000003dc      0x9bc ./User/main.o
 .debug_info    0x0000000000000d98      0x5df ./User/system_ch32h417.o
 .debug_info    0x0000000000001377       0x23 ./Startup/startup_ch32h417_v5f.o
 .debug_info    0x000000000000139a     0x136e ./Peripheral/src/ch32h417_dfsdm.o
 .debug_info    0x0000000000002708      0x53c ./Peripheral/src/ch32h417_dma.o
 .debug_info    0x0000000000002c44      0xa42 ./Peripheral/src/ch32h417_fmc.o
 .debug_info    0x0000000000003686      0xb73 ./Peripheral/src/ch32h417_gpio.o
 .debug_info    0x00000000000041f9      0x69c ./Peripheral/src/ch32h417_pwr.o
 .debug_info    0x0000000000004895     0x12b3 ./Peripheral/src/ch32h417_rcc.o
 .debug_info    0x0000000000005b48      0xb26 ./Peripheral/src/ch32h417_usart.o
 .debug_info    0x000000000000666e      0x70f ./Common/Debug/debug.o
 .debug_info    0x0000000000006d7d      0x29d ./Common/fifo.o
 .debug_info    0x000000000000701a     0x1dea ./Common/pdm_mic.o
 .debug_info    0x0000000000008e04     0x1166 ./Common/sdram.o
 .debug_info    0x0000000000009f6a      0x555 ./Common/shell.o
 .debug_info    0x000000000000a4bf      0xea4 ./Common/shell_func.o
 .debug_info    0x000000000000b363      0x815 ./Common/systick.o
 .debug_info    0x000000000000bb78      0xef6 ./Common/uart.o
 .debug_info    0x000000000000ca6e      0x804 ./Common/xmodem.o
 .debug_info    0x000000000000d272      0xbec ./Common/xprintf.o

.debug_abbrev   0x0000000000000000     0x3081
 .debug_abbrev  0x0000000000000000      0x10f ./User/ch32h417_it.o
 .debug_abbrev  0x000000000000010f      0x370 ./User/main.o
 .debug_abbrev  0x000000000000047f      0x186 ./User/system_ch32h417.o
 .debug_abbrev  0x0000000000000605       0x12 ./Startup/startup_ch32h417_v5f.o
 .debug_abbrev  0x0000000000000617      0x27c ./Peripheral/src/ch32h417_dfsdm.o
 .debug_abbrev  0x0000000000000893      0x214 ./Peripheral/src/ch32h417_dma.o
 .debug_abbrev  0x0000000000000aa7      0x1f3 ./Peripheral/src/ch32h417_fmc.o
 .debug_abbrev  0x0000000000000c9a      0x27a ./Peripheral/src/ch32h417_gpio.o
 .debug_abbrev  0x0000000000000f14      0x268 ./Peripheral/src/ch32h417_pwr.o
 .debug_abbrev  0x000000000000117c      0x36e ./Peripheral/src/ch32h417_rcc.o
 .debug_abbrev  0x00000000000014ea      0x210 ./Peripheral/src/ch32h417_usart.o
 .debug_abbrev  0x00000000000016fa      0x23c ./Common/Debug/debug.o
 .debug_abbrev  0x0000000000001936      0x12f ./Common/fifo.o
 .debug_abbrev  0x0000000000001a65      0x3f6 ./Common/pdm_mic.o
 .debug_abbrev  0x0000000000001e5b      0x247 ./Common/sdram.o
 .debug_abbrev  0x00000000000020a2      0x245 ./Common/shell.o
 .debug_abbrev  0x00000000000022e7      0x2dd ./Common/shell_func.o
 .debug_abbrev  0x00000000000025c4      0x1ed ./Common/systick.o
 .debug_abbrev  0x00000000000027b1      0x2e1 ./Common/uart.o
 .debug_abbrev  0x0000000000002a92      0x2a5 ./Common/xmodem.o
 .debug_abbrev  0x0000000000002d37      0x34a ./Common/xprintf.o

.debug_aranges  0x0000000000000000      0xb08
 .debug_aranges
                0x0000000000000000       0x28 ./User/ch32h417_it.o
 .debug_aranges
                0x0000000000000028       0x48 ./User/main.o
 .debug_aranges
                0x0000000000000070       0x20 ./User/system_ch32h417.o
 .debug_aranges
                0x0000000000000090       0x38 ./Startup/startup_ch32h417_v5f.o
 .debug_aranges
                0x00000000000000c8      0x210 ./Peripheral/src/ch32h417_dfsdm.o
 .debug_aranges
                0x00000000000002d8       0x78 ./Peripheral/src/ch32h417_dma.o
 .debug_aranges
                0x0000000000000350       0xc8 ./Peripheral/src/ch32h417_fmc.o
 .debug_aranges
                0x0000000000000418       0xa0 ./Peripheral/src/ch32h417_gpio.o
 .debug_aranges
                0x00000000000004b8       0x68 ./Peripheral/src/ch32h417_pwr.o
 .debug_aranges
                0x0000000000000520      0x1f0 ./Peripheral/src/ch32h417_rcc.o
 .debug_aranges
                0x0000000000000710      0x100 ./Peripheral/src/ch32h417_usart.o
 .debug_aranges
                0x0000000000000810       0x48 ./Common/Debug/debug.o
 .debug_aranges
                0x0000000000000858       0x40 ./Common/fifo.o
 .debug_aranges
                0x0000000000000898       0x68 ./Common/pdm_mic.o
 .debug_aranges
                0x0000000000000900       0x20 ./Common/sdram.o
 .debug_aranges
                0x0000000000000920       0x38 ./Common/shell.o
 .debug_aranges
                0x0000000000000958       0x78 ./Common/shell_func.o
 .debug_aranges
                0x00000000000009d0       0x38 ./Common/systick.o
 .debug_aranges
                0x0000000000000a08       0x38 ./Common/uart.o
 .debug_aranges
                0x0000000000000a40       0x40 ./Common/xmodem.o
 .debug_aranges
                0x0000000000000a80       0x88 ./Common/xprintf.o

.debug_rnglists
                0x0000000000000000      0xd9d
 .debug_rnglists
                0x0000000000000000       0x1f ./User/ch32h417_it.o
 .debug_rnglists
                0x000000000000001f       0x85 ./User/main.o
 .debug_rnglists
                0x00000000000000a4       0x29 ./User/system_ch32h417.o
 .debug_rnglists
                0x00000000000000cd       0x26 ./Startup/startup_ch32h417_v5f.o
 .debug_rnglists
                0x00000000000000f3      0x244 ./Peripheral/src/ch32h417_dfsdm.o
 .debug_rnglists
                0x0000000000000337       0x79 ./Peripheral/src/ch32h417_dma.o
 .debug_rnglists
                0x00000000000003b0       0xd3 ./Peripheral/src/ch32h417_fmc.o
 .debug_rnglists
                0x0000000000000483       0xa6 ./Peripheral/src/ch32h417_gpio.o
 .debug_rnglists
                0x0000000000000529       0x67 ./Peripheral/src/ch32h417_pwr.o
 .debug_rnglists
                0x0000000000000590      0x258 ./Peripheral/src/ch32h417_rcc.o
 .debug_rnglists
                0x00000000000007e8      0x112 ./Peripheral/src/ch32h417_usart.o
 .debug_rnglists
                0x00000000000008fa       0x43 ./Common/Debug/debug.o
 .debug_rnglists
                0x000000000000093d       0x3a ./Common/fifo.o
 .debug_rnglists
                0x0000000000000977       0xa0 ./Common/pdm_mic.o
 .debug_rnglists
                0x0000000000000a17       0x4e ./Common/sdram.o
 .debug_rnglists
                0x0000000000000a65       0xbe ./Common/shell.o
 .debug_rnglists
                0x0000000000000b23       0xc5 ./Common/shell_func.o
 .debug_rnglists
                0x0000000000000be8       0x31 ./Common/systick.o
 .debug_rnglists
                0x0000000000000c19       0x44 ./Common/uart.o
 .debug_rnglists
                0x0000000000000c5d       0xa2 ./Common/xmodem.o
 .debug_rnglists
                0x0000000000000cff       0x9e ./Common/xprintf.o

.debug_line     0x0000000000000000     0xf485
 .debug_line    0x0000000000000000       0xdb ./User/ch32h417_it.o
 .debug_line    0x00000000000000db      0x7c3 ./User/main.o
 .debug_line    0x000000000000089e      0x372 ./User/system_ch32h417.o
 .debug_line    0x0000000000000c10      0x1f7 ./Startup/startup_ch32h417_v5f.o
 .debug_line    0x0000000000000e07     0x1ad3 ./Peripheral/src/ch32h417_dfsdm.o
 .debug_line    0x00000000000028da      0x8ec ./Peripheral/src/ch32h417_dma.o
 .debug_line    0x00000000000031c6      0xfb4 ./Peripheral/src/ch32h417_fmc.o
 .debug_line    0x000000000000417a     0x14f3 ./Peripheral/src/ch32h417_gpio.o
 .debug_line    0x000000000000566d      0x535 ./Peripheral/src/ch32h417_pwr.o
 .debug_line    0x0000000000005ba2     0x1bb9 ./Peripheral/src/ch32h417_rcc.o
 .debug_line    0x000000000000775b      0xeb8 ./Peripheral/src/ch32h417_usart.o
 .debug_line    0x0000000000008613      0x55a ./Common/Debug/debug.o
 .debug_line    0x0000000000008b6d      0x47d ./Common/fifo.o
 .debug_line    0x0000000000008fea      0xe37 ./Common/pdm_mic.o
 .debug_line    0x0000000000009e21      0xee7 ./Common/sdram.o
 .debug_line    0x000000000000ad08      0x4f9 ./Common/shell.o
 .debug_line    0x000000000000b201      0xbd1 ./Common/shell_func.o
 .debug_line    0x000000000000bdd2      0x1bc ./Common/systick.o
 .debug_line    0x000000000000bf8e      0x38a ./Common/uart.o
 .debug_line    0x000000000000c318     0x1312 ./Common/xmodem.o
 .debug_line    0x000000000000d62a     0x1e5b ./Common/xprintf.o

.debug_str      0x0000000000000000     0x3bb4
 .debug_str     0x0000000000000000      0x265 ./User/ch32h417_it.o
                                        0x2b4 (size before relaxing)
 .debug_str     0x0000000000000265      0x421 ./User/main.o
                                        0x607 (size before relaxing)
 .debug_str     0x0000000000000686       0x64 ./User/system_ch32h417.o
                                        0x3a6 (size before relaxing)
 .debug_str     0x00000000000006ea       0x97 ./Startup/startup_ch32h417_v5f.o
 .debug_str     0x0000000000000781      0xae4 ./Peripheral/src/ch32h417_dfsdm.o
                                        0xd9c (size before relaxing)
 .debug_str     0x0000000000001265      0x29c ./Peripheral/src/ch32h417_dma.o
                                        0x495 (size before relaxing)
 .debug_str     0x0000000000001501      0x784 ./Peripheral/src/ch32h417_fmc.o
                                        0x97d (size before relaxing)
 .debug_str     0x0000000000001c85      0x343 ./Peripheral/src/ch32h417_gpio.o
                                        0x61c (size before relaxing)
 .debug_str     0x0000000000001fc8      0x1a4 ./Peripheral/src/ch32h417_pwr.o
                                        0x4af (size before relaxing)
 .debug_str     0x000000000000216c      0x760 ./Peripheral/src/ch32h417_rcc.o
                                        0xd22 (size before relaxing)
 .debug_str     0x00000000000028cc      0x431 ./Peripheral/src/ch32h417_usart.o
                                        0x738 (size before relaxing)
 .debug_str     0x0000000000002cfd       0x89 ./Common/Debug/debug.o
                                        0x556 (size before relaxing)
 .debug_str     0x0000000000002d86       0x64 ./Common/fifo.o
                                        0x206 (size before relaxing)
 .debug_str     0x0000000000002dea      0x877 ./Common/pdm_mic.o
                                       0x1442 (size before relaxing)
 .debug_str     0x0000000000003661       0x72 ./Common/sdram.o
                                        0x648 (size before relaxing)
 .debug_str     0x00000000000036d3       0xfe ./Common/shell.o
                                        0x30d (size before relaxing)
 .debug_str     0x00000000000037d1      0x1f1 ./Common/shell_func.o
                                        0x484 (size before relaxing)
 .debug_str     0x00000000000039c2       0x32 ./Common/systick.o
                                        0x9c1 (size before relaxing)
 .debug_str     0x00000000000039f4       0x48 ./Common/uart.o
                                        0xd15 (size before relaxing)
 .debug_str     0x0000000000003a3c       0x62 ./Common/xmodem.o
                                        0x374 (size before relaxing)
 .debug_str     0x0000000000003a9e      0x116 ./Common/xprintf.o
                                        0x2d4 (size before relaxing)

.debug_line_str
                0x0000000000000000      0xa63
 .debug_line_str
                0x0000000000000000      0x1c7 ./User/ch32h417_it.o
                                        0x21b (size before relaxing)
 .debug_line_str
                0x00000000000001c7      0x134 ./User/main.o
                                        0x336 (size before relaxing)
 .debug_line_str
                0x00000000000002fb       0x1a ./User/system_ch32h417.o
                                        0x2c0 (size before relaxing)
 .debug_line_str
                0x0000000000000315       0x53 ./Startup/startup_ch32h417_v5f.o
                                         0xa2 (size before relaxing)
 .debug_line_str
                0x0000000000000368       0xa8 ./Peripheral/src/ch32h417_dfsdm.o
                                        0x308 (size before relaxing)
 .debug_line_str
                0x0000000000000410       0x61 ./Peripheral/src/ch32h417_dma.o
                                        0x2f1 (size before relaxing)
 .debug_line_str
                0x0000000000000471       0x61 ./Peripheral/src/ch32h417_fmc.o
                                        0x300 (size before relaxing)
 .debug_line_str
                0x00000000000004d2       0x74 ./Peripheral/src/ch32h417_gpio.o
                                        0x315 (size before relaxing)
 .debug_line_str
                0x0000000000000546       0x52 ./Peripheral/src/ch32h417_pwr.o
                                        0x300 (size before relaxing)
 .debug_line_str
                0x0000000000000598       0x52 ./Peripheral/src/ch32h417_rcc.o
                                        0x301 (size before relaxing)
 .debug_line_str
                0x00000000000005ea       0x65 ./Peripheral/src/ch32h417_usart.o
                                        0x308 (size before relaxing)
 .debug_line_str
                0x000000000000064f      0x11c ./Common/Debug/debug.o
                                        0x3d6 (size before relaxing)
 .debug_line_str
                0x000000000000076b       0xdb ./Common/fifo.o
                                        0x355 (size before relaxing)
 .debug_line_str
                0x0000000000000846       0x41 ./Common/pdm_mic.o
                                        0x316 (size before relaxing)
 .debug_line_str
                0x0000000000000887       0x3f ./Common/sdram.o
                                        0x2ee (size before relaxing)
 .debug_line_str
                0x00000000000008c6       0x3f ./Common/shell.o
                                        0x234 (size before relaxing)
 .debug_line_str
                0x0000000000000905       0x55 ./Common/shell_func.o
                                        0x3a1 (size before relaxing)
 .debug_line_str
                0x000000000000095a       0x41 ./Common/systick.o
                                        0x2bb (size before relaxing)
 .debug_line_str
                0x000000000000099b       0x3e ./Common/uart.o
                                        0x2e9 (size before relaxing)
 .debug_line_str
                0x00000000000009d9       0x40 ./Common/xmodem.o
                                        0x352 (size before relaxing)
 .debug_line_str
                0x0000000000000a19       0x4a ./Common/xprintf.o
                                        0x234 (size before relaxing)

.comment        0x0000000000000000       0x31
 .comment       0x0000000000000000       0x31 ./User/ch32h417_it.o
                                         0x32 (size before relaxing)
 .comment       0x0000000000000031       0x32 ./User/main.o
 .comment       0x0000000000000031       0x32 ./User/system_ch32h417.o
 .comment       0x0000000000000031       0x32 ./Peripheral/src/ch32h417_dfsdm.o
 .comment       0x0000000000000031       0x32 ./Peripheral/src/ch32h417_dma.o
 .comment       0x0000000000000031       0x32 ./Peripheral/src/ch32h417_fmc.o
 .comment       0x0000000000000031       0x32 ./Peripheral/src/ch32h417_gpio.o
 .comment       0x0000000000000031       0x32 ./Peripheral/src/ch32h417_pwr.o
 .comment       0x0000000000000031       0x32 ./Peripheral/src/ch32h417_rcc.o
 .comment       0x0000000000000031       0x32 ./Peripheral/src/ch32h417_usart.o
 .comment       0x0000000000000031       0x32 ./Common/Debug/debug.o
 .comment       0x0000000000000031       0x32 ./Common/fifo.o
 .comment       0x0000000000000031       0x32 ./Common/pdm_mic.o
 .comment       0x0000000000000031       0x32 ./Common/sdram.o
 .comment       0x0000000000000031       0x32 ./Common/shell.o
 .comment       0x0000000000000031       0x32 ./Common/shell_func.o
 .comment       0x0000000000000031       0x32 ./Common/systick.o
 .comment       0x0000000000000031       0x32 ./Common/uart.o
 .comment       0x0000000000000031       0x32 ./Common/xmodem.o
 .comment       0x0000000000000031       0x32 ./Common/xprintf.o
 .comment       0x0000000000000031       0x32 d:/mounriver/mounriver_studio2/resources/app/resources/win32/components/wch/toolchain/risc-v embedded gcc12/bin/../lib/gcc/riscv-wch-elf/12.2.0/rv32imac_zba_zbb_zbc_zbs_xw/ilp32\libgcc.a(_udivdi3.o)
 .comment       0x0000000000000031       0x32 d:/mounriver/mounriver_studio2/resources/app/resources/win32/components/wch/toolchain/risc-v embedded gcc12/bin/../lib/gcc/riscv-wch-elf/12.2.0/rv32imac_zba_zbb_zbc_zbs_xw/ilp32\libgcc.a(_umoddi3.o)
 .comment       0x0000000000000031       0x32 d:/mounriver/mounriver_studio2/resources/app/resources/win32/components/wch/toolchain/risc-v embedded gcc12/bin/../lib/gcc/riscv-wch-elf/12.2.0/rv32imac_zba_zbb_zbc_zbs_xw/ilp32\libgcc.a(adddf3.o)
 .comment       0x0000000000000031       0x32 d:/mounriver/mounriver_studio2/resources/app/resources/win32/components/wch/toolchain/risc-v embedded gcc12/bin/../lib/gcc/riscv-wch-elf/12.2.0/rv32imac_zba_zbb_zbc_zbs_xw/ilp32\libgcc.a(divdf3.o)
 .comment       0x0000000000000031       0x32 d:/mounriver/mounriver_studio2/resources/app/resources/win32/components/wch/toolchain/risc-v embedded gcc12/bin/../lib/gcc/riscv-wch-elf/12.2.0/rv32imac_zba_zbb_zbc_zbs_xw/ilp32\libgcc.a(eqdf2.o)
 .comment       0x0000000000000031       0x32 d:/mounriver/mounriver_studio2/resources/app/resources/win32/components/wch/toolchain/risc-v embedded gcc12/bin/../lib/gcc/riscv-wch-elf/12.2.0/rv32imac_zba_zbb_zbc_zbs_xw/ilp32\libgcc.a(gedf2.o)
 .comment       0x0000000000000031       0x32 d:/mounriver/mounriver_studio2/resources/app/resources/win32/components/wch/toolchain/risc-v embedded gcc12/bin/../lib/gcc/riscv-wch-elf/12.2.0/rv32imac_zba_zbb_zbc_zbs_xw/ilp32\libgcc.a(ledf2.o)
 .comment       0x0000000000000031       0x32 d:/mounriver/mounriver_studio2/resources/app/resources/win32/components/wch/toolchain/risc-v embedded gcc12/bin/../lib/gcc/riscv-wch-elf/12.2.0/rv32imac_zba_zbb_zbc_zbs_xw/ilp32\libgcc.a(muldf3.o)
 .comment       0x0000000000000031       0x32 d:/mounriver/mounriver_studio2/resources/app/resources/win32/components/wch/toolchain/risc-v embedded gcc12/bin/../lib/gcc/riscv-wch-elf/12.2.0/rv32imac_zba_zbb_zbc_zbs_xw/ilp32\libgcc.a(subdf3.o)
 .comment       0x0000000000000031       0x32 d:/mounriver/mounriver_studio2/resources/app/resources/win32/components/wch/toolchain/risc-v embedded gcc12/bin/../lib/gcc/riscv-wch-elf/12.2.0/rv32imac_zba_zbb_zbc_zbs_xw/ilp32\libgcc.a(unorddf2.o)
 .comment       0x0000000000000031       0x32 d:/mounriver/mounriver_studio2/resources/app/resources/win32/components/wch/toolchain/risc-v embedded gcc12/bin/../lib/gcc/riscv-wch-elf/12.2.0/rv32imac_zba_zbb_zbc_zbs_xw/ilp32\libgcc.a(fixdfsi.o)
 .comment       0x0000000000000031       0x32 d:/mounriver/mounriver_studio2/resources/app/resources/win32/components/wch/toolchain/risc-v embedded gcc12/bin/../lib/gcc/riscv-wch-elf/12.2.0/rv32imac_zba_zbb_zbc_zbs_xw/ilp32\libgcc.a(floatsidf.o)
 .comment       0x0000000000000031       0x32 d:/mounriver/mounriver_studio2/resources/app/resources/win32/components/wch/toolchain/risc-v embedded gcc12/bin/../lib/gcc/riscv-wch-elf/12.2.0/rv32imac_zba_zbb_zbc_zbs_xw/ilp32\libgcc.a(_clz.o)
 .comment       0x0000000000000031       0x32 d:/mounriver/mounriver_studio2/resources/app/resources/win32/components/wch/toolchain/risc-v embedded gcc12/bin/../lib/gcc/riscv-wch-elf/12.2.0/../../../../riscv-wch-elf/lib/rv32imac_zba_zbb_zbc_zbs_xw/ilp32\libg_nano.a(lib_a-sscanf.o)
 .comment       0x0000000000000031       0x32 d:/mounriver/mounriver_studio2/resources/app/resources/win32/components/wch/toolchain/risc-v embedded gcc12/bin/../lib/gcc/riscv-wch-elf/12.2.0/../../../../riscv-wch-elf/lib/rv32imac_zba_zbb_zbc_zbs_xw/ilp32\libg_nano.a(lib_a-stdio.o)
 .comment       0x0000000000000031       0x32 d:/mounriver/mounriver_studio2/resources/app/resources/win32/components/wch/toolchain/risc-v embedded gcc12/bin/../lib/gcc/riscv-wch-elf/12.2.0/../../../../riscv-wch-elf/lib/rv32imac_zba_zbb_zbc_zbs_xw/ilp32\libg_nano.a(lib_a-strlen.o)
 .comment       0x0000000000000031       0x32 d:/mounriver/mounriver_studio2/resources/app/resources/win32/components/wch/toolchain/risc-v embedded gcc12/bin/../lib/gcc/riscv-wch-elf/12.2.0/../../../../riscv-wch-elf/lib/rv32imac_zba_zbb_zbc_zbs_xw/ilp32\libg_nano.a(lib_a-strncmp.o)
 .comment       0x0000000000000031       0x32 d:/mounriver/mounriver_studio2/resources/app/resources/win32/components/wch/toolchain/risc-v embedded gcc12/bin/../lib/gcc/riscv-wch-elf/12.2.0/../../../../riscv-wch-elf/lib/rv32imac_zba_zbb_zbc_zbs_xw/ilp32\libg_nano.a(lib_a-findfp.o)
 .comment       0x0000000000000031       0x32 d:/mounriver/mounriver_studio2/resources/app/resources/win32/components/wch/toolchain/risc-v embedded gcc12/bin/../lib/gcc/riscv-wch-elf/12.2.0/../../../../riscv-wch-elf/lib/rv32imac_zba_zbb_zbc_zbs_xw/ilp32\libg_nano.a(lib_a-impure.o)
 .comment       0x0000000000000031       0x32 d:/mounriver/mounriver_studio2/resources/app/resources/win32/components/wch/toolchain/risc-v embedded gcc12/bin/../lib/gcc/riscv-wch-elf/12.2.0/../../../../riscv-wch-elf/lib/rv32imac_zba_zbb_zbc_zbs_xw/ilp32\libg_nano.a(lib_a-lock.o)
 .comment       0x0000000000000031       0x32 d:/mounriver/mounriver_studio2/resources/app/resources/win32/components/wch/toolchain/risc-v embedded gcc12/bin/../lib/gcc/riscv-wch-elf/12.2.0/../../../../riscv-wch-elf/lib/rv32imac_zba_zbb_zbc_zbs_xw/ilp32\libg_nano.a(lib_a-nano-freer.o)
 .comment       0x0000000000000031       0x32 d:/mounriver/mounriver_studio2/resources/app/resources/win32/components/wch/toolchain/risc-v embedded gcc12/bin/../lib/gcc/riscv-wch-elf/12.2.0/../../../../riscv-wch-elf/lib/rv32imac_zba_zbb_zbc_zbs_xw/ilp32\libg_nano.a(lib_a-nano-mallocr.o)
 .comment       0x0000000000000031       0x32 d:/mounriver/mounriver_studio2/resources/app/resources/win32/components/wch/toolchain/risc-v embedded gcc12/bin/../lib/gcc/riscv-wch-elf/12.2.0/../../../../riscv-wch-elf/lib/rv32imac_zba_zbb_zbc_zbs_xw/ilp32\libg_nano.a(lib_a-nano-svfscanf.o)
 .comment       0x0000000000000031       0x32 d:/mounriver/mounriver_studio2/resources/app/resources/win32/components/wch/toolchain/risc-v embedded gcc12/bin/../lib/gcc/riscv-wch-elf/12.2.0/../../../../riscv-wch-elf/lib/rv32imac_zba_zbb_zbc_zbs_xw/ilp32\libg_nano.a(lib_a-nano-vfscanf_i.o)
 .comment       0x0000000000000031       0x32 d:/mounriver/mounriver_studio2/resources/app/resources/win32/components/wch/toolchain/risc-v embedded gcc12/bin/../lib/gcc/riscv-wch-elf/12.2.0/../../../../riscv-wch-elf/lib/rv32imac_zba_zbb_zbc_zbs_xw/ilp32\libg_nano.a(lib_a-reent.o)
 .comment       0x0000000000000031       0x32 d:/mounriver/mounriver_studio2/resources/app/resources/win32/components/wch/toolchain/risc-v embedded gcc12/bin/../lib/gcc/riscv-wch-elf/12.2.0/../../../../riscv-wch-elf/lib/rv32imac_zba_zbb_zbc_zbs_xw/ilp32\libg_nano.a(lib_a-sbrkr.o)
 .comment       0x0000000000000031       0x32 d:/mounriver/mounriver_studio2/resources/app/resources/win32/components/wch/toolchain/risc-v embedded gcc12/bin/../lib/gcc/riscv-wch-elf/12.2.0/../../../../riscv-wch-elf/lib/rv32imac_zba_zbb_zbc_zbs_xw/ilp32\libg_nano.a(lib_a-sccl.o)
 .comment       0x0000000000000031       0x32 d:/mounriver/mounriver_studio2/resources/app/resources/win32/components/wch/toolchain/risc-v embedded gcc12/bin/../lib/gcc/riscv-wch-elf/12.2.0/../../../../riscv-wch-elf/lib/rv32imac_zba_zbb_zbc_zbs_xw/ilp32\libg_nano.a(lib_a-strtol.o)
 .comment       0x0000000000000031       0x32 d:/mounriver/mounriver_studio2/resources/app/resources/win32/components/wch/toolchain/risc-v embedded gcc12/bin/../lib/gcc/riscv-wch-elf/12.2.0/../../../../riscv-wch-elf/lib/rv32imac_zba_zbb_zbc_zbs_xw/ilp32\libg_nano.a(lib_a-strtoul.o)
 .comment       0x0000000000000031       0x32 d:/mounriver/mounriver_studio2/resources/app/resources/win32/components/wch/toolchain/risc-v embedded gcc12/bin/../lib/gcc/riscv-wch-elf/12.2.0/../../../../riscv-wch-elf/lib/rv32imac_zba_zbb_zbc_zbs_xw/ilp32\libg_nano.a(lib_a-ungetc.o)
 .comment       0x0000000000000031       0x32 d:/mounriver/mounriver_studio2/resources/app/resources/win32/components/wch/toolchain/risc-v embedded gcc12/bin/../lib/gcc/riscv-wch-elf/12.2.0/../../../../riscv-wch-elf/lib/rv32imac_zba_zbb_zbc_zbs_xw/ilp32\libg_nano.a(lib_a-ctype_.o)
 .comment       0x0000000000000031       0x32 d:/mounriver/mounriver_studio2/resources/app/resources/win32/components/wch/toolchain/risc-v embedded gcc12/bin/../lib/gcc/riscv-wch-elf/12.2.0/../../../../riscv-wch-elf/lib/rv32imac_zba_zbb_zbc_zbs_xw/ilp32\libg_nano.a(lib_a-errno.o)
 .comment       0x0000000000000031       0x32 d:/mounriver/mounriver_studio2/resources/app/resources/win32/components/wch/toolchain/risc-v embedded gcc12/bin/../lib/gcc/riscv-wch-elf/12.2.0/../../../../riscv-wch-elf/lib/rv32imac_zba_zbb_zbc_zbs_xw/ilp32\libg_nano.a(lib_a-memchr.o)
 .comment       0x0000000000000031       0x32 d:/mounriver/mounriver_studio2/resources/app/resources/win32/components/wch/toolchain/risc-v embedded gcc12/bin/../lib/gcc/riscv-wch-elf/12.2.0/../../../../riscv-wch-elf/lib/rv32imac_zba_zbb_zbc_zbs_xw/ilp32\libg_nano.a(lib_a-mlock.o)
 .comment       0x0000000000000031       0x32 d:/mounriver/mounriver_studio2/resources/app/resources/win32/components/wch/toolchain/risc-v embedded gcc12/bin/../lib/gcc/riscv-wch-elf/12.2.0/../../../../riscv-wch-elf/lib/rv32imac_zba_zbb_zbc_zbs_xw/ilp32\libg_nano.a(lib_a-nano-reallocr.o)
 .comment       0x0000000000000031       0x32 d:/mounriver/mounriver_studio2/resources/app/resources/win32/components/wch/toolchain/risc-v embedded gcc12/bin/../lib/gcc/riscv-wch-elf/12.2.0/../../../../riscv-wch-elf/lib/rv32imac_zba_zbb_zbc_zbs_xw/ilp32\libg_nano.a(lib_a-nano-msizer.o)

.riscv.attributes
                0x0000000000000000       0x56
 .riscv.attributes
                0x0000000000000000       0x56 ./User/ch32h417_it.o
 .riscv.attributes
                0x0000000000000056       0x56 ./User/main.o
 .riscv.attributes
                0x00000000000000ac       0x56 ./User/system_ch32h417.o
 .riscv.attributes
                0x0000000000000102       0x54 ./Startup/startup_ch32h417_v5f.o
 .riscv.attributes
                0x0000000000000156       0x56 ./Peripheral/src/ch32h417_dfsdm.o
 .riscv.attributes
                0x00000000000001ac       0x56 ./Peripheral/src/ch32h417_dma.o
 .riscv.attributes
                0x0000000000000202       0x56 ./Peripheral/src/ch32h417_fmc.o
 .riscv.attributes
                0x0000000000000258       0x56 ./Peripheral/src/ch32h417_gpio.o
 .riscv.attributes
                0x00000000000002ae       0x56 ./Peripheral/src/ch32h417_pwr.o
 .riscv.attributes
                0x0000000000000304       0x56 ./Peripheral/src/ch32h417_rcc.o
 .riscv.attributes
                0x000000000000035a       0x56 ./Peripheral/src/ch32h417_usart.o
 .riscv.attributes
                0x00000000000003b0       0x56 ./Common/Debug/debug.o
 .riscv.attributes
                0x0000000000000406       0x56 ./Common/fifo.o
 .riscv.attributes
                0x000000000000045c       0x56 ./Common/pdm_mic.o
 .riscv.attributes
                0x00000000000004b2       0x56 ./Common/sdram.o
 .riscv.attributes
                0x0000000000000508       0x56 ./Common/shell.o
 .riscv.attributes
                0x000000000000055e       0x56 ./Common/shell_func.o
 .riscv.attributes
                0x00000000000005b4       0x56 ./Common/systick.o
 .riscv.attributes
                0x000000000000060a       0x56 ./Common/uart.o
 .riscv.attributes
                0x0000000000000660       0x56 ./Common/xmodem.o
 .riscv.attributes
                0x00000000000006b6       0x56 ./Common/xprintf.o
 .riscv.attributes
                0x000000000000070c       0x56 d:/mounriver/mounriver_studio2/resources/app/resources/win32/components/wch/toolchain/risc-v embedded gcc12/bin/../lib/gcc/riscv-wch-elf/12.2.0/rv32imac_zba_zbb_zbc_zbs_xw/ilp32\libgcc.a(_udivdi3.o)
 .riscv.attributes
                0x0000000000000762       0x56 d:/mounriver/mounriver_studio2/resources/app/resources/win32/components/wch/toolchain/risc-v embedded gcc12/bin/../lib/gcc/riscv-wch-elf/12.2.0/rv32imac_zba_zbb_zbc_zbs_xw/ilp32\libgcc.a(_umoddi3.o)
 .riscv.attributes
                0x00000000000007b8       0x56 d:/mounriver/mounriver_studio2/resources/app/resources/win32/components/wch/toolchain/risc-v embedded gcc12/bin/../lib/gcc/riscv-wch-elf/12.2.0/rv32imac_zba_zbb_zbc_zbs_xw/ilp32\libgcc.a(adddf3.o)
 .riscv.attributes
                0x000000000000080e       0x56 d:/mounriver/mounriver_studio2/resources/app/resources/win32/components/wch/toolchain/risc-v embedded gcc12/bin/../lib/gcc/riscv-wch-elf/12.2.0/rv32imac_zba_zbb_zbc_zbs_xw/ilp32\libgcc.a(divdf3.o)
 .riscv.attributes
                0x0000000000000864       0x56 d:/mounriver/mounriver_studio2/resources/app/resources/win32/components/wch/toolchain/risc-v embedded gcc12/bin/../lib/gcc/riscv-wch-elf/12.2.0/rv32imac_zba_zbb_zbc_zbs_xw/ilp32\libgcc.a(eqdf2.o)
 .riscv.attributes
                0x00000000000008ba       0x56 d:/mounriver/mounriver_studio2/resources/app/resources/win32/components/wch/toolchain/risc-v embedded gcc12/bin/../lib/gcc/riscv-wch-elf/12.2.0/rv32imac_zba_zbb_zbc_zbs_xw/ilp32\libgcc.a(gedf2.o)
 .riscv.attributes
                0x0000000000000910       0x56 d:/mounriver/mounriver_studio2/resources/app/resources/win32/components/wch/toolchain/risc-v embedded gcc12/bin/../lib/gcc/riscv-wch-elf/12.2.0/rv32imac_zba_zbb_zbc_zbs_xw/ilp32\libgcc.a(ledf2.o)
 .riscv.attributes
                0x0000000000000966       0x56 d:/mounriver/mounriver_studio2/resources/app/resources/win32/components/wch/toolchain/risc-v embedded gcc12/bin/../lib/gcc/riscv-wch-elf/12.2.0/rv32imac_zba_zbb_zbc_zbs_xw/ilp32\libgcc.a(muldf3.o)
 .riscv.attributes
                0x00000000000009bc       0x56 d:/mounriver/mounriver_studio2/resources/app/resources/win32/components/wch/toolchain/risc-v embedded gcc12/bin/../lib/gcc/riscv-wch-elf/12.2.0/rv32imac_zba_zbb_zbc_zbs_xw/ilp32\libgcc.a(subdf3.o)
 .riscv.attributes
                0x0000000000000a12       0x56 d:/mounriver/mounriver_studio2/resources/app/resources/win32/components/wch/toolchain/risc-v embedded gcc12/bin/../lib/gcc/riscv-wch-elf/12.2.0/rv32imac_zba_zbb_zbc_zbs_xw/ilp32\libgcc.a(unorddf2.o)
 .riscv.attributes
                0x0000000000000a68       0x56 d:/mounriver/mounriver_studio2/resources/app/resources/win32/components/wch/toolchain/risc-v embedded gcc12/bin/../lib/gcc/riscv-wch-elf/12.2.0/rv32imac_zba_zbb_zbc_zbs_xw/ilp32\libgcc.a(fixdfsi.o)
 .riscv.attributes
                0x0000000000000abe       0x56 d:/mounriver/mounriver_studio2/resources/app/resources/win32/components/wch/toolchain/risc-v embedded gcc12/bin/../lib/gcc/riscv-wch-elf/12.2.0/rv32imac_zba_zbb_zbc_zbs_xw/ilp32\libgcc.a(floatsidf.o)
 .riscv.attributes
                0x0000000000000b14       0x54 d:/mounriver/mounriver_studio2/resources/app/resources/win32/components/wch/toolchain/risc-v embedded gcc12/bin/../lib/gcc/riscv-wch-elf/12.2.0/rv32imac_zba_zbb_zbc_zbs_xw/ilp32\libgcc.a(save-restore.o)
 .riscv.attributes
                0x0000000000000b68       0x56 d:/mounriver/mounriver_studio2/resources/app/resources/win32/components/wch/toolchain/risc-v embedded gcc12/bin/../lib/gcc/riscv-wch-elf/12.2.0/rv32imac_zba_zbb_zbc_zbs_xw/ilp32\libgcc.a(_clz.o)
 .riscv.attributes
                0x0000000000000bbe       0x54 d:/mounriver/mounriver_studio2/resources/app/resources/win32/components/wch/toolchain/risc-v embedded gcc12/bin/../lib/gcc/riscv-wch-elf/12.2.0/../../../../riscv-wch-elf/lib/rv32imac_zba_zbb_zbc_zbs_xw/ilp32\libg_nano.a(lib_a-memcpy-asm.o)
 .riscv.attributes
                0x0000000000000c12       0x54 d:/mounriver/mounriver_studio2/resources/app/resources/win32/components/wch/toolchain/risc-v embedded gcc12/bin/../lib/gcc/riscv-wch-elf/12.2.0/../../../../riscv-wch-elf/lib/rv32imac_zba_zbb_zbc_zbs_xw/ilp32\libg_nano.a(lib_a-memset.o)
 .riscv.attributes